Archive member included to satisfy reference by file (symbol)

/Applications/ArmGNUToolchain/13.2.Rel1/arm-none-eabi/bin/../lib/gcc/arm-none-eabi/13.2.1/../../../../arm-none-eabi/lib/thumb/v7e-m+dp/hard/libm.a(libm_a-sf_exp2.o)
                              build/recorder.no-line-in/app.elf/app/main.o (exp2f)
/Applications/ArmGNUToolchain/13.2.Rel1/arm-none-eabi/bin/../lib/gcc/arm-none-eabi/13.2.1/../../../../arm-none-eabi/lib/thumb/v7e-m+dp/hard/libm.a(libm_a-sf_exp2_data.o)
                              /Applications/ArmGNUToolchain/13.2.Rel1/arm-none-eabi/bin/../lib/gcc/arm-none-eabi/13.2.1/../../../../arm-none-eabi/lib/thumb/v7e-m+dp/hard/libm.a(libm_a-sf_exp2.o) (__exp2f_data)
/Applications/ArmGNUToolchain/13.2.Rel1/arm-none-eabi/bin/../lib/gcc/arm-none-eabi/13.2.1/../../../../arm-none-eabi/lib/thumb/v7e-m+dp/hard/libm.a(libm_a-sinf.o)
                              build/recorder.no-line-in/app.elf/app/main.o (sinf)
/Applications/ArmGNUToolchain/13.2.Rel1/arm-none-eabi/bin/../lib/gcc/arm-none-eabi/13.2.1/../../../../arm-none-eabi/lib/thumb/v7e-m+dp/hard/libm.a(libm_a-cosf.o)
                              build/recorder.no-line-in/app.elf/drivers/analog.o (cosf)
/Applications/ArmGNUToolchain/13.2.Rel1/arm-none-eabi/bin/../lib/gcc/arm-none-eabi/13.2.1/../../../../arm-none-eabi/lib/thumb/v7e-m+dp/hard/libm.a(libm_a-sincosf_data.o)
                              /Applications/ArmGNUToolchain/13.2.Rel1/arm-none-eabi/bin/../lib/gcc/arm-none-eabi/13.2.1/../../../../arm-none-eabi/lib/thumb/v7e-m+dp/hard/libm.a(libm_a-sinf.o) (__inv_pio4)
/Applications/ArmGNUToolchain/13.2.Rel1/arm-none-eabi/bin/../lib/gcc/arm-none-eabi/13.2.1/../../../../arm-none-eabi/lib/thumb/v7e-m+dp/hard/libm.a(libm_a-math_errf.o)
                              /Applications/ArmGNUToolchain/13.2.Rel1/arm-none-eabi/bin/../lib/gcc/arm-none-eabi/13.2.1/../../../../arm-none-eabi/lib/thumb/v7e-m+dp/hard/libm.a(libm_a-sf_exp2.o) (__math_uflowf)
/Applications/ArmGNUToolchain/13.2.Rel1/arm-none-eabi/bin/../lib/gcc/arm-none-eabi/13.2.1/../../../../arm-none-eabi/lib/thumb/v7e-m+dp/hard/libm.a(libm_a-sf_tanh.o)
                              build/recorder.no-line-in/app.elf/app/main.o (tanhf)
/Applications/ArmGNUToolchain/13.2.Rel1/arm-none-eabi/bin/../lib/gcc/arm-none-eabi/13.2.1/../../../../arm-none-eabi/lib/thumb/v7e-m+dp/hard/libm.a(libm_a-sf_expm1.o)
                              /Applications/ArmGNUToolchain/13.2.Rel1/arm-none-eabi/bin/../lib/gcc/arm-none-eabi/13.2.1/../../../../arm-none-eabi/lib/thumb/v7e-m+dp/hard/libm.a(libm_a-sf_tanh.o) (expm1f)
/Applications/ArmGNUToolchain/13.2.Rel1/arm-none-eabi/bin/../lib/gcc/arm-none-eabi/13.2.1/../../../../arm-none-eabi/lib/thumb/v7e-m+dp/hard/libm.a(libm_a-sf_fabs.o)
                              /Applications/ArmGNUToolchain/13.2.Rel1/arm-none-eabi/bin/../lib/gcc/arm-none-eabi/13.2.1/../../../../arm-none-eabi/lib/thumb/v7e-m+dp/hard/libm.a(libm_a-sf_tanh.o) (fabsf)
/Applications/ArmGNUToolchain/13.2.Rel1/arm-none-eabi/bin/../lib/gcc/arm-none-eabi/13.2.1/../../../../arm-none-eabi/lib/thumb/v7e-m+dp/hard/libc_nano.a(libc_a-assert.o)
                              build/recorder.no-line-in/app.elf/drivers/irq.o (__assert_func)
/Applications/ArmGNUToolchain/13.2.Rel1/arm-none-eabi/bin/../lib/gcc/arm-none-eabi/13.2.1/../../../../arm-none-eabi/lib/thumb/v7e-m+dp/hard/libc_nano.a(libc_a-exit.o)
                              /Applications/ArmGNUToolchain/13.2.Rel1/arm-none-eabi/bin/../lib/gcc/arm-none-eabi/13.2.1/../../../../arm-none-eabi/lib/thumb/v7e-m+dp/hard/crt0.o (exit)
/Applications/ArmGNUToolchain/13.2.Rel1/arm-none-eabi/bin/../lib/gcc/arm-none-eabi/13.2.1/../../../../arm-none-eabi/lib/thumb/v7e-m+dp/hard/libc_nano.a(libc_a-clearerr.o)
                              build/recorder.no-line-in/app.elf/drivers/system.o (clearerr)
/Applications/ArmGNUToolchain/13.2.Rel1/arm-none-eabi/bin/../lib/gcc/arm-none-eabi/13.2.1/../../../../arm-none-eabi/lib/thumb/v7e-m+dp/hard/libc_nano.a(libc_a-feof.o)
                              build/recorder.no-line-in/app.elf/drivers/system.o (feof)
/Applications/ArmGNUToolchain/13.2.Rel1/arm-none-eabi/bin/../lib/gcc/arm-none-eabi/13.2.1/../../../../arm-none-eabi/lib/thumb/v7e-m+dp/hard/libc_nano.a(libc_a-ferror.o)
                              build/recorder.no-line-in/app.elf/drivers/system.o (ferror)
/Applications/ArmGNUToolchain/13.2.Rel1/arm-none-eabi/bin/../lib/gcc/arm-none-eabi/13.2.1/../../../../arm-none-eabi/lib/thumb/v7e-m+dp/hard/libc_nano.a(libc_a-findfp.o)
                              /Applications/ArmGNUToolchain/13.2.Rel1/arm-none-eabi/bin/../lib/gcc/arm-none-eabi/13.2.1/../../../../arm-none-eabi/lib/thumb/v7e-m+dp/hard/libc_nano.a(libc_a-exit.o) (__stdio_exit_handler)
/Applications/ArmGNUToolchain/13.2.Rel1/arm-none-eabi/bin/../lib/gcc/arm-none-eabi/13.2.1/../../../../arm-none-eabi/lib/thumb/v7e-m+dp/hard/libc_nano.a(libc_a-fprintf.o)
[...]
Memory Configuration

Name             Origin             Length             Attributes
FLASH            0x08000000         0x00020000         xr
DTCMRAM          0x20000000         0x00020000         xrw
RAM_D1           0x24000000         0x00080000         xrw
RAM_D2           0x30000000         0x00048000         xrw
RAM_D3           0x38000000         0x00010000         xrw
ITCMRAM          0x00000000         0x00010000         xrw
*default*        0x00000000         0xffffffff

Linker script and memory map

LOAD /Applications/ArmGNUToolchain/13.2.Rel1/arm-none-eabi/bin/../lib/gcc/arm-none-eabi/13.2.1/thumb/v7e-m+dp/hard/crti.o
LOAD /Applications/ArmGNUToolchain/13.2.Rel1/arm-none-eabi/bin/../lib/gcc/arm-none-eabi/13.2.1/thumb/v7e-m+dp/hard/crtbegin.o
LOAD /Applications/ArmGNUToolchain/13.2.Rel1/arm-none-eabi/bin/../lib/gcc/arm-none-eabi/13.2.1/../../../../arm-none-eabi/lib/thumb/v7e-m+dp/hard/crt0.o
LOAD build/recorder.no-line-in/app.elf/app/main.o
LOAD build/recorder.no-line-in/app.elf/drivers/adc.o
LOAD build/recorder.no-line-in/app.elf/drivers/analog.o
LOAD build/recorder.no-line-in/app.elf/drivers/dac.o
LOAD build/recorder.no-line-in/app.elf/drivers/flash.o
LOAD build/recorder.no-line-in/app.elf/drivers/irq.o
LOAD build/recorder.no-line-in/app.elf/drivers/serial.o
LOAD build/recorder.no-line-in/app.elf/drivers/system.o
LOAD build/recorder.no-line-in/app.elf/libDaisy/core/startup_stm32h750xx.o
LOAD build/recorder.no-line-in/app.elf/libDaisy/src/sys/system_stm32h7xx.o
LOAD build/recorder.no-line-in/app.elf/libDaisy/Drivers/STM32H7xx_HAL_Driver/Src/stm32h7xx_hal.o
LOAD build/recorder.no-line-in/app.elf/libDaisy/Drivers/STM32H7xx_HAL_Driver/Src/stm32h7xx_hal_pwr.o
LOAD build/recorder.no-line-in/app.elf/libDaisy/Drivers/STM32H7xx_HAL_Driver/Src/stm32h7xx_hal_pwr_ex.o
LOAD build/recorder.no-line-in/app.elf/libDaisy/Drivers/STM32H7xx_HAL_Driver/Src/stm32h7xx_hal_rcc.o
LOAD build/recorder.no-line-in/app.elf/libDaisy/Drivers/STM32H7xx_HAL_Driver/Src/stm32h7xx_hal_rcc_ex.o
LOAD build/recorder.no-line-in/app.elf/libDaisy/Drivers/STM32H7xx_HAL_Driver/Src/stm32h7xx_ll_adc.o
LOAD build/recorder.no-line-in/app.elf/libDaisy/Drivers/STM32H7xx_HAL_Driver/Src/stm32h7xx_ll_crc.o
LOAD build/recorder.no-line-in/app.elf/libDaisy/Drivers/STM32H7xx_HAL_Driver/Src/stm32h7xx_ll_dac.o
LOAD build/recorder.no-line-in/app.elf/libDaisy/Drivers/STM32H7xx_HAL_Driver/Src/stm32h7xx_ll_dma.o
LOAD build/recorder.no-line-in/app.elf/libDaisy/Drivers/STM32H7xx_HAL_Driver/Src/stm32h7xx_ll_gpio.o
LOAD build/recorder.no-line-in/app.elf/libDaisy/Drivers/STM32H7xx_HAL_Driver/Src/stm32h7xx_ll_mdma.o
LOAD build/recorder.no-line-in/app.elf/libDaisy/Drivers/STM32H7xx_HAL_Driver/Src/stm32h7xx_ll_pwr.o
LOAD build/recorder.no-line-in/app.elf/libDaisy/Drivers/STM32H7xx_HAL_Driver/Src/stm32h7xx_ll_rcc.o
LOAD build/recorder.no-line-in/app.elf/libDaisy/Drivers/STM32H7xx_HAL_Driver/Src/stm32h7xx_ll_tim.o
LOAD build/recorder.no-line-in/app.elf/libDaisy/Drivers/STM32H7xx_HAL_Driver/Src/stm32h7xx_ll_usart.o
LOAD /Applications/ArmGNUToolchain/13.2.Rel1/arm-none-eabi/bin/../lib/gcc/arm-none-eabi/13.2.1/../../../../arm-none-eabi/lib/thumb/v7e-m+dp/hard/libnosys.a
LOAD /Applications/ArmGNUToolchain/13.2.Rel1/arm-none-eabi/bin/../lib/gcc/arm-none-eabi/13.2.1/../../../../arm-none-eabi/lib/thumb/v7e-m+dp/hard/libstdc++_nano.a
LOAD /Applications/ArmGNUToolchain/13.2.Rel1/arm-none-eabi/bin/../lib/gcc/arm-none-eabi/13.2.1/../../../../arm-none-eabi/lib/thumb/v7e-m+dp/hard/libm.a
LOAD /Applications/ArmGNUToolchain/13.2.Rel1/arm-none-eabi/bin/../lib/gcc/arm-none-eabi/13.2.1/../../../../arm-none-eabi/lib/thumb/v7e-m+dp/hard/libc_nano.a
START GROUP
LOAD /Applications/ArmGNUToolchain/13.2.Rel1/arm-none-eabi/bin/../lib/gcc/arm-none-eabi/13.2.1/thumb/v7e-m+dp/hard/libgcc.a
LOAD /Applications/ArmGNUToolchain/13.2.Rel1/arm-none-eabi/bin/../lib/gcc/arm-none-eabi/13.2.1/../../../../arm-none-eabi/lib/thumb/v7e-m+dp/hard/libc_nano.a
END GROUP
START GROUP
LOAD /Applications/ArmGNUToolchain/13.2.Rel1/arm-none-eabi/bin/../lib/gcc/arm-none-eabi/13.2.1/thumb/v7e-m+dp/hard/libgcc.a
LOAD /Applications/ArmGNUToolchain/13.2.Rel1/arm-none-eabi/bin/../lib/gcc/arm-none-eabi/13.2.1/../../../../arm-none-eabi/lib/thumb/v7e-m+dp/hard/libc_nano.a
LOAD /Applications/ArmGNUToolchain/13.2.Rel1/arm-none-eabi/bin/../lib/gcc/arm-none-eabi/13.2.1/../../../../arm-none-eabi/lib/thumb/v7e-m+dp/hard/libnosys.a
END GROUP
START GROUP
LOAD /Applications/ArmGNUToolchain/13.2.Rel1/arm-none-eabi/bin/../lib/gcc/arm-none-eabi/13.2.1/thumb/v7e-m+dp/hard/libgcc.a
LOAD /Applications/ArmGNUToolchain/13.2.Rel1/arm-none-eabi/bin/../lib/gcc/arm-none-eabi/13.2.1/../../../../arm-none-eabi/lib/thumb/v7e-m+dp/hard/libc_nano.a
LOAD /Applications/ArmGNUToolchain/13.2.Rel1/arm-none-eabi/bin/../lib/gcc/arm-none-eabi/13.2.1/../../../../arm-none-eabi/lib/thumb/v7e-m+dp/hard/libnosys.a
END GROUP
LOAD /Applications/ArmGNUToolchain/13.2.Rel1/arm-none-eabi/bin/../lib/gcc/arm-none-eabi/13.2.1/thumb/v7e-m+dp/hard/crtend.o
LOAD /Applications/ArmGNUToolchain/13.2.Rel1/arm-none-eabi/bin/../lib/gcc/arm-none-eabi/13.2.1/thumb/v7e-m+dp/hard/crtn.o
                0x20020000                        _estack = 0x20020000

.isr_vector     0x08000000      0x298
                0x08000000                        . = ALIGN (0x4)
 *(.isr_vector)
 .isr_vector    0x08000000      0x298 build/recorder.no-line-in/app.elf/libDaisy/core/startup_stm32h750xx.o
                0x08000000                g_pfnVectors
                0x08000298                        . = ALIGN (0x4)

.text           0x080002a0     0xaa74
                0x080002a0                        . = ALIGN (0x4)
                0x080002a0                        _stext = .
 *(.text)
 .text          0x080002a0       0x10 /Applications/ArmGNUToolchain/13.2.Rel1/arm-none-eabi/bin/../lib/gcc/arm-none-eabi/13.2.1/../../../../arm-none-eabi/lib/thumb/v7e-m+dp/hard/libc_nano.a(libc_a-strlen.o)
                0x080002a0                strlen
 .text          0x080002b0       0xa0 /Applications/ArmGNUToolchain/13.2.Rel1/arm-none-eabi/bin/../lib/gcc/arm-none-eabi/13.2.1/../../../../arm-none-eabi/lib/thumb/v7e-m+dp/hard/libc_nano.a(libc_a-memchr.o)
                0x080002b0                memchr
 .text          0x08000350      0x378 /Applications/ArmGNUToolchain/13.2.Rel1/arm-none-eabi/bin/../lib/gcc/arm-none-eabi/13.2.1/thumb/v7e-m+dp/hard/libgcc.a(_arm_addsubdf3.o)
                0x08000350                __aeabi_drsub
                0x08000358                __subdf3
                0x08000358                __aeabi_dsub
                0x0800035c                __aeabi_dadd
                0x0800035c                __adddf3
                0x080005d4                __aeabi_ui2d
                0x080005d4                __floatunsidf
                0x080005f4                __floatsidf
                0x080005f4                __aeabi_i2d
                0x08000618                __extendsfdf2
                0x08000618                __aeabi_f2d
                0x0800065c                __aeabi_ul2d
                0x0800065c                __floatundidf
                0x0800066c                __aeabi_l2d
                0x0800066c                __floatdidf
 *(.text*)
 .text.deregister_tm_clones
                0x080006c8       0x1c /Applications/ArmGNUToolchain/13.2.Rel1/arm-none-eabi/bin/../lib/gcc/arm-none-eabi/13.2.1/thumb/v7e-m+dp/hard/crtbegin.o
 .text.register_tm_clones
                0x080006e4       0x24 /Applications/ArmGNUToolchain/13.2.Rel1/arm-none-eabi/bin/../lib/gcc/arm-none-eabi/13.2.1/thumb/v7e-m+dp/hard/crtbegin.o
 .text.__do_global_dtors_aux
                0x08000708       0x28 /Applications/ArmGNUToolchain/13.2.Rel1/arm-none-eabi/bin/../lib/gcc/arm-none-eabi/13.2.1/thumb/v7e-m+dp/hard/crtbegin.o
 .text.frame_dummy
                0x08000730       0x24 /Applications/ArmGNUToolchain/13.2.Rel1/arm-none-eabi/bin/../lib/gcc/arm-none-eabi/13.2.1/thumb/v7e-m+dp/hard/crtbegin.o
 .text._ZN8recorder8Switches4InitEv
                0x08000754      0x1e4 build/recorder.no-line-in/app.elf/app/main.o
                0x08000754                recorder::Switches::Init()
 .text._ZN8recorder11SynthEngine7ProcessERA3_fPKbfffbbb
                0x08000938     0x1920 build/recorder.no-line-in/app.elf/app/main.o
                0x08000938                recorder::SynthEngine::Process(float (&) [3], bool const*, float, float, float, bool, bool, bool)
 .text._ZN8recorder7ProcessERKSt5arrayIA3_fLj2EERKS0_IfLj8EE
                0x08002258      0x258 build/recorder.no-line-in/app.elf/app/main.o
                0x08002258                recorder::Process(std::array<float [3], 2u> const&, std::array<float, 8u> const&)
 .text._ZN8recorder10TransitionENS_5StateE
                0x080024b0       0xd0 build/recorder.no-line-in/app.elf/app/main.o
                0x080024b0                recorder::Transition(recorder::State)
 .text._ZN8recorder12StateMachineEb
                0x08002580      0x7f4 build/recorder.no-line-in/app.elf/app/main.o
                0x08002580                recorder::StateMachine(bool)
 .text._ZN8recorder15RecordingEngineINS_12SampleMemoryIDhEEE4InitEv
                0x08002d74      0x1f0 build/recorder.no-line-in/app.elf/app/main.o
                0x08002d74                recorder::RecordingEngine<recorder::SampleMemory<half> >::Init()
 .text._ZN8recorder14PlaybackEngineINS_12SampleMemoryIDhEEE4InitEv
                0x08002f64      0x2c4 build/recorder.no-line-in/app.elf/app/main.o
                0x08002f64                recorder::PlaybackEngine<recorder::SampleMemory<half> >::Init()
 .text._ZN8recorder12SampleMemoryIDhE4InitEv
                0x08003228      0x3b0 build/recorder.no-line-in/app.elf/app/main.o
                0x08003228                recorder::SampleMemory<half>::Init()
 .text.startup.main
                0x080035d8      0xa84 build/recorder.no-line-in/app.elf/app/main.o
                0x080035d8                main
 *fill*         0x0800405c        0x4 
 .text.startup._GLOBAL__sub_I__ZN8recorder7analog_E
                0x08004060      0x10c build/recorder.no-line-in/app.elf/app/main.o
 .text._ZN8recorder3Adc10DMAServiceEv
                0x0800416c      0x350 build/recorder.no-line-in/app.elf/drivers/adc.o
                0x0800416c                recorder::Adc::DMAService()
 .text._ZN8recorder3Adc10DMAHandlerEv
                0x080044bc        0xc build/recorder.no-line-in/app.elf/drivers/adc.o
                0x080044bc                recorder::Adc::DMAHandler()
 .text._ZN8recorder3Adc7InitADCEP11ADC_TypeDef
                0x080044c8       0x8c build/recorder.no-line-in/app.elf/drivers/adc.o
                0x080044c8                recorder::Adc::InitADC(ADC_TypeDef*)
 *fill*         0x08004554        0x4 
 .text._ZN8recorder3Adc17InitAudioSequenceEv
                0x08004558       0xdc build/recorder.no-line-in/app.elf/drivers/adc.o
                0x08004558                recorder::Adc::InitAudioSequence()
 .text._ZN8recorder3Adc15InitPotSequenceEv
                0x08004634      0x1dc build/recorder.no-line-in/app.elf/drivers/adc.o
                0x08004634                recorder::Adc::InitPotSequence()
 .text._ZN8recorder3Adc4InitEPFvRKSt5arrayIA3_fLj2EERKS1_IfLj8EEE
                0x08004810      0x2d0 build/recorder.no-line-in/app.elf/drivers/adc.o
                0x08004810                recorder::Adc::Init(void (*)(std::array<float [3], 2u> const&, std::array<float, 8u> const&))
 .text._ZN8recorder3Adc5StartEv
                0x08004ae0       0x74 build/recorder.no-line-in/app.elf/drivers/adc.o
                0x08004ae0                recorder::Adc::Start()
 .text._ZN8recorder3Adc4StopEv
                0x08004b54       0xb4 build/recorder.no-line-in/app.elf/drivers/adc.o
                0x08004b54                recorder::Adc::Stop()
 .text._ZN8recorder6Analog11AdcCallbackERKSt5arrayIA3_fLj2EERKS1_IfLj8EE
                0x08004c08      0x36c build/recorder.no-line-in/app.elf/drivers/analog.o
                0x08004c08                recorder::Analog::AdcCallback(std::array<float [3], 2u> const&, std::array<float, 8u> const&)
 .text._ZN8recorder6Analog4InitEPFKSt5arrayIA3_fLj1EERKS1_IS2_Lj2EERKS1_IfLj8EEE
                0x08004f74      0x144 build/recorder.no-line-in/app.elf/drivers/analog.o
                0x08004f74                recorder::Analog::Init(std::array<float [3], 1u> const (*)(std::array<float [3], 2u> const&, std::array<float, 8u> const&))
 .text._ZN8recorder6Analog10StartTimerEv
                0x080050b8       0x14 build/recorder.no-line-in/app.elf/drivers/analog.o
                0x080050b8                recorder::Analog::StartTimer()
 .text._ZN8recorder3Dac10DMAHandlerEv
                0x080050cc       0x14 build/recorder.no-line-in/app.elf/drivers/dac.o
                0x080050cc                recorder::Dac::DMAHandler()
 .text._ZN8recorder3Dac5StartEv
                0x080050e0       0x78 build/recorder.no-line-in/app.elf/drivers/dac.o
                0x080050e0                recorder::Dac::Start()
 .text._ZN8recorder3Dac4StopEv
                0x08005158       0x60 build/recorder.no-line-in/app.elf/drivers/dac.o
                0x08005158                recorder::Dac::Stop()
 .text._ZN8recorder3Dac7InitDMAEv
                0x080051b8       0xa4 build/recorder.no-line-in/app.elf/drivers/dac.o
                0x080051b8                recorder::Dac::InitDMA()
 .text._ZN8recorder3Dac4InitEv
                0x0800525c       0xb8 build/recorder.no-line-in/app.elf/drivers/dac.o
                0x0800525c                recorder::Dac::Init()
 .text._ZN8recorder5Flash4InitEv
                0x08005314      0x3b8 build/recorder.no-line-in/app.elf/drivers/flash.o
                0x08005314                recorder::Flash::Init()
 .text._ZN8recorder5Flash8ReadDataEPhmm
                0x080056cc      0x10c build/recorder.no-line-in/app.elf/drivers/flash.o
                0x080056cc                recorder::Flash::ReadData(unsigned char*, unsigned long, unsigned long)
 .text._ZN8recorder3irq4InitEv
                0x080057d8       0x50 build/recorder.no-line-in/app.elf/drivers/irq.o
                0x080057d8                recorder::irq::Init()
 .text._ZN8recorder3irq15RegisterHandlerE9IRQn_TypePFvvE
                0x08005828       0x44 build/recorder.no-line-in/app.elf/drivers/irq.o
                0x08005828                recorder::irq::RegisterHandler(IRQn_Type, void (*)())
 .text._ZN8recorder3irq6EnableE9IRQn_Type
                0x0800586c       0x34 build/recorder.no-line-in/app.elf/drivers/irq.o
                0x0800586c                recorder::irq::Enable(IRQn_Type)
 .text._ZN8recorder3irq11SetPriorityE9IRQn_Typem
                0x080058a0       0x58 build/recorder.no-line-in/app.elf/drivers/irq.o
                0x080058a0                recorder::irq::SetPriority(IRQn_Type, unsigned long)
 .text._ZN8recorder6Serial4InitEm
                0x080058f8      0x150 build/recorder.no-line-in/app.elf/drivers/serial.o
                0x080058f8                recorder::Serial::Init(unsigned long)
 .text._ZN8recorder6Serial14BytesAvailableEv
                0x08005a48        0xc build/recorder.no-line-in/app.elf/drivers/serial.o
                0x08005a48                recorder::Serial::BytesAvailable()
 .text._ZN8recorder6Serial15GetByteBlockingEv
                0x08005a54       0x20 build/recorder.no-line-in/app.elf/drivers/serial.o
                0x08005a54                recorder::Serial::GetByteBlocking()
 .text._ZN8recorder6Serial5WriteEhb
                0x08005a74       0x58 build/recorder.no-line-in/app.elf/drivers/serial.o
                0x08005a74                recorder::Serial::Write(unsigned char, bool)
 .text._ZN8recorder6Serial7FlushTxEb
                0x08005acc       0x38 build/recorder.no-line-in/app.elf/drivers/serial.o
                0x08005acc                recorder::Serial::FlushTx(bool)
 .text._ZN8recorder6Serial16InterruptServiceEv
                0x08005b04       0x94 build/recorder.no-line-in/app.elf/drivers/serial.o
                0x08005b04                recorder::Serial::InterruptService()
 .text._ZN8recorder6Serial16InterruptHandlerEv
                0x08005b98        0xc build/recorder.no-line-in/app.elf/drivers/serial.o
                0x08005b98                recorder::Serial::InterruptHandler()
 .text.NVIC_SystemReset
                0x08005ba4       0x24 build/recorder.no-line-in/app.elf/drivers/system.o
 .text.TickHandler
                0x08005bc8       0x1c build/recorder.no-line-in/app.elf/drivers/system.o
                0x08005bc8                TickHandler
 .text._ZN8recorder6systemL15ConfigureClocksEv
                0x08005be4       0xe0 build/recorder.no-line-in/app.elf/drivers/system.o
 .text.HAL_InitTick
                0x08005cc4        0x4 build/recorder.no-line-in/app.elf/drivers/system.o
                0x08005cc4                HAL_InitTick
 .text._ZN8recorder6system14ReloadWatchdogEv
                0x08005cc8       0x10 build/recorder.no-line-in/app.elf/drivers/system.o
                0x08005cc8                recorder::system::ReloadWatchdog()
 .text._ZN8recorder6system4InitEv
                0x08005cd8      0x3f4 build/recorder.no-line-in/app.elf/drivers/system.o
                0x08005cd8                recorder::system::Init()
 .text._ZN8recorder6system8Delay_msEm
                0x080060cc       0x2c build/recorder.no-line-in/app.elf/drivers/system.o
                0x080060cc                recorder::system::Delay_ms(unsigned long)
 .text._ZN8recorder6system13SerialFlushTxEb
                0x080060f8        0xc build/recorder.no-line-in/app.elf/drivers/system.o
                0x080060f8                recorder::system::SerialFlushTx(bool)
 .text._ZN8recorder6system7StandbyEv
                0x08006104       0xe0 build/recorder.no-line-in/app.elf/drivers/system.o
                0x08006104                recorder::system::Standby()
 .text._ZN8recorder6system19WakeupWasPlayButtonEv
                0x080061e4       0x10 build/recorder.no-line-in/app.elf/drivers/system.o
                0x080061e4                recorder::system::WakeupWasPlayButton()
 .text._ZN8recorder6system5ResetEv
                0x080061f4        0x8 build/recorder.no-line-in/app.elf/drivers/system.o
                0x080061f4                recorder::system::Reset()
 .text.fgets    0x080061fc       0x84 build/recorder.no-line-in/app.elf/drivers/system.o
                0x080061fc                fgets
 .text._read    0x08006280       0x70 build/recorder.no-line-in/app.elf/drivers/system.o
                0x08006280                _read
 .text._write   0x080062f0       0x68 build/recorder.no-line-in/app.elf/drivers/system.o
                0x080062f0                _write
 .text.startup._GLOBAL__sub_I_TickHandler
                0x08006358       0x14 build/recorder.no-line-in/app.elf/drivers/system.o
 .text.Default_Handler
                0x0800636c        0x4 build/recorder.no-line-in/app.elf/libDaisy/core/startup_stm32h750xx.o
                0x0800636c                DMA1_Stream3_IRQHandler
                0x0800636c                HASH_RNG_IRQHandler
                0x0800636c                EXTI2_IRQHandler
                0x0800636c                TIM8_CC_IRQHandler
                0x0800636c                HRTIM1_Master_IRQHandler
                0x0800636c                DebugMon_Handler
                0x0800636c                UART8_IRQHandler
                0x0800636c                SPI4_IRQHandler
                0x0800636c                TIM1_CC_IRQHandler
                0x0800636c                BDMA_Channel6_IRQHandler
                0x0800636c                DMA2_Stream5_IRQHandler
                0x0800636c                HardFault_Handler
                0x0800636c                HRTIM1_FLT_IRQHandler
                0x0800636c                JPEG_IRQHandler
                0x0800636c                DMA1_Stream5_IRQHandler
                0x0800636c                SysTick_Handler
                0x0800636c                BDMA_Channel1_IRQHandler
                0x0800636c                HRTIM1_TIMD_IRQHandler
                0x0800636c                TAMP_STAMP_IRQHandler
                0x0800636c                PendSV_Handler
                0x0800636c                NMI_Handler
                0x0800636c                EXTI3_IRQHandler
                0x0800636c                LPTIM4_IRQHandler
                0x0800636c                TIM8_TRG_COM_TIM14_IRQHandler
                0x0800636c                LPTIM2_IRQHandler
                0x0800636c                DFSDM1_FLT1_IRQHandler
                0x0800636c                DMAMUX2_OVR_IRQHandler
                0x0800636c                TIM8_UP_TIM13_IRQHandler
                0x0800636c                I2C3_ER_IRQHandler
                0x0800636c                DFSDM1_FLT2_IRQHandler
                0x0800636c                MDMA_IRQHandler
                0x0800636c                LPTIM3_IRQHandler
                0x0800636c                HSEM1_IRQHandler
                0x0800636c                EXTI0_IRQHandler
                0x0800636c                I2C2_EV_IRQHandler
                0x0800636c                DMA1_Stream2_IRQHandler
                0x0800636c                FPU_IRQHandler
                0x0800636c                OTG_HS_WKUP_IRQHandler
                0x0800636c                FDCAN1_IT1_IRQHandler
                0x0800636c                UsageFault_Handler
                0x0800636c                LTDC_ER_IRQHandler
                0x0800636c                DMA2_Stream2_IRQHandler
                0x0800636c                HRTIM1_TIME_IRQHandler
                0x0800636c                SPI1_IRQHandler
                0x0800636c                TIM6_DAC_IRQHandler
                0x0800636c                DCMI_IRQHandler
                0x0800636c                HRTIM1_TIMC_IRQHandler
                0x0800636c                DMA2_Stream3_IRQHandler
                0x0800636c                SAI2_IRQHandler
                0x0800636c                DFSDM1_FLT3_IRQHandler
                0x0800636c                USART6_IRQHandler
                0x0800636c                TIM17_IRQHandler
                0x0800636c                USART3_IRQHandler
                0x0800636c                CRYP_IRQHandler
                0x0800636c                BDMA_Channel7_IRQHandler
                0x0800636c                LPTIM5_IRQHandler
                0x0800636c                UART5_IRQHandler
                0x0800636c                ADC3_IRQHandler
                0x0800636c                DMA2_Stream0_IRQHandler
                0x0800636c                TIM4_IRQHandler
                0x0800636c                BDMA_Channel2_IRQHandler
                0x0800636c                QUADSPI_IRQHandler
                0x0800636c                I2C1_EV_IRQHandler
                0x0800636c                DMA1_Stream6_IRQHandler
                0x0800636c                DMAMUX1_OVR_IRQHandler
                0x0800636c                DMA1_Stream1_IRQHandler
                0x0800636c                TIM16_IRQHandler
                0x0800636c                UART4_IRQHandler
                0x0800636c                BDMA_Channel5_IRQHandler
                0x0800636c                TIM3_IRQHandler
                0x0800636c                RCC_IRQHandler
                0x0800636c                TIM8_BRK_TIM12_IRQHandler
                0x0800636c                TIM1_TRG_COM_IRQHandler
                0x0800636c                Default_Handler
                0x0800636c                ECC_IRQHandler
                0x0800636c                CEC_IRQHandler
                0x0800636c                EXTI15_10_IRQHandler
                0x0800636c                BDMA_Channel0_IRQHandler
                0x0800636c                ADC_IRQHandler
                0x0800636c                DMA1_Stream7_IRQHandler
                0x0800636c                HRTIM1_TIMA_IRQHandler
                0x0800636c                SPI5_IRQHandler
                0x0800636c                TIM7_IRQHandler
                0x0800636c                SDMMC1_IRQHandler
                0x0800636c                TIM5_IRQHandler
                0x0800636c                DMA2_Stream7_IRQHandler
                0x0800636c                TIM15_IRQHandler
                0x0800636c                PVD_AVD_IRQHandler
                0x0800636c                I2C3_EV_IRQHandler
                0x0800636c                EXTI9_5_IRQHandler
                0x0800636c                RTC_WKUP_IRQHandler
                0x0800636c                LTDC_IRQHandler
                0x0800636c                SAI3_IRQHandler
                0x0800636c                ETH_WKUP_IRQHandler
                0x0800636c                SPDIF_RX_IRQHandler
                0x0800636c                SPI2_IRQHandler
                0x0800636c                OTG_HS_EP1_IN_IRQHandler
                0x0800636c                MemManage_Handler
                0x0800636c                DMA1_Stream0_IRQHandler
                0x0800636c                SVC_Handler
                0x0800636c                CRS_IRQHandler
                0x0800636c                EXTI4_IRQHandler
                0x0800636c                HRTIM1_TIMB_IRQHandler
                0x0800636c                FDCAN2_IT1_IRQHandler
                0x0800636c                ETH_IRQHandler
                0x0800636c                TIM1_UP_IRQHandler
                0x0800636c                BDMA_Channel4_IRQHandler
                0x0800636c                OTG_HS_EP1_OUT_IRQHandler
                0x0800636c                WWDG_IRQHandler
                0x0800636c                SPI6_IRQHandler
                0x0800636c                I2C4_EV_IRQHandler
                0x0800636c                MDIOS_IRQHandler
                0x0800636c                FDCAN2_IT0_IRQHandler
                0x0800636c                LPUART1_IRQHandler
                0x0800636c                FDCAN1_IT0_IRQHandler
                0x0800636c                TIM2_IRQHandler
                0x0800636c                OTG_FS_WKUP_IRQHandler
                0x0800636c                OTG_HS_IRQHandler
                0x0800636c                DMA2D_IRQHandler
                0x0800636c                TIM1_BRK_IRQHandler
                0x0800636c                EXTI1_IRQHandler
                0x0800636c                SDMMC2_IRQHandler
                0x0800636c                OTG_FS_EP1_OUT_IRQHandler
                0x0800636c                BDMA_Channel3_IRQHandler
                0x0800636c                UART7_IRQHandler
                0x0800636c                MDIOS_WKUP_IRQHandler
                0x0800636c                USART2_IRQHandler
                0x0800636c                DFSDM1_FLT0_IRQHandler
                0x0800636c                SAI4_IRQHandler
                0x0800636c                I2C2_ER_IRQHandler
                0x0800636c                DMA2_Stream1_IRQHandler
                0x0800636c                FLASH_IRQHandler
                0x0800636c                DMA2_Stream4_IRQHandler
                0x0800636c                BusFault_Handler
                0x0800636c                USART1_IRQHandler
                0x0800636c                OTG_FS_IRQHandler
                0x0800636c                SPI3_IRQHandler
                0x0800636c                WAKEUP_PIN_IRQHandler
                0x0800636c                DMA1_Stream4_IRQHandler
                0x0800636c                OTG_FS_EP1_IN_IRQHandler
                0x0800636c                I2C1_ER_IRQHandler
                0x0800636c                FMC_IRQHandler
                0x0800636c                FDCAN_CAL_IRQHandler
                0x0800636c                SWPMI1_IRQHandler
                0x0800636c                COMP1_IRQHandler
                0x0800636c                LPTIM1_IRQHandler
                0x0800636c                I2C4_ER_IRQHandler
                0x0800636c                DMA2_Stream6_IRQHandler
                0x0800636c                SAI1_IRQHandler
                0x0800636c                RTC_Alarm_IRQHandler
 .text.Reset_Handler
                0x08006370       0x44 build/recorder.no-line-in/app.elf/libDaisy/core/startup_stm32h750xx.o
                0x08006370                Reset_Handler
 .text.SystemInit
                0x080063b4       0x80 build/recorder.no-line-in/app.elf/libDaisy/src/sys/system_stm32h7xx.o
                0x080063b4                SystemInit
 .text.HAL_GetTick
                0x08006434        0xc build/recorder.no-line-in/app.elf/libDaisy/Drivers/STM32H7xx_HAL_Driver/Src/stm32h7xx_hal.o
                0x08006434                HAL_GetTick
 .text.HAL_GetREVID
                0x08006440        0xc build/recorder.no-line-in/app.elf/libDaisy/Drivers/STM32H7xx_HAL_Driver/Src/stm32h7xx_hal.o
                0x08006440                HAL_GetREVID
 .text.HAL_DBGMCU_DisableDBGSleepMode
                0x0800644c       0x10 build/recorder.no-line-in/app.elf/libDaisy/Drivers/STM32H7xx_HAL_Driver/Src/stm32h7xx_hal.o
                0x0800644c                HAL_DBGMCU_DisableDBGSleepMode
 .text.HAL_DBGMCU_DisableDBGStopMode
                0x0800645c       0x10 build/recorder.no-line-in/app.elf/libDaisy/Drivers/STM32H7xx_HAL_Driver/Src/stm32h7xx_hal.o
                0x0800645c                HAL_DBGMCU_DisableDBGStopMode
 .text.HAL_DBGMCU_DisableDBGStandbyMode
                0x0800646c       0x10 build/recorder.no-line-in/app.elf/libDaisy/Drivers/STM32H7xx_HAL_Driver/Src/stm32h7xx_hal.o
                0x0800646c                HAL_DBGMCU_DisableDBGStandbyMode
 .text.HAL_PWR_EnterSLEEPMode
                0x0800647c       0x1c build/recorder.no-line-in/app.elf/libDaisy/Drivers/STM32H7xx_HAL_Driver/Src/stm32h7xx_hal_pwr.o
                0x0800647c                HAL_PWR_EnterSLEEPMode
 .text.HAL_PWREx_ConfigSupply
                0x08006498       0x4c build/recorder.no-line-in/app.elf/libDaisy/Drivers/STM32H7xx_HAL_Driver/Src/stm32h7xx_hal_pwr_ex.o
                0x08006498                HAL_PWREx_ConfigSupply
 .text.HAL_RCC_OscConfig
                0x080064e4      0x518 build/recorder.no-line-in/app.elf/libDaisy/Drivers/STM32H7xx_HAL_Driver/Src/stm32h7xx_hal_rcc.o
                0x080064e4                HAL_RCC_OscConfig
 .text.HAL_RCC_GetSysClockFreq
                0x080069fc      0x11c build/recorder.no-line-in/app.elf/libDaisy/Drivers/STM32H7xx_HAL_Driver/Src/stm32h7xx_hal_rcc.o
                0x080069fc                HAL_RCC_GetSysClockFreq
 .text.HAL_RCC_ClockConfig
                0x08006b18      0x238 build/recorder.no-line-in/app.elf/libDaisy/Drivers/STM32H7xx_HAL_Driver/Src/stm32h7xx_hal_rcc.o
                0x08006b18                HAL_RCC_ClockConfig
 .text.RCCEx_PLL2_Config.part.0
                0x08006d50       0xe0 build/recorder.no-line-in/app.elf/libDaisy/Drivers/STM32H7xx_HAL_Driver/Src/stm32h7xx_hal_rcc_ex.o
 .text.RCCEx_PLL3_Config.part.0
                0x08006e30       0xe0 build/recorder.no-line-in/app.elf/libDaisy/Drivers/STM32H7xx_HAL_Driver/Src/stm32h7xx_hal_rcc_ex.o
 .text.HAL_RCCEx_PeriphCLKConfig
                0x08006f10      0xcc4 build/recorder.no-line-in/app.elf/libDaisy/Drivers/STM32H7xx_HAL_Driver/Src/stm32h7xx_hal_rcc_ex.o
                0x08006f10                HAL_RCCEx_PeriphCLKConfig
 .text.LL_ADC_Init
                0x08007bd4       0x34 build/recorder.no-line-in/app.elf/libDaisy/Drivers/STM32H7xx_HAL_Driver/Src/stm32h7xx_ll_adc.o
                0x08007bd4                LL_ADC_Init
 .text.LL_ADC_REG_Init
                0x08007c08       0x50 build/recorder.no-line-in/app.elf/libDaisy/Drivers/STM32H7xx_HAL_Driver/Src/stm32h7xx_ll_adc.o
                0x08007c08                LL_ADC_REG_Init
 .text.LL_DAC_Init
                0x08007c58       0x70 build/recorder.no-line-in/app.elf/libDaisy/Drivers/STM32H7xx_HAL_Driver/Src/stm32h7xx_ll_dac.o
                0x08007c58                LL_DAC_Init
 .text.LL_DMA_Init
                0x08007cc8       0xc4 build/recorder.no-line-in/app.elf/libDaisy/Drivers/STM32H7xx_HAL_Driver/Src/stm32h7xx_ll_dma.o
                0x08007cc8                LL_DMA_Init
 .text.LL_GPIO_Init
                0x08007d8c      0x168 build/recorder.no-line-in/app.elf/libDaisy/Drivers/STM32H7xx_HAL_Driver/Src/stm32h7xx_ll_gpio.o
                0x08007d8c                LL_GPIO_Init
 .text.LL_GPIO_StructInit
                0x08007ef4       0x18 build/recorder.no-line-in/app.elf/libDaisy/Drivers/STM32H7xx_HAL_Driver/Src/stm32h7xx_ll_gpio.o
                0x08007ef4                LL_GPIO_StructInit
 .text.LL_MDMA_Init
                0x08007f0c       0xd8 build/recorder.no-line-in/app.elf/libDaisy/Drivers/STM32H7xx_HAL_Driver/Src/stm32h7xx_ll_mdma.o
                0x08007f0c                LL_MDMA_Init
 .text.LL_RCC_GetPLL1ClockFreq
                0x08007fe4      0x190 build/recorder.no-line-in/app.elf/libDaisy/Drivers/STM32H7xx_HAL_Driver/Src/stm32h7xx_ll_rcc.o
                0x08007fe4                LL_RCC_GetPLL1ClockFreq
 .text.LL_RCC_GetPLL2ClockFreq
                0x08008174      0x190 build/recorder.no-line-in/app.elf/libDaisy/Drivers/STM32H7xx_HAL_Driver/Src/stm32h7xx_ll_rcc.o
                0x08008174                LL_RCC_GetPLL2ClockFreq
 .text.LL_RCC_GetPLL3ClockFreq
                0x08008304      0x1a0 build/recorder.no-line-in/app.elf/libDaisy/Drivers/STM32H7xx_HAL_Driver/Src/stm32h7xx_ll_rcc.o
                0x08008304                LL_RCC_GetPLL3ClockFreq
 .text.LL_RCC_GetUSARTClockFreq
                0x080084a4      0x1e8 build/recorder.no-line-in/app.elf/libDaisy/Drivers/STM32H7xx_HAL_Driver/Src/stm32h7xx_ll_rcc.o
                0x080084a4                LL_RCC_GetUSARTClockFreq
 .text.LL_TIM_Init
                0x0800868c       0xcc build/recorder.no-line-in/app.elf/libDaisy/Drivers/STM32H7xx_HAL_Driver/Src/stm32h7xx_ll_tim.o
                0x0800868c                LL_TIM_Init
 .text.LL_USART_Init
                0x08008758      0x10c build/recorder.no-line-in/app.elf/libDaisy/Drivers/STM32H7xx_HAL_Driver/Src/stm32h7xx_ll_usart.o
                0x08008758                LL_USART_Init
 .text.exp2f    0x08008864       0xd0 /Applications/ArmGNUToolchain/13.2.Rel1/arm-none-eabi/bin/../lib/gcc/arm-none-eabi/13.2.1/../../../../arm-none-eabi/lib/thumb/v7e-m+dp/hard/libm.a(libm_a-sf_exp2.o)
                0x08008864                exp2f
 *fill*         0x08008934        0x4 
 .text.sinf     0x08008938      0x1dc /Applications/ArmGNUToolchain/13.2.Rel1/arm-none-eabi/bin/../lib/gcc/arm-none-eabi/13.2.1/../../../../arm-none-eabi/lib/thumb/v7e-m+dp/hard/libm.a(libm_a-sinf.o)
                0x08008938                sinf
 *fill*         0x08008b14        0x4 
 .text.cosf     0x08008b18      0x1d4 /Applications/ArmGNUToolchain/13.2.Rel1/arm-none-eabi/bin/../lib/gcc/arm-none-eabi/13.2.1/../../../../arm-none-eabi/lib/thumb/v7e-m+dp/hard/libm.a(libm_a-cosf.o)
                0x08008b18                cosf
 .text.with_errnof
                0x08008cec       0x1c /Applications/ArmGNUToolchain/13.2.Rel1/arm-none-eabi/bin/../lib/gcc/arm-none-eabi/13.2.1/../../../../arm-none-eabi/lib/thumb/v7e-m+dp/hard/libm.a(libm_a-math_errf.o)
 .text.xflowf   0x08008d08       0x20 /Applications/ArmGNUToolchain/13.2.Rel1/arm-none-eabi/bin/../lib/gcc/arm-none-eabi/13.2.1/../../../../arm-none-eabi/lib/thumb/v7e-m+dp/hard/libm.a(libm_a-math_errf.o)
 .text.__math_uflowf
                0x08008d28        0xc /Applications/ArmGNUToolchain/13.2.Rel1/arm-none-eabi/bin/../lib/gcc/arm-none-eabi/13.2.1/../../../../arm-none-eabi/lib/thumb/v7e-m+dp/hard/libm.a(libm_a-math_errf.o)
                0x08008d28                __math_uflowf
 .text.__math_may_uflowf
                0x08008d34        0xc /Applications/ArmGNUToolchain/13.2.Rel1/arm-none-eabi/bin/../lib/gcc/arm-none-eabi/13.2.1/../../../../arm-none-eabi/lib/thumb/v7e-m+dp/hard/libm.a(libm_a-math_errf.o)
                0x08008d34                __math_may_uflowf
 .text.__math_oflowf
                0x08008d40        0xc /Applications/ArmGNUToolchain/13.2.Rel1/arm-none-eabi/bin/../lib/gcc/arm-none-eabi/13.2.1/../../../../arm-none-eabi/lib/thumb/v7e-m+dp/hard/libm.a(libm_a-math_errf.o)
                0x08008d40                __math_oflowf
 .text.__math_invalidf
                0x08008d4c       0x20 /Applications/ArmGNUToolchain/13.2.Rel1/arm-none-eabi/bin/../lib/gcc/arm-none-eabi/13.2.1/../../../../arm-none-eabi/lib/thumb/v7e-m+dp/hard/libm.a(libm_a-math_errf.o)
                0x08008d4c                __math_invalidf
 .text.tanhf    0x08008d6c       0xf8 /Applications/ArmGNUToolchain/13.2.Rel1/arm-none-eabi/bin/../lib/gcc/arm-none-eabi/13.2.1/../../../../arm-none-eabi/lib/thumb/v7e-m+dp/hard/libm.a(libm_a-sf_tanh.o)
                0x08008d6c                tanhf
 .text.expm1f   0x08008e64      0x26c /Applications/ArmGNUToolchain/13.2.Rel1/arm-none-eabi/bin/../lib/gcc/arm-none-eabi/13.2.1/../../../../arm-none-eabi/lib/thumb/v7e-m+dp/hard/libm.a(libm_a-sf_expm1.o)
                0x08008e64                expm1f
 .text.fabsf    0x080090d0       0x10 /Applications/ArmGNUToolchain/13.2.Rel1/arm-none-eabi/bin/../lib/gcc/arm-none-eabi/13.2.1/../../../../arm-none-eabi/lib/thumb/v7e-m+dp/hard/libm.a(libm_a-sf_fabs.o)
                0x080090d0                fabsf
 .text.__assert_func
                0x080090e0       0x3c /Applications/ArmGNUToolchain/13.2.Rel1/arm-none-eabi/bin/../lib/gcc/arm-none-eabi/13.2.1/../../../../arm-none-eabi/lib/thumb/v7e-m+dp/hard/libc_nano.a(libc_a-assert.o)
                0x080090e0                __assert_func
 .text.clearerr
                0x0800911c       0x48 /Applications/ArmGNUToolchain/13.2.Rel1/arm-none-eabi/bin/../lib/gcc/arm-none-eabi/13.2.1/../../../../arm-none-eabi/lib/thumb/v7e-m+dp/hard/libc_nano.a(libc_a-clearerr.o)
                0x0800911c                clearerr
 .text.feof     0x08009164       0x48 /Applications/ArmGNUToolchain/13.2.Rel1/arm-none-eabi/bin/../lib/gcc/arm-none-eabi/13.2.1/../../../../arm-none-eabi/lib/thumb/v7e-m+dp/hard/libc_nano.a(libc_a-feof.o)
                0x08009164                feof
 .text.ferror   0x080091ac       0x48 /Applications/ArmGNUToolchain/13.2.Rel1/arm-none-eabi/bin/../lib/gcc/arm-none-eabi/13.2.1/../../../../arm-none-eabi/lib/thumb/v7e-m+dp/hard/libc_nano.a(libc_a-ferror.o)
                0x080091ac                ferror
 .text.std      0x080091f4       0x6c /Applications/ArmGNUToolchain/13.2.Rel1/arm-none-eabi/bin/../lib/gcc/arm-none-eabi/13.2.1/../../../../arm-none-eabi/lib/thumb/v7e-m+dp/hard/libc_nano.a(libc_a-findfp.o)
 .text.stdio_exit_handler
                0x08009260       0x18 /Applications/ArmGNUToolchain/13.2.Rel1/arm-none-eabi/bin/../lib/gcc/arm-none-eabi/13.2.1/../../../../arm-none-eabi/lib/thumb/v7e-m+dp/hard/libc_nano.a(libc_a-findfp.o)
 .text.cleanup_stdio
                0x08009278       0x40 /Applications/ArmGNUToolchain/13.2.Rel1/arm-none-eabi/bin/../lib/gcc/arm-none-eabi/13.2.1/../../../../arm-none-eabi/lib/thumb/v7e-m+dp/hard/libc_nano.a(libc_a-findfp.o)
 .text.global_stdio_init.part.0
                0x080092b8       0x3c /Applications/ArmGNUToolchain/13.2.Rel1/arm-none-eabi/bin/../lib/gcc/arm-none-eabi/13.2.1/../../../../arm-none-eabi/lib/thumb/v7e-m+dp/hard/libc_nano.a(libc_a-findfp.o)
 .text.__sfp_lock_acquire
                0x080092f4        0xc /Applications/ArmGNUToolchain/13.2.Rel1/arm-none-eabi/bin/../lib/gcc/arm-none-eabi/13.2.1/../../../../arm-none-eabi/lib/thumb/v7e-m+dp/hard/libc_nano.a(libc_a-findfp.o)
                0x080092f4                __sfp_lock_acquire
 .text.__sfp_lock_release
                0x08009300        0xc /Applications/ArmGNUToolchain/13.2.Rel1/arm-none-eabi/bin/../lib/gcc/arm-none-eabi/13.2.1/../../../../arm-none-eabi/lib/thumb/v7e-m+dp/hard/libc_nano.a(libc_a-findfp.o)
                0x08009300                __sfp_lock_release
 .text.__sinit  0x0800930c       0x30 /Applications/ArmGNUToolchain/13.2.Rel1/arm-none-eabi/bin/../lib/gcc/arm-none-eabi/13.2.1/../../../../arm-none-eabi/lib/thumb/v7e-m+dp/hard/libc_nano.a(libc_a-findfp.o)
                0x0800930c                __sinit
 .text.fprintf  0x0800933c       0x24 /Applications/ArmGNUToolchain/13.2.Rel1/arm-none-eabi/bin/../lib/gcc/arm-none-eabi/13.2.1/../../../../arm-none-eabi/lib/thumb/v7e-m+dp/hard/libc_nano.a(libc_a-fprintf.o)
                0x0800933c                fprintf
                0x0800933c                fiprintf
 .text._fwalk_sglue
                0x08009360       0x3c /Applications/ArmGNUToolchain/13.2.Rel1/arm-none-eabi/bin/../lib/gcc/arm-none-eabi/13.2.1/../../../../arm-none-eabi/lib/thumb/v7e-m+dp/hard/libc_nano.a(libc_a-fwalk.o)
                0x08009360                _fwalk_sglue
 .text.getc     0x0800939c       0x60 /Applications/ArmGNUToolchain/13.2.Rel1/arm-none-eabi/bin/../lib/gcc/arm-none-eabi/13.2.1/../../../../arm-none-eabi/lib/thumb/v7e-m+dp/hard/libc_nano.a(libc_a-getc.o)
                0x0800939c                getc
 .text.printf   0x080093fc       0x24 /Applications/ArmGNUToolchain/13.2.Rel1/arm-none-eabi/bin/../lib/gcc/arm-none-eabi/13.2.1/../../../../arm-none-eabi/lib/thumb/v7e-m+dp/hard/libc_nano.a(libc_a-printf.o)
                0x080093fc                printf
                0x080093fc                iprintf
 .text._puts_r  0x08009420       0xaa /Applications/ArmGNUToolchain/13.2.Rel1/arm-none-eabi/bin/../lib/gcc/arm-none-eabi/13.2.1/../../../../arm-none-eabi/lib/thumb/v7e-m+dp/hard/libc_nano.a(libc_a-puts.o)
                0x08009420                _puts_r
 *fill*         0x080094ca        0x2 
 .text.puts     0x080094cc       0x10 /Applications/ArmGNUToolchain/13.2.Rel1/arm-none-eabi/bin/../lib/gcc/arm-none-eabi/13.2.1/../../../../arm-none-eabi/lib/thumb/v7e-m+dp/hard/libc_nano.a(libc_a-puts.o)
                0x080094cc                puts
 .text.__srget_r
                0x080094dc       0x30 /Applications/ArmGNUToolchain/13.2.Rel1/arm-none-eabi/bin/../lib/gcc/arm-none-eabi/13.2.1/../../../../arm-none-eabi/lib/thumb/v7e-m+dp/hard/libc_nano.a(libc_a-rget.o)
                0x080094dc                __srget_r
 .text.strncpy  0x0800950c       0x26 /Applications/ArmGNUToolchain/13.2.Rel1/arm-none-eabi/bin/../lib/gcc/arm-none-eabi/13.2.1/../../../../arm-none-eabi/lib/thumb/v7e-m+dp/hard/libc_nano.a(libc_a-strncpy.o)
                0x0800950c                strncpy
 .text.memset   0x08009532       0x10 /Applications/ArmGNUToolchain/13.2.Rel1/arm-none-eabi/bin/../lib/gcc/arm-none-eabi/13.2.1/../../../../arm-none-eabi/lib/thumb/v7e-m+dp/hard/libc_nano.a(libc_a-memset.o)
                0x08009532                memset
 *fill*         0x08009542        0x2 
 .text.__errno  0x08009544        0xc /Applications/ArmGNUToolchain/13.2.Rel1/arm-none-eabi/bin/../lib/gcc/arm-none-eabi/13.2.1/../../../../arm-none-eabi/lib/thumb/v7e-m+dp/hard/libc_nano.a(libc_a-errno.o)
                0x08009544                __errno
 .text.__libc_init_array
                0x08009550       0x48 /Applications/ArmGNUToolchain/13.2.Rel1/arm-none-eabi/bin/../lib/gcc/arm-none-eabi/13.2.1/../../../../arm-none-eabi/lib/thumb/v7e-m+dp/hard/libc_nano.a(libc_a-init.o)
                0x08009550                __libc_init_array
 .text.__retarget_lock_init_recursive
                0x08009598        0x2 /Applications/ArmGNUToolchain/13.2.Rel1/arm-none-eabi/bin/../lib/gcc/arm-none-eabi/13.2.1/../../../../arm-none-eabi/lib/thumb/v7e-m+dp/hard/libc_nano.a(libc_a-lock.o)
                0x08009598                __retarget_lock_init_recursive
 .text.__retarget_lock_acquire_recursive
                0x0800959a        0x2 /Applications/ArmGNUToolchain/13.2.Rel1/arm-none-eabi/bin/../lib/gcc/arm-none-eabi/13.2.1/../../../../arm-none-eabi/lib/thumb/v7e-m+dp/hard/libc_nano.a(libc_a-lock.o)
                0x0800959a                __retarget_lock_acquire_recursive
 .text.__retarget_lock_release_recursive
                0x0800959c        0x2 /Applications/ArmGNUToolchain/13.2.Rel1/arm-none-eabi/bin/../lib/gcc/arm-none-eabi/13.2.1/../../../../arm-none-eabi/lib/thumb/v7e-m+dp/hard/libc_nano.a(libc_a-lock.o)
                0x0800959c                __retarget_lock_release_recursive
 .text.memcpy   0x0800959e       0x1c /Applications/ArmGNUToolchain/13.2.Rel1/arm-none-eabi/bin/../lib/gcc/arm-none-eabi/13.2.1/../../../../arm-none-eabi/lib/thumb/v7e-m+dp/hard/libc_nano.a(libc_a-memcpy-stub.o)
                0x0800959e                memcpy
 .text.abort    0x080095ba        0xe /Applications/ArmGNUToolchain/13.2.Rel1/arm-none-eabi/bin/../lib/gcc/arm-none-eabi/13.2.1/../../../../arm-none-eabi/lib/thumb/v7e-m+dp/hard/libc_nano.a(libc_a-abort.o)
                0x080095ba                abort
 .text.__sfputc_r
                0x080095c8       0x2e /Applications/ArmGNUToolchain/13.2.Rel1/arm-none-eabi/bin/../lib/gcc/arm-none-eabi/13.2.1/../../../../arm-none-eabi/lib/thumb/v7e-m+dp/hard/libc_nano.a(libc_a-nano-vfprintf.o)
 .text.__sfputs_r
                0x080095f6       0x24 /Applications/ArmGNUToolchain/13.2.Rel1/arm-none-eabi/bin/../lib/gcc/arm-none-eabi/13.2.1/../../../../arm-none-eabi/lib/thumb/v7e-m+dp/hard/libc_nano.a(libc_a-nano-vfprintf.o)
                0x080095f6                __sfputs_r
 *fill*         0x0800961a        0x2 
 .text._vfprintf_r
                0x0800961c      0x230 /Applications/ArmGNUToolchain/13.2.Rel1/arm-none-eabi/bin/../lib/gcc/arm-none-eabi/13.2.1/../../../../arm-none-eabi/lib/thumb/v7e-m+dp/hard/libc_nano.a(libc_a-nano-vfprintf.o)
                0x0800961c                _vfiprintf_r
                0x0800961c                _vfprintf_r
 .text.sbrk_aligned
                0x0800984c       0x44 /Applications/ArmGNUToolchain/13.2.Rel1/arm-none-eabi/bin/../lib/gcc/arm-none-eabi/13.2.1/../../../../arm-none-eabi/lib/thumb/v7e-m+dp/hard/libc_nano.a(libc_a-mallocr.o)
 .text._malloc_r
                0x08009890      0x100 /Applications/ArmGNUToolchain/13.2.Rel1/arm-none-eabi/bin/../lib/gcc/arm-none-eabi/13.2.1/../../../../arm-none-eabi/lib/thumb/v7e-m+dp/hard/libc_nano.a(libc_a-mallocr.o)
                0x08009890                _malloc_r
 .text._printf_common
                0x08009990       0xda /Applications/ArmGNUToolchain/13.2.Rel1/arm-none-eabi/bin/../lib/gcc/arm-none-eabi/13.2.1/../../../../arm-none-eabi/lib/thumb/v7e-m+dp/hard/libc_nano.a(libc_a-nano-vfprintf_i.o)
                0x08009990                _printf_common
 *fill*         0x08009a6a        0x2 
 .text._printf_i
                0x08009a6c      0x23c /Applications/ArmGNUToolchain/13.2.Rel1/arm-none-eabi/bin/../lib/gcc/arm-none-eabi/13.2.1/../../../../arm-none-eabi/lib/thumb/v7e-m+dp/hard/libc_nano.a(libc_a-nano-vfprintf_i.o)
                0x08009a6c                _printf_i
 .text.__sflush_r
                0x08009ca8      0x108 /Applications/ArmGNUToolchain/13.2.Rel1/arm-none-eabi/bin/../lib/gcc/arm-none-eabi/13.2.1/../../../../arm-none-eabi/lib/thumb/v7e-m+dp/hard/libc_nano.a(libc_a-fflush.o)
                0x08009ca8                __sflush_r
 .text._fflush_r
                0x08009db0       0x50 /Applications/ArmGNUToolchain/13.2.Rel1/arm-none-eabi/bin/../lib/gcc/arm-none-eabi/13.2.1/../../../../arm-none-eabi/lib/thumb/v7e-m+dp/hard/libc_nano.a(libc_a-fflush.o)
                0x08009db0                _fflush_r
 .text.__malloc_lock
                0x08009e00        0xc /Applications/ArmGNUToolchain/13.2.Rel1/arm-none-eabi/bin/../lib/gcc/arm-none-eabi/13.2.1/../../../../arm-none-eabi/lib/thumb/v7e-m+dp/hard/libc_nano.a(libc_a-mlock.o)
                0x08009e00                __malloc_lock
 .text.__malloc_unlock
                0x08009e0c        0xc /Applications/ArmGNUToolchain/13.2.Rel1/arm-none-eabi/bin/../lib/gcc/arm-none-eabi/13.2.1/../../../../arm-none-eabi/lib/thumb/v7e-m+dp/hard/libc_nano.a(libc_a-mlock.o)
                0x08009e0c                __malloc_unlock
 .text.__sread  0x08009e18       0x22 /Applications/ArmGNUToolchain/13.2.Rel1/arm-none-eabi/bin/../lib/gcc/arm-none-eabi/13.2.1/../../../../arm-none-eabi/lib/thumb/v7e-m+dp/hard/libc_nano.a(libc_a-stdio.o)
                0x08009e18                __sread
 .text.__swrite
                0x08009e3a       0x38 /Applications/ArmGNUToolchain/13.2.Rel1/arm-none-eabi/bin/../lib/gcc/arm-none-eabi/13.2.1/../../../../arm-none-eabi/lib/thumb/v7e-m+dp/hard/libc_nano.a(libc_a-stdio.o)
                0x08009e3a                __swrite
 .text.__sseek  0x08009e72       0x24 /Applications/ArmGNUToolchain/13.2.Rel1/arm-none-eabi/bin/../lib/gcc/arm-none-eabi/13.2.1/../../../../arm-none-eabi/lib/thumb/v7e-m+dp/hard/libc_nano.a(libc_a-stdio.o)
                0x08009e72                __sseek
 .text.__sclose
                0x08009e96        0x8 /Applications/ArmGNUToolchain/13.2.Rel1/arm-none-eabi/bin/../lib/gcc/arm-none-eabi/13.2.1/../../../../arm-none-eabi/lib/thumb/v7e-m+dp/hard/libc_nano.a(libc_a-stdio.o)
                0x08009e96                __sclose
 .text.__swbuf_r
                0x08009e9e       0x7c /Applications/ArmGNUToolchain/13.2.Rel1/arm-none-eabi/bin/../lib/gcc/arm-none-eabi/13.2.1/../../../../arm-none-eabi/lib/thumb/v7e-m+dp/hard/libc_nano.a(libc_a-wbuf.o)
                0x08009e9e                __swbuf_r
 *fill*         0x08009f1a        0x2 
 .text.__swsetup_r
                0x08009f1c       0xac /Applications/ArmGNUToolchain/13.2.Rel1/arm-none-eabi/bin/../lib/gcc/arm-none-eabi/13.2.1/../../../../arm-none-eabi/lib/thumb/v7e-m+dp/hard/libc_nano.a(libc_a-wsetup.o)
                0x08009f1c                __swsetup_r
 .text.__swhatbuf_r
                0x08009fc8       0x4c /Applications/ArmGNUToolchain/13.2.Rel1/arm-none-eabi/bin/../lib/gcc/arm-none-eabi/13.2.1/../../../../arm-none-eabi/lib/thumb/v7e-m+dp/hard/libc_nano.a(libc_a-makebuf.o)
                0x08009fc8                __swhatbuf_r
 .text.__smakebuf_r
                0x0800a014       0x78 /Applications/ArmGNUToolchain/13.2.Rel1/arm-none-eabi/bin/../lib/gcc/arm-none-eabi/13.2.1/../../../../arm-none-eabi/lib/thumb/v7e-m+dp/hard/libc_nano.a(libc_a-makebuf.o)
                0x0800a014                __smakebuf_r
 .text.lflush   0x0800a08c       0x1c /Applications/ArmGNUToolchain/13.2.Rel1/arm-none-eabi/bin/../lib/gcc/arm-none-eabi/13.2.1/../../../../arm-none-eabi/lib/thumb/v7e-m+dp/hard/libc_nano.a(libc_a-refill.o)
 .text.__srefill_r
                0x0800a0a8       0xe8 /Applications/ArmGNUToolchain/13.2.Rel1/arm-none-eabi/bin/../lib/gcc/arm-none-eabi/13.2.1/../../../../arm-none-eabi/lib/thumb/v7e-m+dp/hard/libc_nano.a(libc_a-refill.o)
                0x0800a0a8                __srefill_r
 .text._close_r
                0x0800a190       0x20 /Applications/ArmGNUToolchain/13.2.Rel1/arm-none-eabi/bin/../lib/gcc/arm-none-eabi/13.2.1/../../../../arm-none-eabi/lib/thumb/v7e-m+dp/hard/libc_nano.a(libc_a-closer.o)
                0x0800a190                _close_r
 .text._fstat_r
                0x0800a1b0       0x24 /Applications/ArmGNUToolchain/13.2.Rel1/arm-none-eabi/bin/../lib/gcc/arm-none-eabi/13.2.1/../../../../arm-none-eabi/lib/thumb/v7e-m+dp/hard/libc_nano.a(libc_a-fstatr.o)
                0x0800a1b0                _fstat_r
 .text._isatty_r
                0x0800a1d4       0x20 /Applications/ArmGNUToolchain/13.2.Rel1/arm-none-eabi/bin/../lib/gcc/arm-none-eabi/13.2.1/../../../../arm-none-eabi/lib/thumb/v7e-m+dp/hard/libc_nano.a(libc_a-isattyr.o)
                0x0800a1d4                _isatty_r
 .text._lseek_r
                0x0800a1f4       0x24 /Applications/ArmGNUToolchain/13.2.Rel1/arm-none-eabi/bin/../lib/gcc/arm-none-eabi/13.2.1/../../../../arm-none-eabi/lib/thumb/v7e-m+dp/hard/libc_nano.a(libc_a-lseekr.o)
                0x0800a1f4                _lseek_r
 .text._raise_r
                0x0800a218       0x50 /Applications/ArmGNUToolchain/13.2.Rel1/arm-none-eabi/bin/../lib/gcc/arm-none-eabi/13.2.1/../../../../arm-none-eabi/lib/thumb/v7e-m+dp/hard/libc_nano.a(libc_a-signal.o)
                0x0800a218                _raise_r
 .text.raise    0x0800a268       0x10 /Applications/ArmGNUToolchain/13.2.Rel1/arm-none-eabi/bin/../lib/gcc/arm-none-eabi/13.2.1/../../../../arm-none-eabi/lib/thumb/v7e-m+dp/hard/libc_nano.a(libc_a-signal.o)
                0x0800a268                raise
 .text._read_r  0x0800a278       0x24 /Applications/ArmGNUToolchain/13.2.Rel1/arm-none-eabi/bin/../lib/gcc/arm-none-eabi/13.2.1/../../../../arm-none-eabi/lib/thumb/v7e-m+dp/hard/libc_nano.a(libc_a-readr.o)
                0x0800a278                _read_r
 .text._kill_r  0x0800a29c       0x24 /Applications/ArmGNUToolchain/13.2.Rel1/arm-none-eabi/bin/../lib/gcc/arm-none-eabi/13.2.1/../../../../arm-none-eabi/lib/thumb/v7e-m+dp/hard/libc_nano.a(libc_a-signalr.o)
                0x0800a29c                _kill_r
 .text._getpid_r
                0x0800a2c0        0x4 /Applications/ArmGNUToolchain/13.2.Rel1/arm-none-eabi/bin/../lib/gcc/arm-none-eabi/13.2.1/../../../../arm-none-eabi/lib/thumb/v7e-m+dp/hard/libc_nano.a(libc_a-signalr.o)
                0x0800a2c0                _getpid_r
 .text._sbrk_r  0x0800a2c4       0x20 /Applications/ArmGNUToolchain/13.2.Rel1/arm-none-eabi/bin/../lib/gcc/arm-none-eabi/13.2.1/../../../../arm-none-eabi/lib/thumb/v7e-m+dp/hard/libc_nano.a(libc_a-sbrkr.o)
                0x0800a2c4                _sbrk_r
 .text._write_r
                0x0800a2e4       0x24 /Applications/ArmGNUToolchain/13.2.Rel1/arm-none-eabi/bin/../lib/gcc/arm-none-eabi/13.2.1/../../../../arm-none-eabi/lib/thumb/v7e-m+dp/hard/libc_nano.a(libc_a-writer.o)
                0x0800a2e4                _write_r
 .text._free_r  0x0800a308       0x94 /Applications/ArmGNUToolchain/13.2.Rel1/arm-none-eabi/bin/../lib/gcc/arm-none-eabi/13.2.1/../../../../arm-none-eabi/lib/thumb/v7e-m+dp/hard/libc_nano.a(libc_a-freer.o)
                0x0800a308                _free_r
 .text._close   0x0800a39c       0x10 /Applications/ArmGNUToolchain/13.2.Rel1/arm-none-eabi/bin/../lib/gcc/arm-none-eabi/13.2.1/../../../../arm-none-eabi/lib/thumb/v7e-m+dp/hard/libnosys.a(close.o)
                0x0800a39c                _close
 .text._fstat   0x0800a3ac       0x10 /Applications/ArmGNUToolchain/13.2.Rel1/arm-none-eabi/bin/../lib/gcc/arm-none-eabi/13.2.1/../../../../arm-none-eabi/lib/thumb/v7e-m+dp/hard/libnosys.a(fstat.o)
                0x0800a3ac                _fstat
 .text._getpid  0x0800a3bc       0x10 /Applications/ArmGNUToolchain/13.2.Rel1/arm-none-eabi/bin/../lib/gcc/arm-none-eabi/13.2.1/../../../../arm-none-eabi/lib/thumb/v7e-m+dp/hard/libnosys.a(getpid.o)
                0x0800a3bc                _getpid
 .text._isatty  0x0800a3cc       0x10 /Applications/ArmGNUToolchain/13.2.Rel1/arm-none-eabi/bin/../lib/gcc/arm-none-eabi/13.2.1/../../../../arm-none-eabi/lib/thumb/v7e-m+dp/hard/libnosys.a(isatty.o)
                0x0800a3cc                _isatty
 .text._kill    0x0800a3dc       0x10 /Applications/ArmGNUToolchain/13.2.Rel1/arm-none-eabi/bin/../lib/gcc/arm-none-eabi/13.2.1/../../../../arm-none-eabi/lib/thumb/v7e-m+dp/hard/libnosys.a(kill.o)
                0x0800a3dc                _kill
 .text._lseek   0x0800a3ec       0x10 /Applications/ArmGNUToolchain/13.2.Rel1/arm-none-eabi/bin/../lib/gcc/arm-none-eabi/13.2.1/../../../../arm-none-eabi/lib/thumb/v7e-m+dp/hard/libnosys.a(lseek.o)
                0x0800a3ec                _lseek
 .text._sbrk    0x0800a3fc       0x1c /Applications/ArmGNUToolchain/13.2.Rel1/arm-none-eabi/bin/../lib/gcc/arm-none-eabi/13.2.1/../../../../arm-none-eabi/lib/thumb/v7e-m+dp/hard/libnosys.a(sbrk.o)
                0x0800a3fc                _sbrk
 .text._exit    0x0800a418        0x4 /Applications/ArmGNUToolchain/13.2.Rel1/arm-none-eabi/bin/../lib/gcc/arm-none-eabi/13.2.1/../../../../arm-none-eabi/lib/thumb/v7e-m+dp/hard/libnosys.a(_exit.o)
                0x0800a418                _exit
 *(.rodata)
 .rodata        0x0800a41c       0x18 build/recorder.no-line-in/app.elf/drivers/dac.o
 .rodata        0x0800a434       0x80 build/recorder.no-line-in/app.elf/drivers/flash.o
 .rodata        0x0800a4b4       0x20 build/recorder.no-line-in/app.elf/drivers/system.o
 *(.rodata*)
 .rodata._ZN8recorder10TransitionENS_5StateE.str1.4
                0x0800a4d4      0x285 build/recorder.no-line-in/app.elf/app/main.o
                                 0x73 (size before relaxing)
 .rodata._ZN8recorder12SampleMemoryIDhE4InitEv.str1.4
                0x0800a759       0xb0 build/recorder.no-line-in/app.elf/app/main.o
 .rodata.main.str1.4
                0x0800a759        0xd build/recorder.no-line-in/app.elf/app/main.o
 *fill*         0x0800a759        0x3 
 .rodata._ZN8recorder12JingleEngine14ending_jingle_E
                0x0800a75c       0x10 build/recorder.no-line-in/app.elf/app/main.o
                0x0800a75c                recorder::JingleEngine::ending_jingle_
 .rodata._ZN8recorder12JingleEngine15startup_jingle_E
                0x0800a76c       0x10 build/recorder.no-line-in/app.elf/app/main.o
                0x0800a76c                recorder::JingleEngine::startup_jingle_
 .rodata._ZN8recorder11SynthEngine24minor_scale_chord_types_E
                0x0800a77c       0x20 build/recorder.no-line-in/app.elf/app/main.o
                0x0800a77c                recorder::SynthEngine::minor_scale_chord_types_
 .rodata._ZN8recorder11SynthEngine24major_scale_chord_types_E
                0x0800a79c       0x20 build/recorder.no-line-in/app.elf/app/main.o
                0x0800a79c                recorder::SynthEngine::major_scale_chord_types_
 .rodata._ZN8recorder11SynthEngine29diminished_chord_multipliers_E
                0x0800a7bc       0x10 build/recorder.no-line-in/app.elf/app/main.o
                0x0800a7bc                recorder::SynthEngine::diminished_chord_multipliers_
 .rodata._ZN8recorder11SynthEngine24minor_chord_multipliers_E
                0x0800a7cc       0x10 build/recorder.no-line-in/app.elf/app/main.o
                0x0800a7cc                recorder::SynthEngine::minor_chord_multipliers_
 .rodata._ZN8recorder11SynthEngine24major_chord_multipliers_E
                0x0800a7dc       0x10 build/recorder.no-line-in/app.elf/app/main.o
                0x0800a7dc                recorder::SynthEngine::major_chord_multipliers_
 .rodata._ZN8recorder11SynthEngine24minor_scale_multipliers_E
                0x0800a7ec       0x20 build/recorder.no-line-in/app.elf/app/main.o
                0x0800a7ec                recorder::SynthEngine::minor_scale_multipliers_
 .rodata._ZN8recorder11SynthEngine24major_scale_multipliers_E
                0x0800a80c       0x20 build/recorder.no-line-in/app.elf/app/main.o
                0x0800a80c                recorder::SynthEngine::major_scale_multipliers_
 .rodata._ZN8recorder11SynthEngine22chromatic_frequencies_E
                0x0800a82c       0x34 build/recorder.no-line-in/app.elf/app/main.o
                0x0800a82c                recorder::SynthEngine::chromatic_frequencies_
 .rodata._ZN8recorder11SynthEngine18kAttenuationLevelsE
                0x0800a860       0x14 build/recorder.no-line-in/app.elf/app/main.o
                0x0800a860                recorder::SynthEngine::kAttenuationLevels
 .rodata._ZN8recorder3Adc9PotFilter14kPotCorrectionE
                0x0800a874      0x104 build/recorder.no-line-in/app.elf/drivers/adc.o
                0x0800a874                recorder::Adc::PotFilter::kPotCorrection
 .rodata._ZN8recorder3irq15RegisterHandlerE9IRQn_TypePFvvE.str1.4
                0x0800a978       0x80 build/recorder.no-line-in/app.elf/drivers/irq.o
 .rodata._ZN8recorder3irq6EnableE9IRQn_Type.str1.4
                0x0800a978       0x32 build/recorder.no-line-in/app.elf/drivers/irq.o
 .rodata._ZN8recorder6system4InitEv.str1.4
                0x0800a978       0x9d build/recorder.no-line-in/app.elf/drivers/system.o
 .rodata.D1CorePrescTable
                0x0800a978       0x10 build/recorder.no-line-in/app.elf/libDaisy/src/sys/system_stm32h7xx.o
                0x0800a978                D1CorePrescTable
 .rodata.LL_DMA_STR_OFFSET_TAB
                0x0800a988        0x8 build/recorder.no-line-in/app.elf/libDaisy/Drivers/STM32H7xx_HAL_Driver/Src/stm32h7xx_ll_dma.o
 .rodata.LL_MDMA_CH_OFFSET_TAB
                0x0800a990       0x40 build/recorder.no-line-in/app.elf/libDaisy/Drivers/STM32H7xx_HAL_Driver/Src/stm32h7xx_ll_mdma.o
 .rodata.LL_RCC_PrescTable
                0x0800a9d0       0x10 build/recorder.no-line-in/app.elf/libDaisy/Drivers/STM32H7xx_HAL_Driver/Src/stm32h7xx_ll_rcc.o
                0x0800a9d0                LL_RCC_PrescTable
 .rodata.USART_PRESCALER_TAB
                0x0800a9e0       0x18 build/recorder.no-line-in/app.elf/libDaisy/Drivers/STM32H7xx_HAL_Driver/Src/stm32h7xx_ll_usart.o
 .rodata.__exp2f_data
                0x0800a9f8      0x148 /Applications/ArmGNUToolchain/13.2.Rel1/arm-none-eabi/bin/../lib/gcc/arm-none-eabi/13.2.1/../../../../arm-none-eabi/lib/thumb/v7e-m+dp/hard/libm.a(libm_a-sf_exp2_data.o)
                0x0800a9f8                __exp2f_data
 .rodata.__inv_pio4
                0x0800ab40       0x60 /Applications/ArmGNUToolchain/13.2.Rel1/arm-none-eabi/bin/../lib/gcc/arm-none-eabi/13.2.1/../../../../arm-none-eabi/lib/thumb/v7e-m+dp/hard/libm.a(libm_a-sincosf_data.o)
                0x0800ab40                __inv_pio4
 .rodata.__sincosf_table
                0x0800aba0       0xe0 /Applications/ArmGNUToolchain/13.2.Rel1/arm-none-eabi/bin/../lib/gcc/arm-none-eabi/13.2.1/../../../../arm-none-eabi/lib/thumb/v7e-m+dp/hard/libm.a(libm_a-sincosf_data.o)
                0x0800aba0                __sincosf_table
 .rodata.tiny   0x0800ac80        0x4 /Applications/ArmGNUToolchain/13.2.Rel1/arm-none-eabi/bin/../lib/gcc/arm-none-eabi/13.2.1/../../../../arm-none-eabi/lib/thumb/v7e-m+dp/hard/libm.a(libm_a-sf_tanh.o)
 .rodata.two    0x0800ac84        0x4 /Applications/ArmGNUToolchain/13.2.Rel1/arm-none-eabi/bin/../lib/gcc/arm-none-eabi/13.2.1/../../../../arm-none-eabi/lib/thumb/v7e-m+dp/hard/libm.a(libm_a-sf_tanh.o)
 .rodata.one    0x0800ac88        0x4 /Applications/ArmGNUToolchain/13.2.Rel1/arm-none-eabi/bin/../lib/gcc/arm-none-eabi/13.2.1/../../../../arm-none-eabi/lib/thumb/v7e-m+dp/hard/libm.a(libm_a-sf_tanh.o)
 .rodata.__assert_func.str1.1
                0x0800ac8c       0x6f /Applications/ArmGNUToolchain/13.2.Rel1/arm-none-eabi/bin/../lib/gcc/arm-none-eabi/13.2.1/../../../../arm-none-eabi/lib/thumb/v7e-m+dp/hard/libc_nano.a(libc_a-assert.o)
                                 0x3d (size before relaxing)
 .rodata._vfprintf_r.str1.1
                0x0800acfb       0x11 /Applications/ArmGNUToolchain/13.2.Rel1/arm-none-eabi/bin/../lib/gcc/arm-none-eabi/13.2.1/../../../../arm-none-eabi/lib/thumb/v7e-m+dp/hard/libc_nano.a(libc_a-nano-vfprintf.o)
 .rodata._printf_i.str1.1
                0x0800acfb       0x22 /Applications/ArmGNUToolchain/13.2.Rel1/arm-none-eabi/bin/../lib/gcc/arm-none-eabi/13.2.1/../../../../arm-none-eabi/lib/thumb/v7e-m+dp/hard/libc_nano.a(libc_a-nano-vfprintf_i.o)
 *(.glue_7)
 .glue_7        0x0800acfb        0x0 linker stubs
 *(.glue_7t)
 .glue_7t       0x0800acfb        0x0 linker stubs
 *(.init)
 *fill*         0x0800acfb        0x1 
 .init          0x0800acfc        0x4 /Applications/ArmGNUToolchain/13.2.Rel1/arm-none-eabi/bin/../lib/gcc/arm-none-eabi/13.2.1/thumb/v7e-m+dp/hard/crti.o
                0x0800acfc                _init
 .init          0x0800ad00        0x8 /Applications/ArmGNUToolchain/13.2.Rel1/arm-none-eabi/bin/../lib/gcc/arm-none-eabi/13.2.1/thumb/v7e-m+dp/hard/crtn.o
 *(.fini)
 .fini          0x0800ad08        0x4 /Applications/ArmGNUToolchain/13.2.Rel1/arm-none-eabi/bin/../lib/gcc/arm-none-eabi/13.2.1/thumb/v7e-m+dp/hard/crti.o
                0x0800ad08                _fini
 .fini          0x0800ad0c        0x8 /Applications/ArmGNUToolchain/13.2.Rel1/arm-none-eabi/bin/../lib/gcc/arm-none-eabi/13.2.1/thumb/v7e-m+dp/hard/crtn.o
                0x0800ad14                        . = ALIGN (0x4)
                0x0800ad14                        _etext = .

.eh_frame       0x0800ad14        0x0
 .eh_frame      0x0800ad14        0x0 /Applications/ArmGNUToolchain/13.2.Rel1/arm-none-eabi/bin/../lib/gcc/arm-none-eabi/13.2.1/thumb/v7e-m+dp/hard/crtbegin.o

.vfp11_veneer   0x0800ad14        0x0
 .vfp11_veneer  0x0800ad14        0x0 linker stubs

.v4_bx          0x0800ad14        0x0
 .v4_bx         0x0800ad14        0x0 linker stubs

.iplt           0x0800ad14        0x0
 .iplt          0x0800ad14        0x0 /Applications/ArmGNUToolchain/13.2.Rel1/arm-none-eabi/bin/../lib/gcc/arm-none-eabi/13.2.1/thumb/v7e-m+dp/hard/crtbegin.o

.ARM.extab      0x0800ad14        0x0
                0x0800ad14                        . = ALIGN (0x4)
 *(.ARM.extab)
 *(.gnu.linkonce.armextab.*)
                0x0800ad14                        . = ALIGN (0x4)

.exidx          0x0800ad14        0x8
                0x0800ad14                        . = ALIGN (0x4)
                [!provide]                        PROVIDE (__exidx_start = .)
 *(.ARM.exidx*)
 .ARM.exidx     0x0800ad14        0x8 /Applications/ArmGNUToolchain/13.2.Rel1/arm-none-eabi/bin/../lib/gcc/arm-none-eabi/13.2.1/../../../../arm-none-eabi/lib/thumb/v7e-m+dp/hard/libc_nano.a(libc_a-strlen.o)
 .ARM.exidx     0x0800ad1c        0x0 /Applications/ArmGNUToolchain/13.2.Rel1/arm-none-eabi/bin/../lib/gcc/arm-none-eabi/13.2.1/../../../../arm-none-eabi/lib/thumb/v7e-m+dp/hard/libc_nano.a(libc_a-memchr.o)
                                  0x8 (size before relaxing)
                0x0800ad1c                        . = ALIGN (0x4)
                [!provide]                        PROVIDE (__exidx_end = .)

.rel.dyn        0x0800ad1c        0x0
 .rel.iplt      0x0800ad1c        0x0 /Applications/ArmGNUToolchain/13.2.Rel1/arm-none-eabi/bin/../lib/gcc/arm-none-eabi/13.2.1/thumb/v7e-m+dp/hard/crtbegin.o

.ARM.attributes
                0x0800ad1c       0x30
 *(.ARM.attributes)
 .ARM.attributes
                0x0800ad1c       0x20 /Applications/ArmGNUToolchain/13.2.Rel1/arm-none-eabi/bin/../lib/gcc/arm-none-eabi/13.2.1/thumb/v7e-m+dp/hard/crti.o
 .ARM.attributes
                0x0800ad3c       0x32 /Applications/ArmGNUToolchain/13.2.Rel1/arm-none-eabi/bin/../lib/gcc/arm-none-eabi/13.2.1/thumb/v7e-m+dp/hard/crtbegin.o
 .ARM.attributes
                0x0800ad6e       0x30 build/recorder.no-line-in/app.elf/app/main.o
 .ARM.attributes
                0x0800ad9e       0x30 build/recorder.no-line-in/app.elf/drivers/adc.o
 .ARM.attributes
                0x0800adce       0x30 build/recorder.no-line-in/app.elf/drivers/analog.o
 .ARM.attributes
                0x0800adfe       0x30 build/recorder.no-line-in/app.elf/drivers/dac.o
 .ARM.attributes
                0x0800ae2e       0x30 build/recorder.no-line-in/app.elf/drivers/flash.o
 .ARM.attributes
                0x0800ae5e       0x30 build/recorder.no-line-in/app.elf/drivers/irq.o
 .ARM.attributes
                0x0800ae8e       0x30 build/recorder.no-line-in/app.elf/drivers/serial.o
 .ARM.attributes
                0x0800aebe       0x30 build/recorder.no-line-in/app.elf/drivers/system.o
 .ARM.attributes
                0x0800aeee       0x30 build/recorder.no-line-in/app.elf/libDaisy/core/startup_stm32h750xx.o
 .ARM.attributes
                0x0800af1e       0x30 build/recorder.no-line-in/app.elf/libDaisy/src/sys/system_stm32h7xx.o
 .ARM.attributes
                0x0800af4e       0x30 build/recorder.no-line-in/app.elf/libDaisy/Drivers/STM32H7xx_HAL_Driver/Src/stm32h7xx_hal.o
 .ARM.attributes
                0x0800af7e       0x30 build/recorder.no-line-in/app.elf/libDaisy/Drivers/STM32H7xx_HAL_Driver/Src/stm32h7xx_hal_pwr.o
 .ARM.attributes
                0x0800afae       0x30 build/recorder.no-line-in/app.elf/libDaisy/Drivers/STM32H7xx_HAL_Driver/Src/stm32h7xx_hal_pwr_ex.o
 .ARM.attributes
                0x0800afde       0x30 build/recorder.no-line-in/app.elf/libDaisy/Drivers/STM32H7xx_HAL_Driver/Src/stm32h7xx_hal_rcc.o
 .ARM.attributes
                0x0800b00e       0x30 build/recorder.no-line-in/app.elf/libDaisy/Drivers/STM32H7xx_HAL_Driver/Src/stm32h7xx_hal_rcc_ex.o
 .ARM.attributes
                0x0800b03e       0x30 build/recorder.no-line-in/app.elf/libDaisy/Drivers/STM32H7xx_HAL_Driver/Src/stm32h7xx_ll_adc.o
 .ARM.attributes
                0x0800b06e       0x30 build/recorder.no-line-in/app.elf/libDaisy/Drivers/STM32H7xx_HAL_Driver/Src/stm32h7xx_ll_dac.o
 .ARM.attributes
                0x0800b09e       0x30 build/recorder.no-line-in/app.elf/libDaisy/Drivers/STM32H7xx_HAL_Driver/Src/stm32h7xx_ll_dma.o
 .ARM.attributes
                0x0800b0ce       0x30 build/recorder.no-line-in/app.elf/libDaisy/Drivers/STM32H7xx_HAL_Driver/Src/stm32h7xx_ll_gpio.o
 .ARM.attributes
                0x0800b0fe       0x30 build/recorder.no-line-in/app.elf/libDaisy/Drivers/STM32H7xx_HAL_Driver/Src/stm32h7xx_ll_mdma.o
 .ARM.attributes
                0x0800b12e       0x30 build/recorder.no-line-in/app.elf/libDaisy/Drivers/STM32H7xx_HAL_Driver/Src/stm32h7xx_ll_rcc.o
 .ARM.attributes
                0x0800b15e       0x30 build/recorder.no-line-in/app.elf/libDaisy/Drivers/STM32H7xx_HAL_Driver/Src/stm32h7xx_ll_tim.o
 .ARM.attributes
                0x0800b18e       0x30 build/recorder.no-line-in/app.elf/libDaisy/Drivers/STM32H7xx_HAL_Driver/Src/stm32h7xx_ll_usart.o
 .ARM.attributes
                0x0800b1be       0x32 /Applications/ArmGNUToolchain/13.2.Rel1/arm-none-eabi/bin/../lib/gcc/arm-none-eabi/13.2.1/../../../../arm-none-eabi/lib/thumb/v7e-m+dp/hard/libm.a(libm_a-sf_exp2.o)
 .ARM.attributes
                0x0800b1f0       0x32 /Applications/ArmGNUToolchain/13.2.Rel1/arm-none-eabi/bin/../lib/gcc/arm-none-eabi/13.2.1/../../../../arm-none-eabi/lib/thumb/v7e-m+dp/hard/libm.a(libm_a-sf_exp2_data.o)
 .ARM.attributes
                0x0800b222       0x32 /Applications/ArmGNUToolchain/13.2.Rel1/arm-none-eabi/bin/../lib/gcc/arm-none-eabi/13.2.1/../../../../arm-none-eabi/lib/thumb/v7e-m+dp/hard/libm.a(libm_a-sinf.o)
 .ARM.attributes
                0x0800b254       0x32 /Applications/ArmGNUToolchain/13.2.Rel1/arm-none-eabi/bin/../lib/gcc/arm-none-eabi/13.2.1/../../../../arm-none-eabi/lib/thumb/v7e-m+dp/hard/libm.a(libm_a-cosf.o)
 .ARM.attributes
                0x0800b286       0x32 /Applications/ArmGNUToolchain/13.2.Rel1/arm-none-eabi/bin/../lib/gcc/arm-none-eabi/13.2.1/../../../../arm-none-eabi/lib/thumb/v7e-m+dp/hard/libm.a(libm_a-sincosf_data.o)
 .ARM.attributes
                0x0800b2b8       0x32 /Applications/ArmGNUToolchain/13.2.Rel1/arm-none-eabi/bin/../lib/gcc/arm-none-eabi/13.2.1/../../../../arm-none-eabi/lib/thumb/v7e-m+dp/hard/libm.a(libm_a-math_errf.o)
 .ARM.attributes
                0x0800b2ea       0x32 /Applications/ArmGNUToolchain/13.2.Rel1/arm-none-eabi/bin/../lib/gcc/arm-none-eabi/13.2.1/../../../../arm-none-eabi/lib/thumb/v7e-m+dp/hard/libm.a(libm_a-sf_tanh.o)
 .ARM.attributes
                0x0800b31c       0x32 /Applications/ArmGNUToolchain/13.2.Rel1/arm-none-eabi/bin/../lib/gcc/arm-none-eabi/13.2.1/../../../../arm-none-eabi/lib/thumb/v7e-m+dp/hard/libm.a(libm_a-sf_expm1.o)
 .ARM.attributes
                0x0800b34e       0x32 /Applications/ArmGNUToolchain/13.2.Rel1/arm-none-eabi/bin/../lib/gcc/arm-none-eabi/13.2.1/../../../../arm-none-eabi/lib/thumb/v7e-m+dp/hard/libm.a(libm_a-sf_fabs.o)
 .ARM.attributes
                0x0800b380       0x32 /Applications/ArmGNUToolchain/13.2.Rel1/arm-none-eabi/bin/../lib/gcc/arm-none-eabi/13.2.1/../../../../arm-none-eabi/lib/thumb/v7e-m+dp/hard/libc_nano.a(libc_a-assert.o)
 .ARM.attributes
                0x0800b3b2       0x32 /Applications/ArmGNUToolchain/13.2.Rel1/arm-none-eabi/bin/../lib/gcc/arm-none-eabi/13.2.1/../../../../arm-none-eabi/lib/thumb/v7e-m+dp/hard/libc_nano.a(libc_a-clearerr.o)
 .ARM.attributes
                0x0800b3e4       0x32 /Applications/ArmGNUToolchain/13.2.Rel1/arm-none-eabi/bin/../lib/gcc/arm-none-eabi/13.2.1/../../../../arm-none-eabi/lib/thumb/v7e-m+dp/hard/libc_nano.a(libc_a-feof.o)
 .ARM.attributes
                0x0800b416       0x32 /Applications/ArmGNUToolchain/13.2.Rel1/arm-none-eabi/bin/../lib/gcc/arm-none-eabi/13.2.1/../../../../arm-none-eabi/lib/thumb/v7e-m+dp/hard/libc_nano.a(libc_a-ferror.o)
 .ARM.attributes
                0x0800b448       0x32 /Applications/ArmGNUToolchain/13.2.Rel1/arm-none-eabi/bin/../lib/gcc/arm-none-eabi/13.2.1/../../../../arm-none-eabi/lib/thumb/v7e-m+dp/hard/libc_nano.a(libc_a-findfp.o)
 .ARM.attributes
                0x0800b47a       0x32 /Applications/ArmGNUToolchain/13.2.Rel1/arm-none-eabi/bin/../lib/gcc/arm-none-eabi/13.2.1/../../../../arm-none-eabi/lib/thumb/v7e-m+dp/hard/libc_nano.a(libc_a-fprintf.o)
 .ARM.attributes
                0x0800b4ac       0x32 /Applications/ArmGNUToolchain/13.2.Rel1/arm-none-eabi/bin/../lib/gcc/arm-none-eabi/13.2.1/../../../../arm-none-eabi/lib/thumb/v7e-m+dp/hard/libc_nano.a(libc_a-fwalk.o)
 .ARM.attributes
                0x0800b4de       0x32 /Applications/ArmGNUToolchain/13.2.Rel1/arm-none-eabi/bin/../lib/gcc/arm-none-eabi/13.2.1/../../../../arm-none-eabi/lib/thumb/v7e-m+dp/hard/libc_nano.a(libc_a-getc.o)
 .ARM.attributes
                0x0800b510       0x32 /Applications/ArmGNUToolchain/13.2.Rel1/arm-none-eabi/bin/../lib/gcc/arm-none-eabi/13.2.1/../../../../arm-none-eabi/lib/thumb/v7e-m+dp/hard/libc_nano.a(libc_a-printf.o)
 .ARM.attributes
                0x0800b542       0x32 /Applications/ArmGNUToolchain/13.2.Rel1/arm-none-eabi/bin/../lib/gcc/arm-none-eabi/13.2.1/../../../../arm-none-eabi/lib/thumb/v7e-m+dp/hard/libc_nano.a(libc_a-puts.o)
 .ARM.attributes
                0x0800b574       0x32 /Applications/ArmGNUToolchain/13.2.Rel1/arm-none-eabi/bin/../lib/gcc/arm-none-eabi/13.2.1/../../../../arm-none-eabi/lib/thumb/v7e-m+dp/hard/libc_nano.a(libc_a-rget.o)
 .ARM.attributes
                0x0800b5a6       0x32 /Applications/ArmGNUToolchain/13.2.Rel1/arm-none-eabi/bin/../lib/gcc/arm-none-eabi/13.2.1/../../../../arm-none-eabi/lib/thumb/v7e-m+dp/hard/libc_nano.a(libc_a-strncpy.o)
 .ARM.attributes
                0x0800b5d8       0x32 /Applications/ArmGNUToolchain/13.2.Rel1/arm-none-eabi/bin/../lib/gcc/arm-none-eabi/13.2.1/../../../../arm-none-eabi/lib/thumb/v7e-m+dp/hard/libc_nano.a(libc_a-memset.o)
 .ARM.attributes
                0x0800b60a       0x32 /Applications/ArmGNUToolchain/13.2.Rel1/arm-none-eabi/bin/../lib/gcc/arm-none-eabi/13.2.1/../../../../arm-none-eabi/lib/thumb/v7e-m+dp/hard/libc_nano.a(libc_a-impure.o)
 .ARM.attributes
                0x0800b63c       0x32 /Applications/ArmGNUToolchain/13.2.Rel1/arm-none-eabi/bin/../lib/gcc/arm-none-eabi/13.2.1/../../../../arm-none-eabi/lib/thumb/v7e-m+dp/hard/libc_nano.a(libc_a-errno.o)
 .ARM.attributes
                0x0800b66e       0x32 /Applications/ArmGNUToolchain/13.2.Rel1/arm-none-eabi/bin/../lib/gcc/arm-none-eabi/13.2.1/../../../../arm-none-eabi/lib/thumb/v7e-m+dp/hard/libc_nano.a(libc_a-init.o)
 .ARM.attributes
                0x0800b6a0       0x32 /Applications/ArmGNUToolchain/13.2.Rel1/arm-none-eabi/bin/../lib/gcc/arm-none-eabi/13.2.1/../../../../arm-none-eabi/lib/thumb/v7e-m+dp/hard/libc_nano.a(libc_a-lock.o)
 .ARM.attributes
                0x0800b6d2       0x32 /Applications/ArmGNUToolchain/13.2.Rel1/arm-none-eabi/bin/../lib/gcc/arm-none-eabi/13.2.1/../../../../arm-none-eabi/lib/thumb/v7e-m+dp/hard/libc_nano.a(libc_a-memcpy-stub.o)
 .ARM.attributes
                0x0800b704       0x17 /Applications/ArmGNUToolchain/13.2.Rel1/arm-none-eabi/bin/../lib/gcc/arm-none-eabi/13.2.1/../../../../arm-none-eabi/lib/thumb/v7e-m+dp/hard/libc_nano.a(libc_a-strlen.o)
 .ARM.attributes
                0x0800b71b       0x32 /Applications/ArmGNUToolchain/13.2.Rel1/arm-none-eabi/bin/../lib/gcc/arm-none-eabi/13.2.1/../../../../arm-none-eabi/lib/thumb/v7e-m+dp/hard/libc_nano.a(libc_a-abort.o)
 .ARM.attributes
                0x0800b74d       0x32 /Applications/ArmGNUToolchain/13.2.Rel1/arm-none-eabi/bin/../lib/gcc/arm-none-eabi/13.2.1/../../../../arm-none-eabi/lib/thumb/v7e-m+dp/hard/libc_nano.a(libc_a-nano-vfprintf.o)
 .ARM.attributes
                0x0800b77f       0x32 /Applications/ArmGNUToolchain/13.2.Rel1/arm-none-eabi/bin/../lib/gcc/arm-none-eabi/13.2.1/../../../../arm-none-eabi/lib/thumb/v7e-m+dp/hard/libc_nano.a(libc_a-mallocr.o)
 .ARM.attributes
                0x0800b7b1       0x32 /Applications/ArmGNUToolchain/13.2.Rel1/arm-none-eabi/bin/../lib/gcc/arm-none-eabi/13.2.1/../../../../arm-none-eabi/lib/thumb/v7e-m+dp/hard/libc_nano.a(libc_a-nano-vfprintf_i.o)
 .ARM.attributes
                0x0800b7e3       0x32 /Applications/ArmGNUToolchain/13.2.Rel1/arm-none-eabi/bin/../lib/gcc/arm-none-eabi/13.2.1/../../../../arm-none-eabi/lib/thumb/v7e-m+dp/hard/libc_nano.a(libc_a-fflush.o)
 .ARM.attributes
                0x0800b815       0x32 /Applications/ArmGNUToolchain/13.2.Rel1/arm-none-eabi/bin/../lib/gcc/arm-none-eabi/13.2.1/../../../../arm-none-eabi/lib/thumb/v7e-m+dp/hard/libc_nano.a(libc_a-mlock.o)
 .ARM.attributes
                0x0800b847       0x32 /Applications/ArmGNUToolchain/13.2.Rel1/arm-none-eabi/bin/../lib/gcc/arm-none-eabi/13.2.1/../../../../arm-none-eabi/lib/thumb/v7e-m+dp/hard/libc_nano.a(libc_a-stdio.o)
 .ARM.attributes
                0x0800b879       0x32 /Applications/ArmGNUToolchain/13.2.Rel1/arm-none-eabi/bin/../lib/gcc/arm-none-eabi/13.2.1/../../../../arm-none-eabi/lib/thumb/v7e-m+dp/hard/libc_nano.a(libc_a-wbuf.o)
 .ARM.attributes
                0x0800b8ab       0x32 /Applications/ArmGNUToolchain/13.2.Rel1/arm-none-eabi/bin/../lib/gcc/arm-none-eabi/13.2.1/../../../../arm-none-eabi/lib/thumb/v7e-m+dp/hard/libc_nano.a(libc_a-wsetup.o)
 .ARM.attributes
                0x0800b8dd       0x32 /Applications/ArmGNUToolchain/13.2.Rel1/arm-none-eabi/bin/../lib/gcc/arm-none-eabi/13.2.1/../../../../arm-none-eabi/lib/thumb/v7e-m+dp/hard/libc_nano.a(libc_a-makebuf.o)
 .ARM.attributes
                0x0800b90f       0x32 /Applications/ArmGNUToolchain/13.2.Rel1/arm-none-eabi/bin/../lib/gcc/arm-none-eabi/13.2.1/../../../../arm-none-eabi/lib/thumb/v7e-m+dp/hard/libc_nano.a(libc_a-refill.o)
 .ARM.attributes
                0x0800b941       0x32 /Applications/ArmGNUToolchain/13.2.Rel1/arm-none-eabi/bin/../lib/gcc/arm-none-eabi/13.2.1/../../../../arm-none-eabi/lib/thumb/v7e-m+dp/hard/libc_nano.a(libc_a-closer.o)
 .ARM.attributes
                0x0800b973       0x32 /Applications/ArmGNUToolchain/13.2.Rel1/arm-none-eabi/bin/../lib/gcc/arm-none-eabi/13.2.1/../../../../arm-none-eabi/lib/thumb/v7e-m+dp/hard/libc_nano.a(libc_a-reent.o)
 .ARM.attributes
                0x0800b9a5       0x32 /Applications/ArmGNUToolchain/13.2.Rel1/arm-none-eabi/bin/../lib/gcc/arm-none-eabi/13.2.1/../../../../arm-none-eabi/lib/thumb/v7e-m+dp/hard/libc_nano.a(libc_a-fstatr.o)
 .ARM.attributes
                0x0800b9d7       0x32 /Applications/ArmGNUToolchain/13.2.Rel1/arm-none-eabi/bin/../lib/gcc/arm-none-eabi/13.2.1/../../../../arm-none-eabi/lib/thumb/v7e-m+dp/hard/libc_nano.a(libc_a-isattyr.o)
 .ARM.attributes
                0x0800ba09       0x32 /Applications/ArmGNUToolchain/13.2.Rel1/arm-none-eabi/bin/../lib/gcc/arm-none-eabi/13.2.1/../../../../arm-none-eabi/lib/thumb/v7e-m+dp/hard/libc_nano.a(libc_a-lseekr.o)
 .ARM.attributes
                0x0800ba3b       0x32 /Applications/ArmGNUToolchain/13.2.Rel1/arm-none-eabi/bin/../lib/gcc/arm-none-eabi/13.2.1/../../../../arm-none-eabi/lib/thumb/v7e-m+dp/hard/libc_nano.a(libc_a-signal.o)
 .ARM.attributes
                0x0800ba6d       0x32 /Applications/ArmGNUToolchain/13.2.Rel1/arm-none-eabi/bin/../lib/gcc/arm-none-eabi/13.2.1/../../../../arm-none-eabi/lib/thumb/v7e-m+dp/hard/libc_nano.a(libc_a-readr.o)
 .ARM.attributes
                0x0800ba9f       0x32 /Applications/ArmGNUToolchain/13.2.Rel1/arm-none-eabi/bin/../lib/gcc/arm-none-eabi/13.2.1/../../../../arm-none-eabi/lib/thumb/v7e-m+dp/hard/libc_nano.a(libc_a-signalr.o)
 .ARM.attributes
                0x0800bad1       0x32 /Applications/ArmGNUToolchain/13.2.Rel1/arm-none-eabi/bin/../lib/gcc/arm-none-eabi/13.2.1/../../../../arm-none-eabi/lib/thumb/v7e-m+dp/hard/libc_nano.a(libc_a-sbrkr.o)
 .ARM.attributes
                0x0800bb03       0x32 /Applications/ArmGNUToolchain/13.2.Rel1/arm-none-eabi/bin/../lib/gcc/arm-none-eabi/13.2.1/../../../../arm-none-eabi/lib/thumb/v7e-m+dp/hard/libc_nano.a(libc_a-writer.o)
 .ARM.attributes
                0x0800bb35       0x1c /Applications/ArmGNUToolchain/13.2.Rel1/arm-none-eabi/bin/../lib/gcc/arm-none-eabi/13.2.1/../../../../arm-none-eabi/lib/thumb/v7e-m+dp/hard/libc_nano.a(libc_a-memchr.o)
 .ARM.attributes
                0x0800bb51       0x32 /Applications/ArmGNUToolchain/13.2.Rel1/arm-none-eabi/bin/../lib/gcc/arm-none-eabi/13.2.1/../../../../arm-none-eabi/lib/thumb/v7e-m+dp/hard/libc_nano.a(libc_a-freer.o)
 .ARM.attributes
                0x0800bb83       0x20 /Applications/ArmGNUToolchain/13.2.Rel1/arm-none-eabi/bin/../lib/gcc/arm-none-eabi/13.2.1/thumb/v7e-m+dp/hard/libgcc.a(_arm_addsubdf3.o)
 .ARM.attributes
                0x0800bba3       0x32 /Applications/ArmGNUToolchain/13.2.Rel1/arm-none-eabi/bin/../lib/gcc/arm-none-eabi/13.2.1/../../../../arm-none-eabi/lib/thumb/v7e-m+dp/hard/libnosys.a(close.o)
 .ARM.attributes
                0x0800bbd5       0x32 /Applications/ArmGNUToolchain/13.2.Rel1/arm-none-eabi/bin/../lib/gcc/arm-none-eabi/13.2.1/../../../../arm-none-eabi/lib/thumb/v7e-m+dp/hard/libnosys.a(fstat.o)
 .ARM.attributes
                0x0800bc07       0x32 /Applications/ArmGNUToolchain/13.2.Rel1/arm-none-eabi/bin/../lib/gcc/arm-none-eabi/13.2.1/../../../../arm-none-eabi/lib/thumb/v7e-m+dp/hard/libnosys.a(getpid.o)
 .ARM.attributes
                0x0800bc39       0x32 /Applications/ArmGNUToolchain/13.2.Rel1/arm-none-eabi/bin/../lib/gcc/arm-none-eabi/13.2.1/../../../../arm-none-eabi/lib/thumb/v7e-m+dp/hard/libnosys.a(isatty.o)
 .ARM.attributes
                0x0800bc6b       0x32 /Applications/ArmGNUToolchain/13.2.Rel1/arm-none-eabi/bin/../lib/gcc/arm-none-eabi/13.2.1/../../../../arm-none-eabi/lib/thumb/v7e-m+dp/hard/libnosys.a(kill.o)
 .ARM.attributes
                0x0800bc9d       0x32 /Applications/ArmGNUToolchain/13.2.Rel1/arm-none-eabi/bin/../lib/gcc/arm-none-eabi/13.2.1/../../../../arm-none-eabi/lib/thumb/v7e-m+dp/hard/libnosys.a(lseek.o)
 .ARM.attributes
                0x0800bccf       0x32 /Applications/ArmGNUToolchain/13.2.Rel1/arm-none-eabi/bin/../lib/gcc/arm-none-eabi/13.2.1/../../../../arm-none-eabi/lib/thumb/v7e-m+dp/hard/libnosys.a(sbrk.o)
 .ARM.attributes
                0x0800bd01       0x32 /Applications/ArmGNUToolchain/13.2.Rel1/arm-none-eabi/bin/../lib/gcc/arm-none-eabi/13.2.1/../../../../arm-none-eabi/lib/thumb/v7e-m+dp/hard/libnosys.a(_exit.o)
 .ARM.attributes
                0x0800bd33       0x32 /Applications/ArmGNUToolchain/13.2.Rel1/arm-none-eabi/bin/../lib/gcc/arm-none-eabi/13.2.1/thumb/v7e-m+dp/hard/crtend.o
 .ARM.attributes
                0x0800bd65       0x20 /Applications/ArmGNUToolchain/13.2.Rel1/arm-none-eabi/bin/../lib/gcc/arm-none-eabi/13.2.1/thumb/v7e-m+dp/hard/crtn.o

.preinit_array  0x0800ad1c        0x0
                0x0800ad1c                        PROVIDE (__preinit_array_start = .)
 *(.preinit_array*)
                0x0800ad1c                        PROVIDE (__preinit_array_end = .)

.init_array     0x0800ad1c        0xc
                0x0800ad1c                        PROVIDE (__init_array_start = .)
 *(SORT_BY_NAME(.init_array.*))
 *(.init_array*)
 .init_array    0x0800ad1c        0x4 /Applications/ArmGNUToolchain/13.2.Rel1/arm-none-eabi/bin/../lib/gcc/arm-none-eabi/13.2.1/thumb/v7e-m+dp/hard/crtbegin.o
 .init_array    0x0800ad20        0x4 build/recorder.no-line-in/app.elf/app/main.o
 .init_array    0x0800ad24        0x4 build/recorder.no-line-in/app.elf/drivers/system.o
                0x0800ad28                        PROVIDE (__init_array_end = .)

.fini_array     0x0800ad28        0x4
                [!provide]                        PROVIDE (__fini_array_start = .)
 *(.fini_array*)
 .fini_array    0x0800ad28        0x4 /Applications/ArmGNUToolchain/13.2.Rel1/arm-none-eabi/bin/../lib/gcc/arm-none-eabi/13.2.1/thumb/v7e-m+dp/hard/crtbegin.o
 *(SORT_BY_NAME(.fini_array.*))
                [!provide]                        PROVIDE (__fini_array_end = .)

.data           0x20000000       0x8c load address 0x0800ad2c
                0x20000000                        . = ALIGN (0x4)
                0x20000000                        _sdata = .
                [!provide]                        PROVIDE (__data_start__ = _sdata)
 *(.data)
 *(.data*)
 .data._ZN8recorder12SampleMemoryIDhE10link_info_E
                0x20000000       0x24 build/recorder.no-line-in/app.elf/app/main.o
                0x20000000                recorder::SampleMemory<half>::link_info_
 .data._ZN8recorder9buttonIDsE
                0x20000024        0x4 build/recorder.no-line-in/app.elf/app/main.o
                0x20000024                recorder::buttonIDs
 .data.SystemD2Clock
                0x20000028        0x4 build/recorder.no-line-in/app.elf/libDaisy/src/sys/system_stm32h7xx.o
                0x20000028                SystemD2Clock
 .data.SystemCoreClock
                0x2000002c        0x4 build/recorder.no-line-in/app.elf/libDaisy/src/sys/system_stm32h7xx.o
                0x2000002c                SystemCoreClock
 .data.__sglue  0x20000030        0xc /Applications/ArmGNUToolchain/13.2.Rel1/arm-none-eabi/bin/../lib/gcc/arm-none-eabi/13.2.1/../../../../arm-none-eabi/lib/thumb/v7e-m+dp/hard/libc_nano.a(libc_a-findfp.o)
                0x20000030                __sglue
 .data._impure_ptr
                0x2000003c        0x4 /Applications/ArmGNUToolchain/13.2.Rel1/arm-none-eabi/bin/../lib/gcc/arm-none-eabi/13.2.1/../../../../arm-none-eabi/lib/thumb/v7e-m+dp/hard/libc_nano.a(libc_a-impure.o)
                0x2000003c                _impure_ptr
 .data._impure_data
                0x20000040       0x4c /Applications/ArmGNUToolchain/13.2.Rel1/arm-none-eabi/bin/../lib/gcc/arm-none-eabi/13.2.1/../../../../arm-none-eabi/lib/thumb/v7e-m+dp/hard/libc_nano.a(libc_a-impure.o)
                0x20000040                _impure_data
                0x2000008c                        . = ALIGN (0x4)
                0x2000008c                        _edata = .
                [!provide]                        PROVIDE (__data_end__ = _edata)
                0x0800ad2c                        _sidata = LOADADDR (.data)

.tm_clone_table
                0x2000008c        0x0 load address 0x0800adb8
 .tm_clone_table
                0x2000008c        0x0 /Applications/ArmGNUToolchain/13.2.Rel1/arm-none-eabi/bin/../lib/gcc/arm-none-eabi/13.2.1/thumb/v7e-m+dp/hard/crtbegin.o
 .tm_clone_table
                0x2000008c        0x0 /Applications/ArmGNUToolchain/13.2.Rel1/arm-none-eabi/bin/../lib/gcc/arm-none-eabi/13.2.1/thumb/v7e-m+dp/hard/crtend.o

.igot.plt       0x2000008c        0x0 load address 0x0800adb8
 .igot.plt      0x2000008c        0x0 /Applications/ArmGNUToolchain/13.2.Rel1/arm-none-eabi/bin/../lib/gcc/arm-none-eabi/13.2.1/thumb/v7e-m+dp/hard/crtbegin.o

.bss            0x20000400    0x1114c load address 0x0800adb8
                0x20000400                        . = ALIGN (0x4)
                0x20000400                        _sbss = .
                0x20000400                        PROVIDE (__bss_start__ = _sbss)
 *(.bss)
 *(.bss*)
 .bss.completed.1
                0x20000400        0x1 /Applications/ArmGNUToolchain/13.2.Rel1/arm-none-eabi/bin/../lib/gcc/arm-none-eabi/13.2.1/thumb/v7e-m+dp/hard/crtbegin.o
 *fill*         0x20000401        0x3 
 .bss.object.0  0x20000404       0x18 /Applications/ArmGNUToolchain/13.2.Rel1/arm-none-eabi/bin/../lib/gcc/arm-none-eabi/13.2.1/thumb/v7e-m+dp/hard/crtbegin.o
 .bss._ZZN8recorder12StateMachineEbE19synthReleaseCounter
                0x2000041c        0x4 build/recorder.no-line-in/app.elf/app/main.o
 .bss._ZN8recorderL14last_strum_potE
                0x20000420        0x4 build/recorder.no-line-in/app.elf/app/main.o
 .bss._ZN8recorder8monitor_E
                0x20000424      0x12c build/recorder.no-line-in/app.elf/app/main.o
                0x20000424                recorder::monitor_
 .bss._ZN8recorder3io_E
                0x20000550       0x2c build/recorder.no-line-in/app.elf/app/main.o
                0x20000550                recorder::io_
 *fill*         0x2000057c        0x4 
 .bss._ZN8recorder9playback_E
                0x20000580    0x101c8 build/recorder.no-line-in/app.elf/app/main.o
                0x20000580                recorder::playback_
 .bss._ZN8recorder10recording_E
                0x20010748      0x144 build/recorder.no-line-in/app.elf/app/main.o
                0x20010748                recorder::recording_
 .bss._ZN8recorder14sample_memory_E
                0x2001088c       0x54 build/recorder.no-line-in/app.elf/app/main.o
                0x2001088c                recorder::sample_memory_
 .bss._ZN8recorder12play_button_E
                0x200108e0        0x4 build/recorder.no-line-in/app.elf/app/main.o
                0x200108e0                recorder::play_button_
 .bss._ZN8recorder13idle_timeout_E
                0x200108e4        0x4 build/recorder.no-line-in/app.elf/app/main.o
                0x200108e4                recorder::idle_timeout_
 .bss._ZN8recorder6state_E
                0x200108e8        0x1 build/recorder.no-line-in/app.elf/app/main.o
                0x200108e8                recorder::state_
 *fill*         0x200108e9        0x3 
 .bss._ZN8recorder7buttonsE
                0x200108ec       0x10 build/recorder.no-line-in/app.elf/app/main.o
                0x200108ec                recorder::buttons
 .bss._ZN8recorder9button_4_E
                0x200108fc        0x4 build/recorder.no-line-in/app.elf/app/main.o
                0x200108fc                recorder::button_4_
 .bss._ZN8recorder9button_3_E
                0x20010900        0x4 build/recorder.no-line-in/app.elf/app/main.o
                0x20010900                recorder::button_3_
 .bss._ZN8recorder9button_2_E
                0x20010904        0x4 build/recorder.no-line-in/app.elf/app/main.o
                0x20010904                recorder::button_2_
 .bss._ZN8recorder9button_1_E
                0x20010908        0x4 build/recorder.no-line-in/app.elf/app/main.o
                0x20010908                recorder::button_1_
 .bss._ZN8recorder14jingle_engine_E
                0x2001090c       0x18 build/recorder.no-line-in/app.elf/app/main.o
                0x2001090c                recorder::jingle_engine_
 .bss._ZN8recorder13synth_engine_E
                0x20010924      0x20c build/recorder.no-line-in/app.elf/app/main.o
                0x20010924                recorder::synth_engine_
 .bss._ZN8recorder15synth_inactive_E
                0x20010b30        0x1 build/recorder.no-line-in/app.elf/app/main.o
                0x20010b30                recorder::synth_inactive_
 *fill*         0x20010b31        0x3 
 .bss._ZN8recorder9switches_E
                0x20010b34      0x108 build/recorder.no-line-in/app.elf/app/main.o
                0x20010b34                recorder::switches_
 .bss._ZN8recorder7analog_E
                0x20010c3c      0x164 build/recorder.no-line-in/app.elf/app/main.o
                0x20010c3c                recorder::analog_
 .bss._ZN8recorder3Adc9instance_E
                0x20010da0        0x4 build/recorder.no-line-in/app.elf/drivers/adc.o
                0x20010da0                recorder::Adc::instance_
 .bss._ZN8recorder6Analog9callback_E
                0x20010da4        0x4 build/recorder.no-line-in/app.elf/drivers/analog.o
                0x20010da4                recorder::Analog::callback_
 .bss._ZN8recorder6Analog9instance_E
                0x20010da8        0x4 build/recorder.no-line-in/app.elf/drivers/analog.o
                0x20010da8                recorder::Analog::instance_
 *fill*         0x20010dac      0x254 
 .bss._ZN8recorder3irqL14RAMVectorTableE
                0x20011000      0x298 build/recorder.no-line-in/app.elf/drivers/irq.o
 .bss._ZN8recorder6Serial9instance_E
                0x20011298        0x4 build/recorder.no-line-in/app.elf/drivers/serial.o
                0x20011298                recorder::Serial::instance_
 .bss._ZZ6_writeE4prev
                0x2001129c        0x1 build/recorder.no-line-in/app.elf/drivers/system.o
 .bss._ZZ5_readE11prev_was_cr
                0x2001129d        0x1 build/recorder.no-line-in/app.elf/drivers/system.o
 *fill*         0x2001129e        0x2 
 .bss._ZN8recorder6systemL13wakeup_flags_E
                0x200112a0        0x4 build/recorder.no-line-in/app.elf/drivers/system.o
 .bss._ZN8recorder6systemL6ticks_E
                0x200112a4        0x4 build/recorder.no-line-in/app.elf/drivers/system.o
 .bss._ZN8recorder6systemL7serial_E
                0x200112a8      0x150 build/recorder.no-line-in/app.elf/drivers/system.o
 .bss.uwTick    0x200113f8        0x4 build/recorder.no-line-in/app.elf/libDaisy/Drivers/STM32H7xx_HAL_Driver/Src/stm32h7xx_hal.o
 .bss.__sf      0x200113fc      0x138 /Applications/ArmGNUToolchain/13.2.Rel1/arm-none-eabi/bin/../lib/gcc/arm-none-eabi/13.2.1/../../../../arm-none-eabi/lib/thumb/v7e-m+dp/hard/libc_nano.a(libc_a-findfp.o)
                0x200113fc                __sf
 .bss.__stdio_exit_handler
                0x20011534        0x4 /Applications/ArmGNUToolchain/13.2.Rel1/arm-none-eabi/bin/../lib/gcc/arm-none-eabi/13.2.1/../../../../arm-none-eabi/lib/thumb/v7e-m+dp/hard/libc_nano.a(libc_a-findfp.o)
                0x20011534                __stdio_exit_handler
 .bss.__lock___malloc_recursive_mutex
                0x20011538        0x1 /Applications/ArmGNUToolchain/13.2.Rel1/arm-none-eabi/bin/../lib/gcc/arm-none-eabi/13.2.1/../../../../arm-none-eabi/lib/thumb/v7e-m+dp/hard/libc_nano.a(libc_a-lock.o)
                0x20011538                __lock___malloc_recursive_mutex
 .bss.__lock___sfp_recursive_mutex
                0x20011539        0x1 /Applications/ArmGNUToolchain/13.2.Rel1/arm-none-eabi/bin/../lib/gcc/arm-none-eabi/13.2.1/../../../../arm-none-eabi/lib/thumb/v7e-m+dp/hard/libc_nano.a(libc_a-lock.o)
                0x20011539                __lock___sfp_recursive_mutex
 *fill*         0x2001153a        0x2 
 .bss.__malloc_sbrk_start
                0x2001153c        0x4 /Applications/ArmGNUToolchain/13.2.Rel1/arm-none-eabi/bin/../lib/gcc/arm-none-eabi/13.2.1/../../../../arm-none-eabi/lib/thumb/v7e-m+dp/hard/libc_nano.a(libc_a-mallocr.o)
                0x2001153c                __malloc_sbrk_start
 .bss.__malloc_free_list
                0x20011540        0x4 /Applications/ArmGNUToolchain/13.2.Rel1/arm-none-eabi/bin/../lib/gcc/arm-none-eabi/13.2.1/../../../../arm-none-eabi/lib/thumb/v7e-m+dp/hard/libc_nano.a(libc_a-mallocr.o)
                0x20011540                __malloc_free_list
 .bss.errno     0x20011544        0x4 /Applications/ArmGNUToolchain/13.2.Rel1/arm-none-eabi/bin/../lib/gcc/arm-none-eabi/13.2.1/../../../../arm-none-eabi/lib/thumb/v7e-m+dp/hard/libc_nano.a(libc_a-reent.o)
                0x20011544                errno
 .bss.heap_end.0