Archive member included to satisfy reference by file (symbol)

/Applications/ArmGNUToolchain/13.2.Rel1/arm-none-eabi/bin/../lib/gcc/arm-none-eabi/13.2.1/../../../../arm-none-eabi/lib/thumb/v7e-m+dp/hard/libm.a(libm_a-sf_exp.o)
                              build/recorder.no-line-in/app.elf/app/main.o (expf)
/Applications/ArmGNUToolchain/13.2.Rel1/arm-none-eabi/bin/../lib/gcc/arm-none-eabi/13.2.1/../../../../arm-none-eabi/lib/thumb/v7e-m+dp/hard/libm.a(libm_a-sf_exp2.o)
                              build/recorder.no-line-in/app.elf/app/main.o (exp2f)
/Applications/ArmGNUToolchain/13.2.Rel1/arm-none-eabi/bin/../lib/gcc/arm-none-eabi/13.2.1/../../../../arm-none-eabi/lib/thumb/v7e-m+dp/hard/libm.a(libm_a-sf_exp2_data.o)
                              /Applications/ArmGNUToolchain/13.2.Rel1/arm-none-eabi/bin/../lib/gcc/arm-none-eabi/13.2.1/../../../../arm-none-eabi/lib/thumb/v7e-m+dp/hard/libm.a(libm_a-sf_exp.o) (__exp2f_data)
/Applications/ArmGNUToolchain/13.2.Rel1/arm-none-eabi/bin/../lib/gcc/arm-none-eabi/13.2.1/../../../../arm-none-eabi/lib/thumb/v7e-m+dp/hard/libm.a(libm_a-sinf.o)
                              build/recorder.no-line-in/app.elf/app/main.o (sinf)
/Applications/ArmGNUToolchain/13.2.Rel1/arm-none-eabi/bin/../lib/gcc/arm-none-eabi/13.2.1/../../../../arm-none-eabi/lib/thumb/v7e-m+dp/hard/libm.a(libm_a-cosf.o)
                              build/recorder.no-line-in/app.elf/app/main.o (cosf)
/Applications/ArmGNUToolchain/13.2.Rel1/arm-none-eabi/bin/../lib/gcc/arm-none-eabi/13.2.1/../../../../arm-none-eabi/lib/thumb/v7e-m+dp/hard/libm.a(libm_a-sincosf_data.o)
                              /Applications/ArmGNUToolchain/13.2.Rel1/arm-none-eabi/bin/../lib/gcc/arm-none-eabi/13.2.1/../../../../arm-none-eabi/lib/thumb/v7e-m+dp/hard/libm.a(libm_a-sinf.o) (__inv_pio4)
/Applications/ArmGNUToolchain/13.2.Rel1/arm-none-eabi/bin/../lib/gcc/arm-none-eabi/13.2.1/../../../../arm-none-eabi/lib/thumb/v7e-m+dp/hard/libm.a(libm_a-math_errf.o)
                              /Applications/ArmGNUToolchain/13.2.Rel1/arm-none-eabi/bin/../lib/gcc/arm-none-eabi/13.2.1/../../../../arm-none-eabi/lib/thumb/v7e-m+dp/hard/libm.a(libm_a-sf_exp.o) (__math_uflowf)
/Applications/ArmGNUToolchain/13.2.Rel1/arm-none-eabi/bin/../lib/gcc/arm-none-eabi/13.2.1/../../../../arm-none-eabi/lib/thumb/v7e-m+dp/hard/libm.a(libm_a-wf_log10.o)
                              build/recorder.no-line-in/app.elf/app/main.o (log10f)
/Applications/ArmGNUToolchain/13.2.Rel1/arm-none-eabi/bin/../lib/gcc/arm-none-eabi/13.2.1/../../../../arm-none-eabi/lib/thumb/v7e-m+dp/hard/libm.a(libm_a-sf_nan.o)
                              /Applications/ArmGNUToolchain/13.2.Rel1/arm-none-eabi/bin/../lib/gcc/arm-none-eabi/13.2.1/../../../../arm-none-eabi/lib/thumb/v7e-m+dp/hard/libm.a(libm_a-wf_log10.o) (nanf)
/Applications/ArmGNUToolchain/13.2.Rel1/arm-none-eabi/bin/../lib/gcc/arm-none-eabi/13.2.1/../../../../arm-none-eabi/lib/thumb/v7e-m+dp/hard/libm.a(libm_a-sf_tanh.o)
                              build/recorder.no-line-in/app.elf/app/main.o (tanhf)
/Applications/ArmGNUToolchain/13.2.Rel1/arm-none-eabi/bin/../lib/gcc/arm-none-eabi/13.2.1/../../../../arm-none-eabi/lib/thumb/v7e-m+dp/hard/libm.a(libm_a-ef_log10.o)
                              /Applications/ArmGNUToolchain/13.2.Rel1/arm-none-eabi/bin/../lib/gcc/arm-none-eabi/13.2.1/../../../../arm-none-eabi/lib/thumb/v7e-m+dp/hard/libm.a(libm_a-wf_log10.o) (__ieee754_log10f)
/Applications/ArmGNUToolchain/13.2.Rel1/arm-none-eabi/bin/../lib/gcc/arm-none-eabi/13.2.1/../../../../arm-none-eabi/lib/thumb/v7e-m+dp/hard/libm.a(libm_a-sf_log.o)
                              /Applications/ArmGNUToolchain/13.2.Rel1/arm-none-eabi/bin/../lib/gcc/arm-none-eabi/13.2.1/../../../../arm-none-eabi/lib/thumb/v7e-m+dp/hard/libm.a(libm_a-ef_log10.o) (logf)
/Applications/ArmGNUToolchain/13.2.Rel1/arm-none-eabi/bin/../lib/gcc/arm-none-eabi/13.2.1/../../../../arm-none-eabi/lib/thumb/v7e-m+dp/hard/libm.a(libm_a-sf_log_data.o)
                              /Applications/ArmGNUToolchain/13.2.Rel1/arm-none-eabi/bin/../lib/gcc/arm-none-eabi/13.2.1/../../../../arm-none-eabi/lib/thumb/v7e-m+dp/hard/libm.a(libm_a-sf_log.o) (__logf_data)
/Applications/ArmGNUToolchain/13.2.Rel1/arm-none-eabi/bin/../lib/gcc/arm-none-eabi/13.2.1/../../../../arm-none-eabi/lib/thumb/v7e-m+dp/hard/libm.a(libm_a-sf_expm1.o)
                              /Applications/ArmGNUToolchain/13.2.Rel1/arm-none-eabi/bin/../lib/gcc/arm-none-eabi/13.2.1/../../../../arm-none-eabi/lib/thumb/v7e-m+dp/hard/libm.a(libm_a-sf_tanh.o) (expm1f)
/Applications/ArmGNUToolchain/13.2.Rel1/arm-none-eabi/bin/../lib/gcc/arm-none-eabi/13.2.1/../../../../arm-none-eabi/lib/thumb/v7e-m+dp/hard/libm.a(libm_a-sf_fabs.o)
                              /Applications/ArmGNUToolchain/13.2.Rel1/arm-none-eabi/bin/../lib/gcc/arm-none-eabi/13.2.1/../../../../arm-none-eabi/lib/thumb/v7e-m+dp/hard/libm.a(libm_a-sf_tanh.o) (fabsf)
[...]
Memory Configuration

Name             Origin             Length             Attributes
FLASH            0x08000000         0x00020000         xr
DTCMRAM          0x20000000         0x00020000         xrw
RAM_D1           0x24000000         0x00080000         xrw
RAM_D2           0x30000000         0x00048000         xrw
RAM_D3           0x38000000         0x00010000         xrw
ITCMRAM          0x00000000         0x00010000         xrw
*default*        0x00000000         0xffffffff

Linker script and memory map

LOAD /Applications/ArmGNUToolchain/13.2.Rel1/arm-none-eabi/bin/../lib/gcc/arm-none-eabi/13.2.1/thumb/v7e-m+dp/hard/crti.o
LOAD /Applications/ArmGNUToolchain/13.2.Rel1/arm-none-eabi/bin/../lib/gcc/arm-none-eabi/13.2.1/thumb/v7e-m+dp/hard/crtbegin.o
LOAD /Applications/ArmGNUToolchain/13.2.Rel1/arm-none-eabi/bin/../lib/gcc/arm-none-eabi/13.2.1/../../../../arm-none-eabi/lib/thumb/v7e-m+dp/hard/crt0.o
LOAD build/recorder.no-line-in/app.elf/app/main.o
LOAD build/recorder.no-line-in/app.elf/drivers/adc.o
LOAD build/recorder.no-line-in/app.elf/drivers/analog.o
LOAD build/recorder.no-line-in/app.elf/drivers/dac.o
LOAD build/recorder.no-line-in/app.elf/drivers/flash.o
LOAD build/recorder.no-line-in/app.elf/drivers/irq.o
LOAD build/recorder.no-line-in/app.elf/drivers/serial.o
LOAD build/recorder.no-line-in/app.elf/drivers/system.o
LOAD build/recorder.no-line-in/app.elf/libDaisy/core/startup_stm32h750xx.o
LOAD build/recorder.no-line-in/app.elf/libDaisy/src/sys/system_stm32h7xx.o
LOAD build/recorder.no-line-in/app.elf/libDaisy/Drivers/STM32H7xx_HAL_Driver/Src/stm32h7xx_hal.o
LOAD build/recorder.no-line-in/app.elf/libDaisy/Drivers/STM32H7xx_HAL_Driver/Src/stm32h7xx_hal_pwr.o
LOAD build/recorder.no-line-in/app.elf/libDaisy/Drivers/STM32H7xx_HAL_Driver/Src/stm32h7xx_hal_pwr_ex.o
LOAD build/recorder.no-line-in/app.elf/libDaisy/Drivers/STM32H7xx_HAL_Driver/Src/stm32h7xx_hal_rcc.o
LOAD build/recorder.no-line-in/app.elf/libDaisy/Drivers/STM32H7xx_HAL_Driver/Src/stm32h7xx_hal_rcc_ex.o
LOAD build/recorder.no-line-in/app.elf/libDaisy/Drivers/STM32H7xx_HAL_Driver/Src/stm32h7xx_ll_adc.o
LOAD build/recorder.no-line-in/app.elf/libDaisy/Drivers/STM32H7xx_HAL_Driver/Src/stm32h7xx_ll_crc.o
LOAD build/recorder.no-line-in/app.elf/libDaisy/Drivers/STM32H7xx_HAL_Driver/Src/stm32h7xx_ll_dac.o
LOAD build/recorder.no-line-in/app.elf/libDaisy/Drivers/STM32H7xx_HAL_Driver/Src/stm32h7xx_ll_dma.o
LOAD build/recorder.no-line-in/app.elf/libDaisy/Drivers/STM32H7xx_HAL_Driver/Src/stm32h7xx_ll_gpio.o
LOAD build/recorder.no-line-in/app.elf/libDaisy/Drivers/STM32H7xx_HAL_Driver/Src/stm32h7xx_ll_mdma.o
LOAD build/recorder.no-line-in/app.elf/libDaisy/Drivers/STM32H7xx_HAL_Driver/Src/stm32h7xx_ll_pwr.o
LOAD build/recorder.no-line-in/app.elf/libDaisy/Drivers/STM32H7xx_HAL_Driver/Src/stm32h7xx_ll_rcc.o
LOAD build/recorder.no-line-in/app.elf/libDaisy/Drivers/STM32H7xx_HAL_Driver/Src/stm32h7xx_ll_tim.o
LOAD build/recorder.no-line-in/app.elf/libDaisy/Drivers/STM32H7xx_HAL_Driver/Src/stm32h7xx_ll_usart.o
LOAD /Applications/ArmGNUToolchain/13.2.Rel1/arm-none-eabi/bin/../lib/gcc/arm-none-eabi/13.2.1/../../../../arm-none-eabi/lib/thumb/v7e-m+dp/hard/libnosys.a
LOAD /Applications/ArmGNUToolchain/13.2.Rel1/arm-none-eabi/bin/../lib/gcc/arm-none-eabi/13.2.1/../../../../arm-none-eabi/lib/thumb/v7e-m+dp/hard/libstdc++_nano.a
LOAD /Applications/ArmGNUToolchain/13.2.Rel1/arm-none-eabi/bin/../lib/gcc/arm-none-eabi/13.2.1/../../../../arm-none-eabi/lib/thumb/v7e-m+dp/hard/libm.a
LOAD /Applications/ArmGNUToolchain/13.2.Rel1/arm-none-eabi/bin/../lib/gcc/arm-none-eabi/13.2.1/../../../../arm-none-eabi/lib/thumb/v7e-m+dp/hard/libc_nano.a
START GROUP
LOAD /Applications/ArmGNUToolchain/13.2.Rel1/arm-none-eabi/bin/../lib/gcc/arm-none-eabi/13.2.1/thumb/v7e-m+dp/hard/libgcc.a
LOAD /Applications/ArmGNUToolchain/13.2.Rel1/arm-none-eabi/bin/../lib/gcc/arm-none-eabi/13.2.1/../../../../arm-none-eabi/lib/thumb/v7e-m+dp/hard/libc_nano.a
END GROUP
START GROUP
LOAD /Applications/ArmGNUToolchain/13.2.Rel1/arm-none-eabi/bin/../lib/gcc/arm-none-eabi/13.2.1/thumb/v7e-m+dp/hard/libgcc.a
LOAD /Applications/ArmGNUToolchain/13.2.Rel1/arm-none-eabi/bin/../lib/gcc/arm-none-eabi/13.2.1/../../../../arm-none-eabi/lib/thumb/v7e-m+dp/hard/libc_nano.a
LOAD /Applications/ArmGNUToolchain/13.2.Rel1/arm-none-eabi/bin/../lib/gcc/arm-none-eabi/13.2.1/../../../../arm-none-eabi/lib/thumb/v7e-m+dp/hard/libnosys.a
END GROUP
START GROUP
LOAD /Applications/ArmGNUToolchain/13.2.Rel1/arm-none-eabi/bin/../lib/gcc/arm-none-eabi/13.2.1/thumb/v7e-m+dp/hard/libgcc.a
LOAD /Applications/ArmGNUToolchain/13.2.Rel1/arm-none-eabi/bin/../lib/gcc/arm-none-eabi/13.2.1/../../../../arm-none-eabi/lib/thumb/v7e-m+dp/hard/libc_nano.a
LOAD /Applications/ArmGNUToolchain/13.2.Rel1/arm-none-eabi/bin/../lib/gcc/arm-none-eabi/13.2.1/../../../../arm-none-eabi/lib/thumb/v7e-m+dp/hard/libnosys.a
END GROUP
LOAD /Applications/ArmGNUToolchain/13.2.Rel1/arm-none-eabi/bin/../lib/gcc/arm-none-eabi/13.2.1/thumb/v7e-m+dp/hard/crtend.o
LOAD /Applications/ArmGNUToolchain/13.2.Rel1/arm-none-eabi/bin/../lib/gcc/arm-none-eabi/13.2.1/thumb/v7e-m+dp/hard/crtn.o
                0x20020000                        _estack = 0x20020000

.isr_vector     0x08000000      0x298
                0x08000000                        . = ALIGN (0x4)
 *(.isr_vector)
 .isr_vector    0x08000000      0x298 build/recorder.no-line-in/app.elf/libDaisy/core/startup_stm32h750xx.o
                0x08000000                g_pfnVectors
                0x08000298                        . = ALIGN (0x4)

.text           0x080002a0     0xc7a0
                0x080002a0                        . = ALIGN (0x4)
                0x080002a0                        _stext = .
 *(.text)
 .text          0x080002a0       0x10 /Applications/ArmGNUToolchain/13.2.Rel1/arm-none-eabi/bin/../lib/gcc/arm-none-eabi/13.2.1/../../../../arm-none-eabi/lib/thumb/v7e-m+dp/hard/libc_nano.a(libc_a-strlen.o)
                0x080002a0                strlen
 .text          0x080002b0       0xa0 /Applications/ArmGNUToolchain/13.2.Rel1/arm-none-eabi/bin/../lib/gcc/arm-none-eabi/13.2.1/../../../../arm-none-eabi/lib/thumb/v7e-m+dp/hard/libc_nano.a(libc_a-memchr.o)
                0x080002b0                memchr
 .text          0x08000350      0x378 /Applications/ArmGNUToolchain/13.2.Rel1/arm-none-eabi/bin/../lib/gcc/arm-none-eabi/13.2.1/thumb/v7e-m+dp/hard/libgcc.a(_arm_addsubdf3.o)
                0x08000350                __aeabi_drsub
                0x08000358                __subdf3
                0x08000358                __aeabi_dsub
                0x0800035c                __aeabi_dadd
                0x0800035c                __adddf3
                0x080005d4                __aeabi_ui2d
                0x080005d4                __floatunsidf
                0x080005f4                __floatsidf
                0x080005f4                __aeabi_i2d
                0x08000618                __extendsfdf2
                0x08000618                __aeabi_f2d
                0x0800065c                __aeabi_ul2d
                0x0800065c                __floatundidf
                0x0800066c                __aeabi_l2d
                0x0800066c                __floatdidf
 *(.text*)
 .text.deregister_tm_clones
                0x080006c8       0x1c /Applications/ArmGNUToolchain/13.2.Rel1/arm-none-eabi/bin/../lib/gcc/arm-none-eabi/13.2.1/thumb/v7e-m+dp/hard/crtbegin.o
 .text.register_tm_clones
                0x080006e4       0x24 /Applications/ArmGNUToolchain/13.2.Rel1/arm-none-eabi/bin/../lib/gcc/arm-none-eabi/13.2.1/thumb/v7e-m+dp/hard/crtbegin.o
 .text.__do_global_dtors_aux
                0x08000708       0x28 /Applications/ArmGNUToolchain/13.2.Rel1/arm-none-eabi/bin/../lib/gcc/arm-none-eabi/13.2.1/thumb/v7e-m+dp/hard/crtbegin.o
 .text.frame_dummy
                0x08000730       0x24 /Applications/ArmGNUToolchain/13.2.Rel1/arm-none-eabi/bin/../lib/gcc/arm-none-eabi/13.2.1/thumb/v7e-m+dp/hard/crtbegin.o
 .text._ZN8recorder6Analog5StartEb.part.0
                0x08000754       0x50 build/recorder.no-line-in/app.elf/app/main.o
 .text._ZN8recorder8Switches4InitEv
                0x080007a4      0x1e4 build/recorder.no-line-in/app.elf/app/main.o
                0x080007a4                recorder::Switches::Init()
 .text._ZN8recorder5Flash8WritableEmm
                0x08000988       0xd4 build/recorder.no-line-in/app.elf/app/main.o
                0x08000988                recorder::Flash::Writable(unsigned long, unsigned long)
 .text._ZN8recorder11SynthEngine13ProcessSampleEPKbffiibbb
                0x08000a5c     0x196c build/recorder.no-line-in/app.elf/app/main.o
                0x08000a5c                recorder::SynthEngine::ProcessSample(bool const*, float, float, int, int, bool, bool, bool)
 .text._ZN8recorder7ProcessERKSt5arrayIA3_fLj2EERKS0_IfLj8EE
                0x080023c8      0xd78 build/recorder.no-line-in/app.elf/app/main.o
                0x080023c8                recorder::Process(std::array<float [3], 2u> const&, std::array<float, 8u> const&)
 .text._ZN8recorder10TransitionENS_5StateE
                0x08003140       0xd0 build/recorder.no-line-in/app.elf/app/main.o
                0x08003140                recorder::Transition(recorder::State)
 .text._ZN8recorder19checkRecordPlaybackEbb
                0x08003210      0x284 build/recorder.no-line-in/app.elf/app/main.o
                0x08003210                recorder::checkRecordPlayback(bool, bool)
 .text._ZN8recorder12StateMachineEb
                0x08003494     0x11f4 build/recorder.no-line-in/app.elf/app/main.o
                0x08003494                recorder::StateMachine(bool)
 .text._ZN8recorder14PlaybackEngineINS_12SampleMemoryIDhEEE4InitEv
                0x08004688      0x2c4 build/recorder.no-line-in/app.elf/app/main.o
                0x08004688                recorder::PlaybackEngine<recorder::SampleMemory<half> >::Init()
 .text._ZN8recorder12SampleMemoryIDhE4InitEv
                0x0800494c      0x3b0 build/recorder.no-line-in/app.elf/app/main.o
                0x0800494c                recorder::SampleMemory<half>::Init()
 .text.startup.main
                0x08004cfc      0xc08 build/recorder.no-line-in/app.elf/app/main.o
                0x08004cfc                main
 .text.startup._GLOBAL__sub_I__ZN8recorder7analog_E
                0x08005904      0x11c build/recorder.no-line-in/app.elf/app/main.o
 .text._ZN8recorder3Adc10DMAServiceEv
                0x08005a20      0x350 build/recorder.no-line-in/app.elf/drivers/adc.o
                0x08005a20                recorder::Adc::DMAService()
 .text._ZN8recorder3Adc10DMAHandlerEv
                0x08005d70        0xc build/recorder.no-line-in/app.elf/drivers/adc.o
                0x08005d70                recorder::Adc::DMAHandler()
 *fill*         0x08005d7c        0x4 
 .text._ZN8recorder3Adc7InitADCEP11ADC_TypeDef
                0x08005d80       0x8c build/recorder.no-line-in/app.elf/drivers/adc.o
                0x08005d80                recorder::Adc::InitADC(ADC_TypeDef*)
 *fill*         0x08005e0c        0x4 
 .text._ZN8recorder3Adc17InitAudioSequenceEv
                0x08005e10       0xdc build/recorder.no-line-in/app.elf/drivers/adc.o
                0x08005e10                recorder::Adc::InitAudioSequence()
 .text._ZN8recorder3Adc15InitPotSequenceEv
                0x08005eec      0x1dc build/recorder.no-line-in/app.elf/drivers/adc.o
                0x08005eec                recorder::Adc::InitPotSequence()
 .text._ZN8recorder3Adc4InitEPFvRKSt5arrayIA3_fLj2EERKS1_IfLj8EEE
                0x080060c8      0x2d0 build/recorder.no-line-in/app.elf/drivers/adc.o
                0x080060c8                recorder::Adc::Init(void (*)(std::array<float [3], 2u> const&, std::array<float, 8u> const&))
 .text._ZN8recorder3Adc5StartEv
                0x08006398       0x74 build/recorder.no-line-in/app.elf/drivers/adc.o
                0x08006398                recorder::Adc::Start()
 .text._ZN8recorder3Adc4StopEv
                0x0800640c       0xb4 build/recorder.no-line-in/app.elf/drivers/adc.o
                0x0800640c                recorder::Adc::Stop()
 .text._ZN8recorder6Analog11AdcCallbackERKSt5arrayIA3_fLj2EERKS1_IfLj8EE
                0x080064c0      0x36c build/recorder.no-line-in/app.elf/drivers/analog.o
                0x080064c0                recorder::Analog::AdcCallback(std::array<float [3], 2u> const&, std::array<float, 8u> const&)
 .text._ZN8recorder6Analog4InitEPFKSt5arrayIA3_fLj1EERKS1_IS2_Lj2EERKS1_IfLj8EEE
                0x0800682c      0x144 build/recorder.no-line-in/app.elf/drivers/analog.o
                0x0800682c                recorder::Analog::Init(std::array<float [3], 1u> const (*)(std::array<float [3], 2u> const&, std::array<float, 8u> const&))
 .text._ZN8recorder6Analog10StartTimerEv
                0x08006970       0x14 build/recorder.no-line-in/app.elf/drivers/analog.o
                0x08006970                recorder::Analog::StartTimer()
 .text._ZN8recorder3Dac10DMAHandlerEv
                0x08006984       0x14 build/recorder.no-line-in/app.elf/drivers/dac.o
                0x08006984                recorder::Dac::DMAHandler()
 .text._ZN8recorder3Dac5StartEv
                0x08006998       0x78 build/recorder.no-line-in/app.elf/drivers/dac.o
                0x08006998                recorder::Dac::Start()
 .text._ZN8recorder3Dac4StopEv
                0x08006a10       0x60 build/recorder.no-line-in/app.elf/drivers/dac.o
                0x08006a10                recorder::Dac::Stop()
 .text._ZN8recorder3Dac7InitDMAEv
                0x08006a70       0xa4 build/recorder.no-line-in/app.elf/drivers/dac.o
                0x08006a70                recorder::Dac::InitDMA()
 .text._ZN8recorder3Dac4InitEv
                0x08006b14       0xb8 build/recorder.no-line-in/app.elf/drivers/dac.o
                0x08006b14                recorder::Dac::Init()
 .text._ZN8recorder5Flash4InitEv
                0x08006bcc      0x3b8 build/recorder.no-line-in/app.elf/drivers/flash.o
                0x08006bcc                recorder::Flash::Init()
 .text._ZN8recorder5Flash8ReadDataEPhmm
                0x08006f84      0x10c build/recorder.no-line-in/app.elf/drivers/flash.o
                0x08006f84                recorder::Flash::ReadData(unsigned char*, unsigned long, unsigned long)
 .text._ZN8recorder3irq4InitEv
                0x08007090       0x50 build/recorder.no-line-in/app.elf/drivers/irq.o
                0x08007090                recorder::irq::Init()
 .text._ZN8recorder3irq15RegisterHandlerE9IRQn_TypePFvvE
                0x080070e0       0x44 build/recorder.no-line-in/app.elf/drivers/irq.o
                0x080070e0                recorder::irq::RegisterHandler(IRQn_Type, void (*)())
 .text._ZN8recorder3irq6EnableE9IRQn_Type
                0x08007124       0x34 build/recorder.no-line-in/app.elf/drivers/irq.o
                0x08007124                recorder::irq::Enable(IRQn_Type)
 .text._ZN8recorder3irq11SetPriorityE9IRQn_Typem
                0x08007158       0x58 build/recorder.no-line-in/app.elf/drivers/irq.o
                0x08007158                recorder::irq::SetPriority(IRQn_Type, unsigned long)
 .text._ZN8recorder6Serial4InitEm
                0x080071b0      0x150 build/recorder.no-line-in/app.elf/drivers/serial.o
                0x080071b0                recorder::Serial::Init(unsigned long)
 .text._ZN8recorder6Serial14BytesAvailableEv
                0x08007300        0xc build/recorder.no-line-in/app.elf/drivers/serial.o
                0x08007300                recorder::Serial::BytesAvailable()
 .text._ZN8recorder6Serial15GetByteBlockingEv
                0x0800730c       0x20 build/recorder.no-line-in/app.elf/drivers/serial.o
                0x0800730c                recorder::Serial::GetByteBlocking()
 .text._ZN8recorder6Serial5WriteEhb
                0x0800732c       0x58 build/recorder.no-line-in/app.elf/drivers/serial.o
                0x0800732c                recorder::Serial::Write(unsigned char, bool)
 .text._ZN8recorder6Serial7FlushTxEb
                0x08007384       0x38 build/recorder.no-line-in/app.elf/drivers/serial.o
                0x08007384                recorder::Serial::FlushTx(bool)
 .text._ZN8recorder6Serial16InterruptServiceEv
                0x080073bc       0x94 build/recorder.no-line-in/app.elf/drivers/serial.o
                0x080073bc                recorder::Serial::InterruptService()
 .text._ZN8recorder6Serial16InterruptHandlerEv
                0x08007450        0xc build/recorder.no-line-in/app.elf/drivers/serial.o
                0x08007450                recorder::Serial::InterruptHandler()
 .text.NVIC_SystemReset
                0x0800745c       0x24 build/recorder.no-line-in/app.elf/drivers/system.o
 .text.TickHandler
                0x08007480       0x1c build/recorder.no-line-in/app.elf/drivers/system.o
                0x08007480                TickHandler
 .text._ZN8recorder6systemL15ConfigureClocksEv
                0x0800749c       0xe0 build/recorder.no-line-in/app.elf/drivers/system.o
 .text.HAL_InitTick
                0x0800757c        0x4 build/recorder.no-line-in/app.elf/drivers/system.o
                0x0800757c                HAL_InitTick
 .text._ZN8recorder6system14ReloadWatchdogEv
                0x08007580       0x10 build/recorder.no-line-in/app.elf/drivers/system.o
                0x08007580                recorder::system::ReloadWatchdog()
 .text._ZN8recorder6system4InitEv
                0x08007590      0x3f4 build/recorder.no-line-in/app.elf/drivers/system.o
                0x08007590                recorder::system::Init()
 .text._ZN8recorder6system8Delay_msEm
                0x08007984       0x2c build/recorder.no-line-in/app.elf/drivers/system.o
                0x08007984                recorder::system::Delay_ms(unsigned long)
 .text._ZN8recorder6system13SerialFlushTxEb
                0x080079b0        0xc build/recorder.no-line-in/app.elf/drivers/system.o
                0x080079b0                recorder::system::SerialFlushTx(bool)
 .text._ZN8recorder6system7StandbyEv
                0x080079bc       0xe0 build/recorder.no-line-in/app.elf/drivers/system.o
                0x080079bc                recorder::system::Standby()
 .text._ZN8recorder6system19WakeupWasPlayButtonEv
                0x08007a9c       0x10 build/recorder.no-line-in/app.elf/drivers/system.o
                0x08007a9c                recorder::system::WakeupWasPlayButton()
 .text._ZN8recorder6system5ResetEv
                0x08007aac        0x8 build/recorder.no-line-in/app.elf/drivers/system.o
                0x08007aac                recorder::system::Reset()
 .text.fgets    0x08007ab4       0x84 build/recorder.no-line-in/app.elf/drivers/system.o
                0x08007ab4                fgets
 .text._read    0x08007b38       0x70 build/recorder.no-line-in/app.elf/drivers/system.o
                0x08007b38                _read
 .text._write   0x08007ba8       0x68 build/recorder.no-line-in/app.elf/drivers/system.o
                0x08007ba8                _write
 .text.startup._GLOBAL__sub_I_TickHandler
                0x08007c10       0x14 build/recorder.no-line-in/app.elf/drivers/system.o
 .text.Default_Handler
                0x08007c24        0x4 build/recorder.no-line-in/app.elf/libDaisy/core/startup_stm32h750xx.o
                0x08007c24                DMA1_Stream3_IRQHandler
                0x08007c24                HASH_RNG_IRQHandler
                0x08007c24                EXTI2_IRQHandler
                0x08007c24                TIM8_CC_IRQHandler
                0x08007c24                HRTIM1_Master_IRQHandler
                0x08007c24                DebugMon_Handler
                0x08007c24                UART8_IRQHandler
                0x08007c24                SPI4_IRQHandler
                0x08007c24                TIM1_CC_IRQHandler
                0x08007c24                BDMA_Channel6_IRQHandler
                0x08007c24                DMA2_Stream5_IRQHandler
                0x08007c24                HardFault_Handler
                0x08007c24                HRTIM1_FLT_IRQHandler
                0x08007c24                JPEG_IRQHandler
                0x08007c24                DMA1_Stream5_IRQHandler
                0x08007c24                SysTick_Handler
                0x08007c24                BDMA_Channel1_IRQHandler
                0x08007c24                HRTIM1_TIMD_IRQHandler
                0x08007c24                TAMP_STAMP_IRQHandler
                0x08007c24                PendSV_Handler
                0x08007c24                NMI_Handler
                0x08007c24                EXTI3_IRQHandler
                0x08007c24                LPTIM4_IRQHandler
                0x08007c24                TIM8_TRG_COM_TIM14_IRQHandler
                0x08007c24                LPTIM2_IRQHandler
                0x08007c24                DFSDM1_FLT1_IRQHandler
                0x08007c24                DMAMUX2_OVR_IRQHandler
                0x08007c24                TIM8_UP_TIM13_IRQHandler
                0x08007c24                I2C3_ER_IRQHandler
                0x08007c24                DFSDM1_FLT2_IRQHandler
                0x08007c24                MDMA_IRQHandler
                0x08007c24                LPTIM3_IRQHandler
                0x08007c24                HSEM1_IRQHandler
                0x08007c24                EXTI0_IRQHandler
                0x08007c24                I2C2_EV_IRQHandler
                0x08007c24                DMA1_Stream2_IRQHandler
                0x08007c24                FPU_IRQHandler
                0x08007c24                OTG_HS_WKUP_IRQHandler
                0x08007c24                FDCAN1_IT1_IRQHandler
                0x08007c24                UsageFault_Handler
                0x08007c24                LTDC_ER_IRQHandler
                0x08007c24                DMA2_Stream2_IRQHandler
                0x08007c24                HRTIM1_TIME_IRQHandler
                0x08007c24                SPI1_IRQHandler
                0x08007c24                TIM6_DAC_IRQHandler
                0x08007c24                DCMI_IRQHandler
                0x08007c24                HRTIM1_TIMC_IRQHandler
                0x08007c24                DMA2_Stream3_IRQHandler
                0x08007c24                SAI2_IRQHandler
                0x08007c24                DFSDM1_FLT3_IRQHandler
                0x08007c24                USART6_IRQHandler
                0x08007c24                TIM17_IRQHandler
                0x08007c24                USART3_IRQHandler
                0x08007c24                CRYP_IRQHandler
                0x08007c24                BDMA_Channel7_IRQHandler
                0x08007c24                LPTIM5_IRQHandler
                0x08007c24                UART5_IRQHandler
                0x08007c24                ADC3_IRQHandler
                0x08007c24                DMA2_Stream0_IRQHandler
                0x08007c24                TIM4_IRQHandler
                0x08007c24                BDMA_Channel2_IRQHandler
                0x08007c24                QUADSPI_IRQHandler
                0x08007c24                I2C1_EV_IRQHandler
                0x08007c24                DMA1_Stream6_IRQHandler
                0x08007c24                DMAMUX1_OVR_IRQHandler
                0x08007c24                DMA1_Stream1_IRQHandler
                0x08007c24                TIM16_IRQHandler
                0x08007c24                UART4_IRQHandler
                0x08007c24                BDMA_Channel5_IRQHandler
                0x08007c24                TIM3_IRQHandler
                0x08007c24                RCC_IRQHandler
                0x08007c24                TIM8_BRK_TIM12_IRQHandler
                0x08007c24                TIM1_TRG_COM_IRQHandler
                0x08007c24                Default_Handler
                0x08007c24                ECC_IRQHandler
                0x08007c24                CEC_IRQHandler
                0x08007c24                EXTI15_10_IRQHandler
                0x08007c24                BDMA_Channel0_IRQHandler
                0x08007c24                ADC_IRQHandler
                0x08007c24                DMA1_Stream7_IRQHandler
                0x08007c24                HRTIM1_TIMA_IRQHandler
                0x08007c24                SPI5_IRQHandler
                0x08007c24                TIM7_IRQHandler
                0x08007c24                SDMMC1_IRQHandler
                0x08007c24                TIM5_IRQHandler
                0x08007c24                DMA2_Stream7_IRQHandler
                0x08007c24                TIM15_IRQHandler
                0x08007c24                PVD_AVD_IRQHandler
                0x08007c24                I2C3_EV_IRQHandler
                0x08007c24                EXTI9_5_IRQHandler
                0x08007c24                RTC_WKUP_IRQHandler
                0x08007c24                LTDC_IRQHandler
                0x08007c24                SAI3_IRQHandler
                0x08007c24                ETH_WKUP_IRQHandler
                0x08007c24                SPDIF_RX_IRQHandler
                0x08007c24                SPI2_IRQHandler
                0x08007c24                OTG_HS_EP1_IN_IRQHandler
                0x08007c24                MemManage_Handler
                0x08007c24                DMA1_Stream0_IRQHandler
                0x08007c24                SVC_Handler
                0x08007c24                CRS_IRQHandler
                0x08007c24                EXTI4_IRQHandler
                0x08007c24                HRTIM1_TIMB_IRQHandler
                0x08007c24                FDCAN2_IT1_IRQHandler
                0x08007c24                ETH_IRQHandler
                0x08007c24                TIM1_UP_IRQHandler
                0x08007c24                BDMA_Channel4_IRQHandler
                0x08007c24                OTG_HS_EP1_OUT_IRQHandler
                0x08007c24                WWDG_IRQHandler
                0x08007c24                SPI6_IRQHandler
                0x08007c24                I2C4_EV_IRQHandler
                0x08007c24                MDIOS_IRQHandler
                0x08007c24                FDCAN2_IT0_IRQHandler
                0x08007c24                LPUART1_IRQHandler
                0x08007c24                FDCAN1_IT0_IRQHandler
                0x08007c24                TIM2_IRQHandler
                0x08007c24                OTG_FS_WKUP_IRQHandler
                0x08007c24                OTG_HS_IRQHandler
                0x08007c24                DMA2D_IRQHandler
                0x08007c24                TIM1_BRK_IRQHandler
                0x08007c24                EXTI1_IRQHandler
                0x08007c24                SDMMC2_IRQHandler
                0x08007c24                OTG_FS_EP1_OUT_IRQHandler
                0x08007c24                BDMA_Channel3_IRQHandler
                0x08007c24                UART7_IRQHandler
                0x08007c24                MDIOS_WKUP_IRQHandler
                0x08007c24                USART2_IRQHandler
                0x08007c24                DFSDM1_FLT0_IRQHandler
                0x08007c24                SAI4_IRQHandler
                0x08007c24                I2C2_ER_IRQHandler
                0x08007c24                DMA2_Stream1_IRQHandler
                0x08007c24                FLASH_IRQHandler
                0x08007c24                DMA2_Stream4_IRQHandler
                0x08007c24                BusFault_Handler
                0x08007c24                USART1_IRQHandler
                0x08007c24                OTG_FS_IRQHandler
                0x08007c24                SPI3_IRQHandler
                0x08007c24                WAKEUP_PIN_IRQHandler
                0x08007c24                DMA1_Stream4_IRQHandler
                0x08007c24                OTG_FS_EP1_IN_IRQHandler
                0x08007c24                I2C1_ER_IRQHandler
                0x08007c24                FMC_IRQHandler
                0x08007c24                FDCAN_CAL_IRQHandler
                0x08007c24                SWPMI1_IRQHandler
                0x08007c24                COMP1_IRQHandler
                0x08007c24                LPTIM1_IRQHandler
                0x08007c24                I2C4_ER_IRQHandler
                0x08007c24                DMA2_Stream6_IRQHandler
                0x08007c24                SAI1_IRQHandler
                0x08007c24                RTC_Alarm_IRQHandler
 .text.Reset_Handler
                0x08007c28       0x44 build/recorder.no-line-in/app.elf/libDaisy/core/startup_stm32h750xx.o
                0x08007c28                Reset_Handler
 .text.SystemInit
                0x08007c6c       0x80 build/recorder.no-line-in/app.elf/libDaisy/src/sys/system_stm32h7xx.o
                0x08007c6c                SystemInit
 .text.HAL_GetTick
                0x08007cec        0xc build/recorder.no-line-in/app.elf/libDaisy/Drivers/STM32H7xx_HAL_Driver/Src/stm32h7xx_hal.o
                0x08007cec                HAL_GetTick
 .text.HAL_GetREVID
                0x08007cf8        0xc build/recorder.no-line-in/app.elf/libDaisy/Drivers/STM32H7xx_HAL_Driver/Src/stm32h7xx_hal.o
                0x08007cf8                HAL_GetREVID
 .text.HAL_DBGMCU_DisableDBGSleepMode
                0x08007d04       0x10 build/recorder.no-line-in/app.elf/libDaisy/Drivers/STM32H7xx_HAL_Driver/Src/stm32h7xx_hal.o
                0x08007d04                HAL_DBGMCU_DisableDBGSleepMode
 .text.HAL_DBGMCU_DisableDBGStopMode
                0x08007d14       0x10 build/recorder.no-line-in/app.elf/libDaisy/Drivers/STM32H7xx_HAL_Driver/Src/stm32h7xx_hal.o
                0x08007d14                HAL_DBGMCU_DisableDBGStopMode
 .text.HAL_DBGMCU_DisableDBGStandbyMode
                0x08007d24       0x10 build/recorder.no-line-in/app.elf/libDaisy/Drivers/STM32H7xx_HAL_Driver/Src/stm32h7xx_hal.o
                0x08007d24                HAL_DBGMCU_DisableDBGStandbyMode
 .text.HAL_PWR_EnterSLEEPMode
                0x08007d34       0x1c build/recorder.no-line-in/app.elf/libDaisy/Drivers/STM32H7xx_HAL_Driver/Src/stm32h7xx_hal_pwr.o
                0x08007d34                HAL_PWR_EnterSLEEPMode
 .text.HAL_PWREx_ConfigSupply
                0x08007d50       0x4c build/recorder.no-line-in/app.elf/libDaisy/Drivers/STM32H7xx_HAL_Driver/Src/stm32h7xx_hal_pwr_ex.o
                0x08007d50                HAL_PWREx_ConfigSupply
 .text.HAL_RCC_OscConfig
                0x08007d9c      0x518 build/recorder.no-line-in/app.elf/libDaisy/Drivers/STM32H7xx_HAL_Driver/Src/stm32h7xx_hal_rcc.o
                0x08007d9c                HAL_RCC_OscConfig
 .text.HAL_RCC_GetSysClockFreq
                0x080082b4      0x11c build/recorder.no-line-in/app.elf/libDaisy/Drivers/STM32H7xx_HAL_Driver/Src/stm32h7xx_hal_rcc.o
                0x080082b4                HAL_RCC_GetSysClockFreq
 .text.HAL_RCC_ClockConfig
                0x080083d0      0x238 build/recorder.no-line-in/app.elf/libDaisy/Drivers/STM32H7xx_HAL_Driver/Src/stm32h7xx_hal_rcc.o
                0x080083d0                HAL_RCC_ClockConfig
 .text.RCCEx_PLL2_Config.part.0
                0x08008608       0xe0 build/recorder.no-line-in/app.elf/libDaisy/Drivers/STM32H7xx_HAL_Driver/Src/stm32h7xx_hal_rcc_ex.o
 .text.RCCEx_PLL3_Config.part.0
                0x080086e8       0xe0 build/recorder.no-line-in/app.elf/libDaisy/Drivers/STM32H7xx_HAL_Driver/Src/stm32h7xx_hal_rcc_ex.o
 .text.HAL_RCCEx_PeriphCLKConfig
                0x080087c8      0xcc4 build/recorder.no-line-in/app.elf/libDaisy/Drivers/STM32H7xx_HAL_Driver/Src/stm32h7xx_hal_rcc_ex.o
                0x080087c8                HAL_RCCEx_PeriphCLKConfig
 .text.LL_ADC_Init
                0x0800948c       0x34 build/recorder.no-line-in/app.elf/libDaisy/Drivers/STM32H7xx_HAL_Driver/Src/stm32h7xx_ll_adc.o
                0x0800948c                LL_ADC_Init
 .text.LL_ADC_REG_Init
                0x080094c0       0x50 build/recorder.no-line-in/app.elf/libDaisy/Drivers/STM32H7xx_HAL_Driver/Src/stm32h7xx_ll_adc.o
                0x080094c0                LL_ADC_REG_Init
 .text.LL_DAC_Init
                0x08009510       0x70 build/recorder.no-line-in/app.elf/libDaisy/Drivers/STM32H7xx_HAL_Driver/Src/stm32h7xx_ll_dac.o
                0x08009510                LL_DAC_Init
 .text.LL_DMA_Init
                0x08009580       0xc4 build/recorder.no-line-in/app.elf/libDaisy/Drivers/STM32H7xx_HAL_Driver/Src/stm32h7xx_ll_dma.o
                0x08009580                LL_DMA_Init
 .text.LL_GPIO_Init
                0x08009644      0x168 build/recorder.no-line-in/app.elf/libDaisy/Drivers/STM32H7xx_HAL_Driver/Src/stm32h7xx_ll_gpio.o
                0x08009644                LL_GPIO_Init
 .text.LL_GPIO_StructInit
                0x080097ac       0x18 build/recorder.no-line-in/app.elf/libDaisy/Drivers/STM32H7xx_HAL_Driver/Src/stm32h7xx_ll_gpio.o
                0x080097ac                LL_GPIO_StructInit
 .text.LL_MDMA_Init
                0x080097c4       0xd8 build/recorder.no-line-in/app.elf/libDaisy/Drivers/STM32H7xx_HAL_Driver/Src/stm32h7xx_ll_mdma.o
                0x080097c4                LL_MDMA_Init
 .text.LL_RCC_GetPLL1ClockFreq
                0x0800989c      0x190 build/recorder.no-line-in/app.elf/libDaisy/Drivers/STM32H7xx_HAL_Driver/Src/stm32h7xx_ll_rcc.o
                0x0800989c                LL_RCC_GetPLL1ClockFreq
 .text.LL_RCC_GetPLL2ClockFreq
                0x08009a2c      0x190 build/recorder.no-line-in/app.elf/libDaisy/Drivers/STM32H7xx_HAL_Driver/Src/stm32h7xx_ll_rcc.o
                0x08009a2c                LL_RCC_GetPLL2ClockFreq
 .text.LL_RCC_GetPLL3ClockFreq
                0x08009bbc      0x1a0 build/recorder.no-line-in/app.elf/libDaisy/Drivers/STM32H7xx_HAL_Driver/Src/stm32h7xx_ll_rcc.o
                0x08009bbc                LL_RCC_GetPLL3ClockFreq
 .text.LL_RCC_GetUSARTClockFreq
                0x08009d5c      0x1e8 build/recorder.no-line-in/app.elf/libDaisy/Drivers/STM32H7xx_HAL_Driver/Src/stm32h7xx_ll_rcc.o
                0x08009d5c                LL_RCC_GetUSARTClockFreq
 .text.LL_TIM_Init
                0x08009f44       0xcc build/recorder.no-line-in/app.elf/libDaisy/Drivers/STM32H7xx_HAL_Driver/Src/stm32h7xx_ll_tim.o
                0x08009f44                LL_TIM_Init
 .text.LL_USART_Init
                0x0800a010      0x10c build/recorder.no-line-in/app.elf/libDaisy/Drivers/STM32H7xx_HAL_Driver/Src/stm32h7xx_ll_usart.o
                0x0800a010                LL_USART_Init
 .text.expf     0x0800a11c       0xe4 /Applications/ArmGNUToolchain/13.2.Rel1/arm-none-eabi/bin/../lib/gcc/arm-none-eabi/13.2.1/../../../../arm-none-eabi/lib/thumb/v7e-m+dp/hard/libm.a(libm_a-sf_exp.o)
                0x0800a11c                expf
 .text.exp2f    0x0800a200       0xd0 /Applications/ArmGNUToolchain/13.2.Rel1/arm-none-eabi/bin/../lib/gcc/arm-none-eabi/13.2.1/../../../../arm-none-eabi/lib/thumb/v7e-m+dp/hard/libm.a(libm_a-sf_exp2.o)
                0x0800a200                exp2f
 .text.sinf     0x0800a2d0      0x1dc /Applications/ArmGNUToolchain/13.2.Rel1/arm-none-eabi/bin/../lib/gcc/arm-none-eabi/13.2.1/../../../../arm-none-eabi/lib/thumb/v7e-m+dp/hard/libm.a(libm_a-sinf.o)
                0x0800a2d0                sinf
 *fill*         0x0800a4ac        0x4 
 .text.cosf     0x0800a4b0      0x1d4 /Applications/ArmGNUToolchain/13.2.Rel1/arm-none-eabi/bin/../lib/gcc/arm-none-eabi/13.2.1/../../../../arm-none-eabi/lib/thumb/v7e-m+dp/hard/libm.a(libm_a-cosf.o)
                0x0800a4b0                cosf
 .text.with_errnof
                0x0800a684       0x1c /Applications/ArmGNUToolchain/13.2.Rel1/arm-none-eabi/bin/../lib/gcc/arm-none-eabi/13.2.1/../../../../arm-none-eabi/lib/thumb/v7e-m+dp/hard/libm.a(libm_a-math_errf.o)
 .text.xflowf   0x0800a6a0       0x20 /Applications/ArmGNUToolchain/13.2.Rel1/arm-none-eabi/bin/../lib/gcc/arm-none-eabi/13.2.1/../../../../arm-none-eabi/lib/thumb/v7e-m+dp/hard/libm.a(libm_a-math_errf.o)
 .text.__math_uflowf
                0x0800a6c0        0xc /Applications/ArmGNUToolchain/13.2.Rel1/arm-none-eabi/bin/../lib/gcc/arm-none-eabi/13.2.1/../../../../arm-none-eabi/lib/thumb/v7e-m+dp/hard/libm.a(libm_a-math_errf.o)
                0x0800a6c0                __math_uflowf
 .text.__math_may_uflowf
                0x0800a6cc        0xc /Applications/ArmGNUToolchain/13.2.Rel1/arm-none-eabi/bin/../lib/gcc/arm-none-eabi/13.2.1/../../../../arm-none-eabi/lib/thumb/v7e-m+dp/hard/libm.a(libm_a-math_errf.o)
                0x0800a6cc                __math_may_uflowf
 .text.__math_oflowf
                0x0800a6d8        0xc /Applications/ArmGNUToolchain/13.2.Rel1/arm-none-eabi/bin/../lib/gcc/arm-none-eabi/13.2.1/../../../../arm-none-eabi/lib/thumb/v7e-m+dp/hard/libm.a(libm_a-math_errf.o)
                0x0800a6d8                __math_oflowf
 .text.__math_divzerof
                0x0800a6e4       0x24 /Applications/ArmGNUToolchain/13.2.Rel1/arm-none-eabi/bin/../lib/gcc/arm-none-eabi/13.2.1/../../../../arm-none-eabi/lib/thumb/v7e-m+dp/hard/libm.a(libm_a-math_errf.o)
                0x0800a6e4                __math_divzerof
 .text.__math_invalidf
                0x0800a708       0x20 /Applications/ArmGNUToolchain/13.2.Rel1/arm-none-eabi/bin/../lib/gcc/arm-none-eabi/13.2.1/../../../../arm-none-eabi/lib/thumb/v7e-m+dp/hard/libm.a(libm_a-math_errf.o)
                0x0800a708                __math_invalidf
 .text.log10f   0x0800a728       0x60 /Applications/ArmGNUToolchain/13.2.Rel1/arm-none-eabi/bin/../lib/gcc/arm-none-eabi/13.2.1/../../../../arm-none-eabi/lib/thumb/v7e-m+dp/hard/libm.a(libm_a-wf_log10.o)
                0x0800a728                log10f
 .text.nanf     0x0800a788        0xc /Applications/ArmGNUToolchain/13.2.Rel1/arm-none-eabi/bin/../lib/gcc/arm-none-eabi/13.2.1/../../../../arm-none-eabi/lib/thumb/v7e-m+dp/hard/libm.a(libm_a-sf_nan.o)
                0x0800a788                nanf
 .text.tanhf    0x0800a794       0xf8 /Applications/ArmGNUToolchain/13.2.Rel1/arm-none-eabi/bin/../lib/gcc/arm-none-eabi/13.2.1/../../../../arm-none-eabi/lib/thumb/v7e-m+dp/hard/libm.a(libm_a-sf_tanh.o)
                0x0800a794                tanhf
 .text.__ieee754_log10f
                0x0800a88c       0xc4 /Applications/ArmGNUToolchain/13.2.Rel1/arm-none-eabi/bin/../lib/gcc/arm-none-eabi/13.2.1/../../../../arm-none-eabi/lib/thumb/v7e-m+dp/hard/libm.a(libm_a-ef_log10.o)
                0x0800a88c                __ieee754_log10f
 .text.logf     0x0800a950       0xc8 /Applications/ArmGNUToolchain/13.2.Rel1/arm-none-eabi/bin/../lib/gcc/arm-none-eabi/13.2.1/../../../../arm-none-eabi/lib/thumb/v7e-m+dp/hard/libm.a(libm_a-sf_log.o)
                0x0800a950                logf
 .text.expm1f   0x0800aa18      0x26c /Applications/ArmGNUToolchain/13.2.Rel1/arm-none-eabi/bin/../lib/gcc/arm-none-eabi/13.2.1/../../../../arm-none-eabi/lib/thumb/v7e-m+dp/hard/libm.a(libm_a-sf_expm1.o)
                0x0800aa18                expm1f
 .text.fabsf    0x0800ac84       0x10 /Applications/ArmGNUToolchain/13.2.Rel1/arm-none-eabi/bin/../lib/gcc/arm-none-eabi/13.2.1/../../../../arm-none-eabi/lib/thumb/v7e-m+dp/hard/libm.a(libm_a-sf_fabs.o)
                0x0800ac84                fabsf
 .text.__assert_func
                0x0800ac94       0x3c /Applications/ArmGNUToolchain/13.2.Rel1/arm-none-eabi/bin/../lib/gcc/arm-none-eabi/13.2.1/../../../../arm-none-eabi/lib/thumb/v7e-m+dp/hard/libc_nano.a(libc_a-assert.o)
                0x0800ac94                __assert_func
 .text.clearerr
                0x0800acd0       0x48 /Applications/ArmGNUToolchain/13.2.Rel1/arm-none-eabi/bin/../lib/gcc/arm-none-eabi/13.2.1/../../../../arm-none-eabi/lib/thumb/v7e-m+dp/hard/libc_nano.a(libc_a-clearerr.o)
                0x0800acd0                clearerr
 .text.feof     0x0800ad18       0x48 /Applications/ArmGNUToolchain/13.2.Rel1/arm-none-eabi/bin/../lib/gcc/arm-none-eabi/13.2.1/../../../../arm-none-eabi/lib/thumb/v7e-m+dp/hard/libc_nano.a(libc_a-feof.o)
                0x0800ad18                feof
 .text.ferror   0x0800ad60       0x48 /Applications/ArmGNUToolchain/13.2.Rel1/arm-none-eabi/bin/../lib/gcc/arm-none-eabi/13.2.1/../../../../arm-none-eabi/lib/thumb/v7e-m+dp/hard/libc_nano.a(libc_a-ferror.o)
                0x0800ad60                ferror
 .text.std      0x0800ada8       0x6c /Applications/ArmGNUToolchain/13.2.Rel1/arm-none-eabi/bin/../lib/gcc/arm-none-eabi/13.2.1/../../../../arm-none-eabi/lib/thumb/v7e-m+dp/hard/libc_nano.a(libc_a-findfp.o)
 .text.stdio_exit_handler
                0x0800ae14       0x18 /Applications/ArmGNUToolchain/13.2.Rel1/arm-none-eabi/bin/../lib/gcc/arm-none-eabi/13.2.1/../../../../arm-none-eabi/lib/thumb/v7e-m+dp/hard/libc_nano.a(libc_a-findfp.o)
 .text.cleanup_stdio
                0x0800ae2c       0x40 /Applications/ArmGNUToolchain/13.2.Rel1/arm-none-eabi/bin/../lib/gcc/arm-none-eabi/13.2.1/../../../../arm-none-eabi/lib/thumb/v7e-m+dp/hard/libc_nano.a(libc_a-findfp.o)
 .text.global_stdio_init.part.0
                0x0800ae6c       0x3c /Applications/ArmGNUToolchain/13.2.Rel1/arm-none-eabi/bin/../lib/gcc/arm-none-eabi/13.2.1/../../../../arm-none-eabi/lib/thumb/v7e-m+dp/hard/libc_nano.a(libc_a-findfp.o)
 .text.__sfp_lock_acquire
                0x0800aea8        0xc /Applications/ArmGNUToolchain/13.2.Rel1/arm-none-eabi/bin/../lib/gcc/arm-none-eabi/13.2.1/../../../../arm-none-eabi/lib/thumb/v7e-m+dp/hard/libc_nano.a(libc_a-findfp.o)
                0x0800aea8                __sfp_lock_acquire
 .text.__sfp_lock_release
                0x0800aeb4        0xc /Applications/ArmGNUToolchain/13.2.Rel1/arm-none-eabi/bin/../lib/gcc/arm-none-eabi/13.2.1/../../../../arm-none-eabi/lib/thumb/v7e-m+dp/hard/libc_nano.a(libc_a-findfp.o)
                0x0800aeb4                __sfp_lock_release
 .text.__sinit  0x0800aec0       0x30 /Applications/ArmGNUToolchain/13.2.Rel1/arm-none-eabi/bin/../lib/gcc/arm-none-eabi/13.2.1/../../../../arm-none-eabi/lib/thumb/v7e-m+dp/hard/libc_nano.a(libc_a-findfp.o)
                0x0800aec0                __sinit
 .text.fprintf  0x0800aef0       0x24 /Applications/ArmGNUToolchain/13.2.Rel1/arm-none-eabi/bin/../lib/gcc/arm-none-eabi/13.2.1/../../../../arm-none-eabi/lib/thumb/v7e-m+dp/hard/libc_nano.a(libc_a-fprintf.o)
                0x0800aef0                fprintf
                0x0800aef0                fiprintf
 .text._fwalk_sglue
                0x0800af14       0x3c /Applications/ArmGNUToolchain/13.2.Rel1/arm-none-eabi/bin/../lib/gcc/arm-none-eabi/13.2.1/../../../../arm-none-eabi/lib/thumb/v7e-m+dp/hard/libc_nano.a(libc_a-fwalk.o)
                0x0800af14                _fwalk_sglue
 .text.getc     0x0800af50       0x60 /Applications/ArmGNUToolchain/13.2.Rel1/arm-none-eabi/bin/../lib/gcc/arm-none-eabi/13.2.1/../../../../arm-none-eabi/lib/thumb/v7e-m+dp/hard/libc_nano.a(libc_a-getc.o)
                0x0800af50                getc
 .text.printf   0x0800afb0       0x24 /Applications/ArmGNUToolchain/13.2.Rel1/arm-none-eabi/bin/../lib/gcc/arm-none-eabi/13.2.1/../../../../arm-none-eabi/lib/thumb/v7e-m+dp/hard/libc_nano.a(libc_a-printf.o)
                0x0800afb0                printf
                0x0800afb0                iprintf
 .text._puts_r  0x0800afd4       0xaa /Applications/ArmGNUToolchain/13.2.Rel1/arm-none-eabi/bin/../lib/gcc/arm-none-eabi/13.2.1/../../../../arm-none-eabi/lib/thumb/v7e-m+dp/hard/libc_nano.a(libc_a-puts.o)
                0x0800afd4                _puts_r
 *fill*         0x0800b07e        0x2 
 .text.puts     0x0800b080       0x10 /Applications/ArmGNUToolchain/13.2.Rel1/arm-none-eabi/bin/../lib/gcc/arm-none-eabi/13.2.1/../../../../arm-none-eabi/lib/thumb/v7e-m+dp/hard/libc_nano.a(libc_a-puts.o)
                0x0800b080                puts
 .text.__srget_r
                0x0800b090       0x30 /Applications/ArmGNUToolchain/13.2.Rel1/arm-none-eabi/bin/../lib/gcc/arm-none-eabi/13.2.1/../../../../arm-none-eabi/lib/thumb/v7e-m+dp/hard/libc_nano.a(libc_a-rget.o)
                0x0800b090                __srget_r
 .text.strncpy  0x0800b0c0       0x26 /Applications/ArmGNUToolchain/13.2.Rel1/arm-none-eabi/bin/../lib/gcc/arm-none-eabi/13.2.1/../../../../arm-none-eabi/lib/thumb/v7e-m+dp/hard/libc_nano.a(libc_a-strncpy.o)
                0x0800b0c0                strncpy
 .text.memset   0x0800b0e6       0x10 /Applications/ArmGNUToolchain/13.2.Rel1/arm-none-eabi/bin/../lib/gcc/arm-none-eabi/13.2.1/../../../../arm-none-eabi/lib/thumb/v7e-m+dp/hard/libc_nano.a(libc_a-memset.o)
                0x0800b0e6                memset
 *fill*         0x0800b0f6        0x2 
 .text.__errno  0x0800b0f8        0xc /Applications/ArmGNUToolchain/13.2.Rel1/arm-none-eabi/bin/../lib/gcc/arm-none-eabi/13.2.1/../../../../arm-none-eabi/lib/thumb/v7e-m+dp/hard/libc_nano.a(libc_a-errno.o)
                0x0800b0f8                __errno
 .text.__libc_init_array
                0x0800b104       0x48 /Applications/ArmGNUToolchain/13.2.Rel1/arm-none-eabi/bin/../lib/gcc/arm-none-eabi/13.2.1/../../../../arm-none-eabi/lib/thumb/v7e-m+dp/hard/libc_nano.a(libc_a-init.o)
                0x0800b104                __libc_init_array
 .text.__retarget_lock_init_recursive
                0x0800b14c        0x2 /Applications/ArmGNUToolchain/13.2.Rel1/arm-none-eabi/bin/../lib/gcc/arm-none-eabi/13.2.1/../../../../arm-none-eabi/lib/thumb/v7e-m+dp/hard/libc_nano.a(libc_a-lock.o)
                0x0800b14c                __retarget_lock_init_recursive
 .text.__retarget_lock_acquire_recursive
                0x0800b14e        0x2 /Applications/ArmGNUToolchain/13.2.Rel1/arm-none-eabi/bin/../lib/gcc/arm-none-eabi/13.2.1/../../../../arm-none-eabi/lib/thumb/v7e-m+dp/hard/libc_nano.a(libc_a-lock.o)
                0x0800b14e                __retarget_lock_acquire_recursive
 .text.__retarget_lock_release_recursive
                0x0800b150        0x2 /Applications/ArmGNUToolchain/13.2.Rel1/arm-none-eabi/bin/../lib/gcc/arm-none-eabi/13.2.1/../../../../arm-none-eabi/lib/thumb/v7e-m+dp/hard/libc_nano.a(libc_a-lock.o)
                0x0800b150                __retarget_lock_release_recursive
 .text.memcpy   0x0800b152       0x1c /Applications/ArmGNUToolchain/13.2.Rel1/arm-none-eabi/bin/../lib/gcc/arm-none-eabi/13.2.1/../../../../arm-none-eabi/lib/thumb/v7e-m+dp/hard/libc_nano.a(libc_a-memcpy-stub.o)
                0x0800b152                memcpy
 .text.abort    0x0800b16e        0xe /Applications/ArmGNUToolchain/13.2.Rel1/arm-none-eabi/bin/../lib/gcc/arm-none-eabi/13.2.1/../../../../arm-none-eabi/lib/thumb/v7e-m+dp/hard/libc_nano.a(libc_a-abort.o)
                0x0800b16e                abort
 .text.__sfputc_r
                0x0800b17c       0x2e /Applications/ArmGNUToolchain/13.2.Rel1/arm-none-eabi/bin/../lib/gcc/arm-none-eabi/13.2.1/../../../../arm-none-eabi/lib/thumb/v7e-m+dp/hard/libc_nano.a(libc_a-nano-vfprintf.o)
 .text.__sfputs_r
                0x0800b1aa       0x24 /Applications/ArmGNUToolchain/13.2.Rel1/arm-none-eabi/bin/../lib/gcc/arm-none-eabi/13.2.1/../../../../arm-none-eabi/lib/thumb/v7e-m+dp/hard/libc_nano.a(libc_a-nano-vfprintf.o)
                0x0800b1aa                __sfputs_r
 *fill*         0x0800b1ce        0x2 
 .text._vfprintf_r
                0x0800b1d0      0x230 /Applications/ArmGNUToolchain/13.2.Rel1/arm-none-eabi/bin/../lib/gcc/arm-none-eabi/13.2.1/../../../../arm-none-eabi/lib/thumb/v7e-m+dp/hard/libc_nano.a(libc_a-nano-vfprintf.o)
                0x0800b1d0                _vfiprintf_r
                0x0800b1d0                _vfprintf_r
 .text.sbrk_aligned
                0x0800b400       0x44 /Applications/ArmGNUToolchain/13.2.Rel1/arm-none-eabi/bin/../lib/gcc/arm-none-eabi/13.2.1/../../../../arm-none-eabi/lib/thumb/v7e-m+dp/hard/libc_nano.a(libc_a-mallocr.o)
 .text._malloc_r
                0x0800b444      0x100 /Applications/ArmGNUToolchain/13.2.Rel1/arm-none-eabi/bin/../lib/gcc/arm-none-eabi/13.2.1/../../../../arm-none-eabi/lib/thumb/v7e-m+dp/hard/libc_nano.a(libc_a-mallocr.o)
                0x0800b444                _malloc_r
 .text._printf_common
                0x0800b544       0xda /Applications/ArmGNUToolchain/13.2.Rel1/arm-none-eabi/bin/../lib/gcc/arm-none-eabi/13.2.1/../../../../arm-none-eabi/lib/thumb/v7e-m+dp/hard/libc_nano.a(libc_a-nano-vfprintf_i.o)
                0x0800b544                _printf_common
 *fill*         0x0800b61e        0x2 
 .text._printf_i
                0x0800b620      0x23c /Applications/ArmGNUToolchain/13.2.Rel1/arm-none-eabi/bin/../lib/gcc/arm-none-eabi/13.2.1/../../../../arm-none-eabi/lib/thumb/v7e-m+dp/hard/libc_nano.a(libc_a-nano-vfprintf_i.o)
                0x0800b620                _printf_i
 .text.__sflush_r
                0x0800b85c      0x108 /Applications/ArmGNUToolchain/13.2.Rel1/arm-none-eabi/bin/../lib/gcc/arm-none-eabi/13.2.1/../../../../arm-none-eabi/lib/thumb/v7e-m+dp/hard/libc_nano.a(libc_a-fflush.o)
                0x0800b85c                __sflush_r
 .text._fflush_r
                0x0800b964       0x50 /Applications/ArmGNUToolchain/13.2.Rel1/arm-none-eabi/bin/../lib/gcc/arm-none-eabi/13.2.1/../../../../arm-none-eabi/lib/thumb/v7e-m+dp/hard/libc_nano.a(libc_a-fflush.o)
                0x0800b964                _fflush_r
 .text.__malloc_lock
                0x0800b9b4        0xc /Applications/ArmGNUToolchain/13.2.Rel1/arm-none-eabi/bin/../lib/gcc/arm-none-eabi/13.2.1/../../../../arm-none-eabi/lib/thumb/v7e-m+dp/hard/libc_nano.a(libc_a-mlock.o)
                0x0800b9b4                __malloc_lock
 .text.__malloc_unlock
                0x0800b9c0        0xc /Applications/ArmGNUToolchain/13.2.Rel1/arm-none-eabi/bin/../lib/gcc/arm-none-eabi/13.2.1/../../../../arm-none-eabi/lib/thumb/v7e-m+dp/hard/libc_nano.a(libc_a-mlock.o)
                0x0800b9c0                __malloc_unlock
 .text.__sread  0x0800b9cc       0x22 /Applications/ArmGNUToolchain/13.2.Rel1/arm-none-eabi/bin/../lib/gcc/arm-none-eabi/13.2.1/../../../../arm-none-eabi/lib/thumb/v7e-m+dp/hard/libc_nano.a(libc_a-stdio.o)
                0x0800b9cc                __sread
 .text.__swrite
                0x0800b9ee       0x38 /Applications/ArmGNUToolchain/13.2.Rel1/arm-none-eabi/bin/../lib/gcc/arm-none-eabi/13.2.1/../../../../arm-none-eabi/lib/thumb/v7e-m+dp/hard/libc_nano.a(libc_a-stdio.o)
                0x0800b9ee                __swrite
 .text.__sseek  0x0800ba26       0x24 /Applications/ArmGNUToolchain/13.2.Rel1/arm-none-eabi/bin/../lib/gcc/arm-none-eabi/13.2.1/../../../../arm-none-eabi/lib/thumb/v7e-m+dp/hard/libc_nano.a(libc_a-stdio.o)
                0x0800ba26                __sseek
 .text.__sclose
                0x0800ba4a        0x8 /Applications/ArmGNUToolchain/13.2.Rel1/arm-none-eabi/bin/../lib/gcc/arm-none-eabi/13.2.1/../../../../arm-none-eabi/lib/thumb/v7e-m+dp/hard/libc_nano.a(libc_a-stdio.o)
                0x0800ba4a                __sclose
 .text.__swbuf_r
                0x0800ba52       0x7c /Applications/ArmGNUToolchain/13.2.Rel1/arm-none-eabi/bin/../lib/gcc/arm-none-eabi/13.2.1/../../../../arm-none-eabi/lib/thumb/v7e-m+dp/hard/libc_nano.a(libc_a-wbuf.o)
                0x0800ba52                __swbuf_r
 *fill*         0x0800bace        0x2 
 .text.__swsetup_r
                0x0800bad0       0xac /Applications/ArmGNUToolchain/13.2.Rel1/arm-none-eabi/bin/../lib/gcc/arm-none-eabi/13.2.1/../../../../arm-none-eabi/lib/thumb/v7e-m+dp/hard/libc_nano.a(libc_a-wsetup.o)
                0x0800bad0                __swsetup_r
 .text.__swhatbuf_r
                0x0800bb7c       0x4c /Applications/ArmGNUToolchain/13.2.Rel1/arm-none-eabi/bin/../lib/gcc/arm-none-eabi/13.2.1/../../../../arm-none-eabi/lib/thumb/v7e-m+dp/hard/libc_nano.a(libc_a-makebuf.o)
                0x0800bb7c                __swhatbuf_r
 .text.__smakebuf_r
                0x0800bbc8       0x78 /Applications/ArmGNUToolchain/13.2.Rel1/arm-none-eabi/bin/../lib/gcc/arm-none-eabi/13.2.1/../../../../arm-none-eabi/lib/thumb/v7e-m+dp/hard/libc_nano.a(libc_a-makebuf.o)
                0x0800bbc8                __smakebuf_r
 .text.lflush   0x0800bc40       0x1c /Applications/ArmGNUToolchain/13.2.Rel1/arm-none-eabi/bin/../lib/gcc/arm-none-eabi/13.2.1/../../../../arm-none-eabi/lib/thumb/v7e-m+dp/hard/libc_nano.a(libc_a-refill.o)
 .text.__srefill_r
                0x0800bc5c       0xe8 /Applications/ArmGNUToolchain/13.2.Rel1/arm-none-eabi/bin/../lib/gcc/arm-none-eabi/13.2.1/../../../../arm-none-eabi/lib/thumb/v7e-m+dp/hard/libc_nano.a(libc_a-refill.o)
                0x0800bc5c                __srefill_r
 .text._close_r
                0x0800bd44       0x20 /Applications/ArmGNUToolchain/13.2.Rel1/arm-none-eabi/bin/../lib/gcc/arm-none-eabi/13.2.1/../../../../arm-none-eabi/lib/thumb/v7e-m+dp/hard/libc_nano.a(libc_a-closer.o)
                0x0800bd44                _close_r
 .text._fstat_r
                0x0800bd64       0x24 /Applications/ArmGNUToolchain/13.2.Rel1/arm-none-eabi/bin/../lib/gcc/arm-none-eabi/13.2.1/../../../../arm-none-eabi/lib/thumb/v7e-m+dp/hard/libc_nano.a(libc_a-fstatr.o)
                0x0800bd64                _fstat_r
 .text._isatty_r
                0x0800bd88       0x20 /Applications/ArmGNUToolchain/13.2.Rel1/arm-none-eabi/bin/../lib/gcc/arm-none-eabi/13.2.1/../../../../arm-none-eabi/lib/thumb/v7e-m+dp/hard/libc_nano.a(libc_a-isattyr.o)
                0x0800bd88                _isatty_r
 .text._lseek_r
                0x0800bda8       0x24 /Applications/ArmGNUToolchain/13.2.Rel1/arm-none-eabi/bin/../lib/gcc/arm-none-eabi/13.2.1/../../../../arm-none-eabi/lib/thumb/v7e-m+dp/hard/libc_nano.a(libc_a-lseekr.o)
                0x0800bda8                _lseek_r
 .text._raise_r
                0x0800bdcc       0x50 /Applications/ArmGNUToolchain/13.2.Rel1/arm-none-eabi/bin/../lib/gcc/arm-none-eabi/13.2.1/../../../../arm-none-eabi/lib/thumb/v7e-m+dp/hard/libc_nano.a(libc_a-signal.o)
                0x0800bdcc                _raise_r
 .text.raise    0x0800be1c       0x10 /Applications/ArmGNUToolchain/13.2.Rel1/arm-none-eabi/bin/../lib/gcc/arm-none-eabi/13.2.1/../../../../arm-none-eabi/lib/thumb/v7e-m+dp/hard/libc_nano.a(libc_a-signal.o)
                0x0800be1c                raise
 .text._read_r  0x0800be2c       0x24 /Applications/ArmGNUToolchain/13.2.Rel1/arm-none-eabi/bin/../lib/gcc/arm-none-eabi/13.2.1/../../../../arm-none-eabi/lib/thumb/v7e-m+dp/hard/libc_nano.a(libc_a-readr.o)
                0x0800be2c                _read_r
 .text._kill_r  0x0800be50       0x24 /Applications/ArmGNUToolchain/13.2.Rel1/arm-none-eabi/bin/../lib/gcc/arm-none-eabi/13.2.1/../../../../arm-none-eabi/lib/thumb/v7e-m+dp/hard/libc_nano.a(libc_a-signalr.o)
                0x0800be50                _kill_r
 .text._getpid_r
                0x0800be74        0x4 /Applications/ArmGNUToolchain/13.2.Rel1/arm-none-eabi/bin/../lib/gcc/arm-none-eabi/13.2.1/../../../../arm-none-eabi/lib/thumb/v7e-m+dp/hard/libc_nano.a(libc_a-signalr.o)
                0x0800be74                _getpid_r
 .text._sbrk_r  0x0800be78       0x20 /Applications/ArmGNUToolchain/13.2.Rel1/arm-none-eabi/bin/../lib/gcc/arm-none-eabi/13.2.1/../../../../arm-none-eabi/lib/thumb/v7e-m+dp/hard/libc_nano.a(libc_a-sbrkr.o)
                0x0800be78                _sbrk_r
 .text._write_r
                0x0800be98       0x24 /Applications/ArmGNUToolchain/13.2.Rel1/arm-none-eabi/bin/../lib/gcc/arm-none-eabi/13.2.1/../../../../arm-none-eabi/lib/thumb/v7e-m+dp/hard/libc_nano.a(libc_a-writer.o)
                0x0800be98                _write_r
 .text._free_r  0x0800bebc       0x94 /Applications/ArmGNUToolchain/13.2.Rel1/arm-none-eabi/bin/../lib/gcc/arm-none-eabi/13.2.1/../../../../arm-none-eabi/lib/thumb/v7e-m+dp/hard/libc_nano.a(libc_a-freer.o)
                0x0800bebc                _free_r
 .text._close   0x0800bf50       0x10 /Applications/ArmGNUToolchain/13.2.Rel1/arm-none-eabi/bin/../lib/gcc/arm-none-eabi/13.2.1/../../../../arm-none-eabi/lib/thumb/v7e-m+dp/hard/libnosys.a(close.o)
                0x0800bf50                _close
 .text._fstat   0x0800bf60       0x10 /Applications/ArmGNUToolchain/13.2.Rel1/arm-none-eabi/bin/../lib/gcc/arm-none-eabi/13.2.1/../../../../arm-none-eabi/lib/thumb/v7e-m+dp/hard/libnosys.a(fstat.o)
                0x0800bf60                _fstat
 .text._getpid  0x0800bf70       0x10 /Applications/ArmGNUToolchain/13.2.Rel1/arm-none-eabi/bin/../lib/gcc/arm-none-eabi/13.2.1/../../../../arm-none-eabi/lib/thumb/v7e-m+dp/hard/libnosys.a(getpid.o)
                0x0800bf70                _getpid
 .text._isatty  0x0800bf80       0x10 /Applications/ArmGNUToolchain/13.2.Rel1/arm-none-eabi/bin/../lib/gcc/arm-none-eabi/13.2.1/../../../../arm-none-eabi/lib/thumb/v7e-m+dp/hard/libnosys.a(isatty.o)
                0x0800bf80                _isatty
 .text._kill    0x0800bf90       0x10 /Applications/ArmGNUToolchain/13.2.Rel1/arm-none-eabi/bin/../lib/gcc/arm-none-eabi/13.2.1/../../../../arm-none-eabi/lib/thumb/v7e-m+dp/hard/libnosys.a(kill.o)
                0x0800bf90                _kill
 .text._lseek   0x0800bfa0       0x10 /Applications/ArmGNUToolchain/13.2.Rel1/arm-none-eabi/bin/../lib/gcc/arm-none-eabi/13.2.1/../../../../arm-none-eabi/lib/thumb/v7e-m+dp/hard/libnosys.a(lseek.o)
                0x0800bfa0                _lseek
 .text._sbrk    0x0800bfb0       0x1c /Applications/ArmGNUToolchain/13.2.Rel1/arm-none-eabi/bin/../lib/gcc/arm-none-eabi/13.2.1/../../../../arm-none-eabi/lib/thumb/v7e-m+dp/hard/libnosys.a(sbrk.o)
                0x0800bfb0                _sbrk
 .text._exit    0x0800bfcc        0x4 /Applications/ArmGNUToolchain/13.2.Rel1/arm-none-eabi/bin/../lib/gcc/arm-none-eabi/13.2.1/../../../../arm-none-eabi/lib/thumb/v7e-m+dp/hard/libnosys.a(_exit.o)
                0x0800bfcc                _exit
 *(.rodata)
 .rodata        0x0800bfd0       0x20 build/recorder.no-line-in/app.elf/app/main.o
 .rodata        0x0800bff0       0x18 build/recorder.no-line-in/app.elf/drivers/dac.o
 .rodata        0x0800c008       0x80 build/recorder.no-line-in/app.elf/drivers/flash.o
 .rodata        0x0800c088       0x20 build/recorder.no-line-in/app.elf/drivers/system.o
 *(.rodata*)
 .rodata._ZN8recorder10TransitionENS_5StateE.str1.4
                0x0800c0a8      0x2b5 build/recorder.no-line-in/app.elf/app/main.o
                                 0x73 (size before relaxing)
 .rodata._ZN8recorder12StateMachineEb.str1.4
                0x0800c35d       0x74 build/recorder.no-line-in/app.elf/app/main.o
 .rodata._ZN8recorder12SampleMemoryIDhE4InitEv.str1.4
                0x0800c35d       0x6c build/recorder.no-line-in/app.elf/app/main.o
 .rodata.main.str1.4
                0x0800c35d        0xd build/recorder.no-line-in/app.elf/app/main.o
 *fill*         0x0800c35d        0x3 
 .rodata._ZN8recorder12JingleEngine14ending_jingle_E
                0x0800c360       0x10 build/recorder.no-line-in/app.elf/app/main.o
                0x0800c360                recorder::JingleEngine::ending_jingle_
 .rodata._ZN8recorder12JingleEngine15startup_jingle_E
                0x0800c370       0x10 build/recorder.no-line-in/app.elf/app/main.o
                0x0800c370                recorder::JingleEngine::startup_jingle_
 .rodata._ZN8recorder11SynthEngine24minor_scale_chord_types_E
                0x0800c380       0x20 build/recorder.no-line-in/app.elf/app/main.o
                0x0800c380                recorder::SynthEngine::minor_scale_chord_types_
 .rodata._ZN8recorder11SynthEngine24major_scale_chord_types_E
                0x0800c3a0       0x20 build/recorder.no-line-in/app.elf/app/main.o
                0x0800c3a0                recorder::SynthEngine::major_scale_chord_types_
 .rodata._ZN8recorder11SynthEngine29diminished_chord_multipliers_E
                0x0800c3c0       0x10 build/recorder.no-line-in/app.elf/app/main.o
                0x0800c3c0                recorder::SynthEngine::diminished_chord_multipliers_
 .rodata._ZN8recorder11SynthEngine24minor_chord_multipliers_E
                0x0800c3d0       0x10 build/recorder.no-line-in/app.elf/app/main.o
                0x0800c3d0                recorder::SynthEngine::minor_chord_multipliers_
 .rodata._ZN8recorder11SynthEngine24major_chord_multipliers_E
                0x0800c3e0       0x10 build/recorder.no-line-in/app.elf/app/main.o
                0x0800c3e0                recorder::SynthEngine::major_chord_multipliers_
 .rodata._ZN8recorder11SynthEngine24minor_scale_multipliers_E
                0x0800c3f0       0x20 build/recorder.no-line-in/app.elf/app/main.o
                0x0800c3f0                recorder::SynthEngine::minor_scale_multipliers_
 .rodata._ZN8recorder11SynthEngine24major_scale_multipliers_E
                0x0800c410       0x20 build/recorder.no-line-in/app.elf/app/main.o
                0x0800c410                recorder::SynthEngine::major_scale_multipliers_
 .rodata._ZN8recorder11SynthEngine22chromatic_frequencies_E
                0x0800c430       0x34 build/recorder.no-line-in/app.elf/app/main.o
                0x0800c430                recorder::SynthEngine::chromatic_frequencies_
 .rodata._ZN8recorder11SynthEngine18kAttenuationLevelsE
                0x0800c464       0x14 build/recorder.no-line-in/app.elf/app/main.o
                0x0800c464                recorder::SynthEngine::kAttenuationLevels
 .rodata._ZN8recorder3Adc9PotFilter14kPotCorrectionE
                0x0800c478      0x104 build/recorder.no-line-in/app.elf/drivers/adc.o
                0x0800c478                recorder::Adc::PotFilter::kPotCorrection
 .rodata._ZN8recorder3irq15RegisterHandlerE9IRQn_TypePFvvE.str1.4
                0x0800c57c       0x80 build/recorder.no-line-in/app.elf/drivers/irq.o
 .rodata._ZN8recorder3irq6EnableE9IRQn_Type.str1.4
                0x0800c57c       0x32 build/recorder.no-line-in/app.elf/drivers/irq.o
 .rodata._ZN8recorder6system4InitEv.str1.4
                0x0800c57c       0x9d build/recorder.no-line-in/app.elf/drivers/system.o
 .rodata.D1CorePrescTable
                0x0800c57c       0x10 build/recorder.no-line-in/app.elf/libDaisy/src/sys/system_stm32h7xx.o
                0x0800c57c                D1CorePrescTable
 .rodata.LL_DMA_STR_OFFSET_TAB
                0x0800c58c        0x8 build/recorder.no-line-in/app.elf/libDaisy/Drivers/STM32H7xx_HAL_Driver/Src/stm32h7xx_ll_dma.o
 .rodata.LL_MDMA_CH_OFFSET_TAB
                0x0800c594       0x40 build/recorder.no-line-in/app.elf/libDaisy/Drivers/STM32H7xx_HAL_Driver/Src/stm32h7xx_ll_mdma.o
 .rodata.LL_RCC_PrescTable
                0x0800c5d4       0x10 build/recorder.no-line-in/app.elf/libDaisy/Drivers/STM32H7xx_HAL_Driver/Src/stm32h7xx_ll_rcc.o
                0x0800c5d4                LL_RCC_PrescTable
 .rodata.USART_PRESCALER_TAB
                0x0800c5e4       0x18 build/recorder.no-line-in/app.elf/libDaisy/Drivers/STM32H7xx_HAL_Driver/Src/stm32h7xx_ll_usart.o
 *fill*         0x0800c5fc        0x4 
 .rodata.__exp2f_data
                0x0800c600      0x148 /Applications/ArmGNUToolchain/13.2.Rel1/arm-none-eabi/bin/../lib/gcc/arm-none-eabi/13.2.1/../../../../arm-none-eabi/lib/thumb/v7e-m+dp/hard/libm.a(libm_a-sf_exp2_data.o)
                0x0800c600                __exp2f_data
 .rodata.__inv_pio4
                0x0800c748       0x60 /Applications/ArmGNUToolchain/13.2.Rel1/arm-none-eabi/bin/../lib/gcc/arm-none-eabi/13.2.1/../../../../arm-none-eabi/lib/thumb/v7e-m+dp/hard/libm.a(libm_a-sincosf_data.o)
                0x0800c748                __inv_pio4
 .rodata.__sincosf_table
                0x0800c7a8       0xe0 /Applications/ArmGNUToolchain/13.2.Rel1/arm-none-eabi/bin/../lib/gcc/arm-none-eabi/13.2.1/../../../../arm-none-eabi/lib/thumb/v7e-m+dp/hard/libm.a(libm_a-sincosf_data.o)
                0x0800c7a8                __sincosf_table
 .rodata.log10f.str1.4
                0x0800c888        0x1 /Applications/ArmGNUToolchain/13.2.Rel1/arm-none-eabi/bin/../lib/gcc/arm-none-eabi/13.2.1/../../../../arm-none-eabi/lib/thumb/v7e-m+dp/hard/libm.a(libm_a-wf_log10.o)
 .rodata.tiny   0x0800c888        0x4 /Applications/ArmGNUToolchain/13.2.Rel1/arm-none-eabi/bin/../lib/gcc/arm-none-eabi/13.2.1/../../../../arm-none-eabi/lib/thumb/v7e-m+dp/hard/libm.a(libm_a-sf_tanh.o)
 .rodata.two    0x0800c88c        0x4 /Applications/ArmGNUToolchain/13.2.Rel1/arm-none-eabi/bin/../lib/gcc/arm-none-eabi/13.2.1/../../../../arm-none-eabi/lib/thumb/v7e-m+dp/hard/libm.a(libm_a-sf_tanh.o)
 .rodata.one    0x0800c890        0x4 /Applications/ArmGNUToolchain/13.2.Rel1/arm-none-eabi/bin/../lib/gcc/arm-none-eabi/13.2.1/../../../../arm-none-eabi/lib/thumb/v7e-m+dp/hard/libm.a(libm_a-sf_tanh.o)
 *fill*         0x0800c894        0x4 
 .rodata.__logf_data
                0x0800c898      0x120 /Applications/ArmGNUToolchain/13.2.Rel1/arm-none-eabi/bin/../lib/gcc/arm-none-eabi/13.2.1/../../../../arm-none-eabi/lib/thumb/v7e-m+dp/hard/libm.a(libm_a-sf_log_data.o)
                0x0800c898                __logf_data
 .rodata.__assert_func.str1.1
                0x0800c9b8       0x6f /Applications/ArmGNUToolchain/13.2.Rel1/arm-none-eabi/bin/../lib/gcc/arm-none-eabi/13.2.1/../../../../arm-none-eabi/lib/thumb/v7e-m+dp/hard/libc_nano.a(libc_a-assert.o)
                                 0x3d (size before relaxing)
 .rodata._vfprintf_r.str1.1
                0x0800ca27       0x11 /Applications/ArmGNUToolchain/13.2.Rel1/arm-none-eabi/bin/../lib/gcc/arm-none-eabi/13.2.1/../../../../arm-none-eabi/lib/thumb/v7e-m+dp/hard/libc_nano.a(libc_a-nano-vfprintf.o)
 .rodata._printf_i.str1.1
                0x0800ca27       0x22 /Applications/ArmGNUToolchain/13.2.Rel1/arm-none-eabi/bin/../lib/gcc/arm-none-eabi/13.2.1/../../../../arm-none-eabi/lib/thumb/v7e-m+dp/hard/libc_nano.a(libc_a-nano-vfprintf_i.o)
 *(.glue_7)
 .glue_7        0x0800ca27        0x0 linker stubs
 *(.glue_7t)
 .glue_7t       0x0800ca27        0x0 linker stubs
 *(.init)
 *fill*         0x0800ca27        0x1 
 .init          0x0800ca28        0x4 /Applications/ArmGNUToolchain/13.2.Rel1/arm-none-eabi/bin/../lib/gcc/arm-none-eabi/13.2.1/thumb/v7e-m+dp/hard/crti.o
                0x0800ca28                _init
 .init          0x0800ca2c        0x8 /Applications/ArmGNUToolchain/13.2.Rel1/arm-none-eabi/bin/../lib/gcc/arm-none-eabi/13.2.1/thumb/v7e-m+dp/hard/crtn.o
 *(.fini)
 .fini          0x0800ca34        0x4 /Applications/ArmGNUToolchain/13.2.Rel1/arm-none-eabi/bin/../lib/gcc/arm-none-eabi/13.2.1/thumb/v7e-m+dp/hard/crti.o
                0x0800ca34                _fini
 .fini          0x0800ca38        0x8 /Applications/ArmGNUToolchain/13.2.Rel1/arm-none-eabi/bin/../lib/gcc/arm-none-eabi/13.2.1/thumb/v7e-m+dp/hard/crtn.o
                0x0800ca40                        . = ALIGN (0x4)
                0x0800ca40                        _etext = .

.eh_frame       0x0800ca40        0x0
 .eh_frame      0x0800ca40        0x0 /Applications/ArmGNUToolchain/13.2.Rel1/arm-none-eabi/bin/../lib/gcc/arm-none-eabi/13.2.1/thumb/v7e-m+dp/hard/crtbegin.o

.vfp11_veneer   0x0800ca40        0x0
 .vfp11_veneer  0x0800ca40        0x0 linker stubs

.v4_bx          0x0800ca40        0x0
 .v4_bx         0x0800ca40        0x0 linker stubs

.iplt           0x0800ca40        0x0
 .iplt          0x0800ca40        0x0 /Applications/ArmGNUToolchain/13.2.Rel1/arm-none-eabi/bin/../lib/gcc/arm-none-eabi/13.2.1/thumb/v7e-m+dp/hard/crtbegin.o

.ARM.extab      0x0800ca40        0x0
                0x0800ca40                        . = ALIGN (0x4)
 *(.ARM.extab)
 *(.gnu.linkonce.armextab.*)
                0x0800ca40                        . = ALIGN (0x4)

.exidx          0x0800ca40        0x8
                0x0800ca40                        . = ALIGN (0x4)
                [!provide]                        PROVIDE (__exidx_start = .)
 *(.ARM.exidx*)
 .ARM.exidx     0x0800ca40        0x8 /Applications/ArmGNUToolchain/13.2.Rel1/arm-none-eabi/bin/../lib/gcc/arm-none-eabi/13.2.1/../../../../arm-none-eabi/lib/thumb/v7e-m+dp/hard/libc_nano.a(libc_a-strlen.o)
 .ARM.exidx     0x0800ca48        0x0 /Applications/ArmGNUToolchain/13.2.Rel1/arm-none-eabi/bin/../lib/gcc/arm-none-eabi/13.2.1/../../../../arm-none-eabi/lib/thumb/v7e-m+dp/hard/libc_nano.a(libc_a-memchr.o)
                                  0x8 (size before relaxing)
                0x0800ca48                        . = ALIGN (0x4)
                [!provide]                        PROVIDE (__exidx_end = .)

.rel.dyn        0x0800ca48        0x0
 .rel.iplt      0x0800ca48        0x0 /Applications/ArmGNUToolchain/13.2.Rel1/arm-none-eabi/bin/../lib/gcc/arm-none-eabi/13.2.1/thumb/v7e-m+dp/hard/crtbegin.o

.ARM.attributes
                0x0800ca48       0x30
 *(.ARM.attributes)
 .ARM.attributes
                0x0800ca48       0x20 /Applications/ArmGNUToolchain/13.2.Rel1/arm-none-eabi/bin/../lib/gcc/arm-none-eabi/13.2.1/thumb/v7e-m+dp/hard/crti.o
 .ARM.attributes
                0x0800ca68       0x32 /Applications/ArmGNUToolchain/13.2.Rel1/arm-none-eabi/bin/../lib/gcc/arm-none-eabi/13.2.1/thumb/v7e-m+dp/hard/crtbegin.o
 .ARM.attributes
                0x0800ca9a       0x30 build/recorder.no-line-in/app.elf/app/main.o
 .ARM.attributes
                0x0800caca       0x30 build/recorder.no-line-in/app.elf/drivers/adc.o
 .ARM.attributes
                0x0800cafa       0x30 build/recorder.no-line-in/app.elf/drivers/analog.o
 .ARM.attributes
                0x0800cb2a       0x30 build/recorder.no-line-in/app.elf/drivers/dac.o
 .ARM.attributes
                0x0800cb5a       0x30 build/recorder.no-line-in/app.elf/drivers/flash.o
 .ARM.attributes
                0x0800cb8a       0x30 build/recorder.no-line-in/app.elf/drivers/irq.o
 .ARM.attributes
                0x0800cbba       0x30 build/recorder.no-line-in/app.elf/drivers/serial.o
 .ARM.attributes
                0x0800cbea       0x30 build/recorder.no-line-in/app.elf/drivers/system.o
 .ARM.attributes
                0x0800cc1a       0x30 build/recorder.no-line-in/app.elf/libDaisy/core/startup_stm32h750xx.o
 .ARM.attributes
                0x0800cc4a       0x30 build/recorder.no-line-in/app.elf/libDaisy/src/sys/system_stm32h7xx.o
 .ARM.attributes
                0x0800cc7a       0x30 build/recorder.no-line-in/app.elf/libDaisy/Drivers/STM32H7xx_HAL_Driver/Src/stm32h7xx_hal.o
 .ARM.attributes
                0x0800ccaa       0x30 build/recorder.no-line-in/app.elf/libDaisy/Drivers/STM32H7xx_HAL_Driver/Src/stm32h7xx_hal_pwr.o
 .ARM.attributes
                0x0800ccda       0x30 build/recorder.no-line-in/app.elf/libDaisy/Drivers/STM32H7xx_HAL_Driver/Src/stm32h7xx_hal_pwr_ex.o
 .ARM.attributes
                0x0800cd0a       0x30 build/recorder.no-line-in/app.elf/libDaisy/Drivers/STM32H7xx_HAL_Driver/Src/stm32h7xx_hal_rcc.o
 .ARM.attributes
                0x0800cd3a       0x30 build/recorder.no-line-in/app.elf/libDaisy/Drivers/STM32H7xx_HAL_Driver/Src/stm32h7xx_hal_rcc_ex.o
 .ARM.attributes
                0x0800cd6a       0x30 build/recorder.no-line-in/app.elf/libDaisy/Drivers/STM32H7xx_HAL_Driver/Src/stm32h7xx_ll_adc.o
 .ARM.attributes
                0x0800cd9a       0x30 build/recorder.no-line-in/app.elf/libDaisy/Drivers/STM32H7xx_HAL_Driver/Src/stm32h7xx_ll_dac.o
 .ARM.attributes
                0x0800cdca       0x30 build/recorder.no-line-in/app.elf/libDaisy/Drivers/STM32H7xx_HAL_Driver/Src/stm32h7xx_ll_dma.o
 .ARM.attributes
                0x0800cdfa       0x30 build/recorder.no-line-in/app.elf/libDaisy/Drivers/STM32H7xx_HAL_Driver/Src/stm32h7xx_ll_gpio.o
 .ARM.attributes
                0x0800ce2a       0x30 build/recorder.no-line-in/app.elf/libDaisy/Drivers/STM32H7xx_HAL_Driver/Src/stm32h7xx_ll_mdma.o
 .ARM.attributes
                0x0800ce5a       0x30 build/recorder.no-line-in/app.elf/libDaisy/Drivers/STM32H7xx_HAL_Driver/Src/stm32h7xx_ll_rcc.o
 .ARM.attributes
                0x0800ce8a       0x30 build/recorder.no-line-in/app.elf/libDaisy/Drivers/STM32H7xx_HAL_Driver/Src/stm32h7xx_ll_tim.o
 .ARM.attributes
                0x0800ceba       0x30 build/recorder.no-line-in/app.elf/libDaisy/Drivers/STM32H7xx_HAL_Driver/Src/stm32h7xx_ll_usart.o
 .ARM.attributes
                0x0800ceea       0x32 /Applications/ArmGNUToolchain/13.2.Rel1/arm-none-eabi/bin/../lib/gcc/arm-none-eabi/13.2.1/../../../../arm-none-eabi/lib/thumb/v7e-m+dp/hard/libm.a(libm_a-sf_exp.o)
 .ARM.attributes
                0x0800cf1c       0x32 /Applications/ArmGNUToolchain/13.2.Rel1/arm-none-eabi/bin/../lib/gcc/arm-none-eabi/13.2.1/../../../../arm-none-eabi/lib/thumb/v7e-m+dp/hard/libm.a(libm_a-sf_exp2.o)
 .ARM.attributes
                0x0800cf4e       0x32 /Applications/ArmGNUToolchain/13.2.Rel1/arm-none-eabi/bin/../lib/gcc/arm-none-eabi/13.2.1/../../../../arm-none-eabi/lib/thumb/v7e-m+dp/hard/libm.a(libm_a-sf_exp2_data.o)
 .ARM.attributes
                0x0800cf80       0x32 /Applications/ArmGNUToolchain/13.2.Rel1/arm-none-eabi/bin/../lib/gcc/arm-none-eabi/13.2.1/../../../../arm-none-eabi/lib/thumb/v7e-m+dp/hard/libm.a(libm_a-sinf.o)
 .ARM.attributes
                0x0800cfb2       0x32 /Applications/ArmGNUToolchain/13.2.Rel1/arm-none-eabi/bin/../lib/gcc/arm-none-eabi/13.2.1/../../../../arm-none-eabi/lib/thumb/v7e-m+dp/hard/libm.a(libm_a-cosf.o)
 .ARM.attributes
                0x0800cfe4       0x32 /Applications/ArmGNUToolchain/13.2.Rel1/arm-none-eabi/bin/../lib/gcc/arm-none-eabi/13.2.1/../../../../arm-none-eabi/lib/thumb/v7e-m+dp/hard/libm.a(libm_a-sincosf_data.o)
 .ARM.attributes
                0x0800d016       0x32 /Applications/ArmGNUToolchain/13.2.Rel1/arm-none-eabi/bin/../lib/gcc/arm-none-eabi/13.2.1/../../../../arm-none-eabi/lib/thumb/v7e-m+dp/hard/libm.a(libm_a-math_errf.o)
 .ARM.attributes
                0x0800d048       0x32 /Applications/ArmGNUToolchain/13.2.Rel1/arm-none-eabi/bin/../lib/gcc/arm-none-eabi/13.2.1/../../../../arm-none-eabi/lib/thumb/v7e-m+dp/hard/libm.a(libm_a-wf_log10.o)
 .ARM.attributes
                0x0800d07a       0x32 /Applications/ArmGNUToolchain/13.2.Rel1/arm-none-eabi/bin/../lib/gcc/arm-none-eabi/13.2.1/../../../../arm-none-eabi/lib/thumb/v7e-m+dp/hard/libm.a(libm_a-sf_nan.o)
 .ARM.attributes
                0x0800d0ac       0x32 /Applications/ArmGNUToolchain/13.2.Rel1/arm-none-eabi/bin/../lib/gcc/arm-none-eabi/13.2.1/../../../../arm-none-eabi/lib/thumb/v7e-m+dp/hard/libm.a(libm_a-sf_tanh.o)
 .ARM.attributes
                0x0800d0de       0x32 /Applications/ArmGNUToolchain/13.2.Rel1/arm-none-eabi/bin/../lib/gcc/arm-none-eabi/13.2.1/../../../../arm-none-eabi/lib/thumb/v7e-m+dp/hard/libm.a(libm_a-ef_log10.o)
 .ARM.attributes
                0x0800d110       0x32 /Applications/ArmGNUToolchain/13.2.Rel1/arm-none-eabi/bin/../lib/gcc/arm-none-eabi/13.2.1/../../../../arm-none-eabi/lib/thumb/v7e-m+dp/hard/libm.a(libm_a-sf_log.o)
 .ARM.attributes
                0x0800d142       0x32 /Applications/ArmGNUToolchain/13.2.Rel1/arm-none-eabi/bin/../lib/gcc/arm-none-eabi/13.2.1/../../../../arm-none-eabi/lib/thumb/v7e-m+dp/hard/libm.a(libm_a-sf_log_data.o)
 .ARM.attributes
                0x0800d174       0x32 /Applications/ArmGNUToolchain/13.2.Rel1/arm-none-eabi/bin/../lib/gcc/arm-none-eabi/13.2.1/../../../../arm-none-eabi/lib/thumb/v7e-m+dp/hard/libm.a(libm_a-sf_expm1.o)
 .ARM.attributes
                0x0800d1a6       0x32 /Applications/ArmGNUToolchain/13.2.Rel1/arm-none-eabi/bin/../lib/gcc/arm-none-eabi/13.2.1/../../../../arm-none-eabi/lib/thumb/v7e-m+dp/hard/libm.a(libm_a-sf_fabs.o)
 .ARM.attributes
                0x0800d1d8       0x32 /Applications/ArmGNUToolchain/13.2.Rel1/arm-none-eabi/bin/../lib/gcc/arm-none-eabi/13.2.1/../../../../arm-none-eabi/lib/thumb/v7e-m+dp/hard/libc_nano.a(libc_a-assert.o)
 .ARM.attributes
                0x0800d20a       0x32 /Applications/ArmGNUToolchain/13.2.Rel1/arm-none-eabi/bin/../lib/gcc/arm-none-eabi/13.2.1/../../../../arm-none-eabi/lib/thumb/v7e-m+dp/hard/libc_nano.a(libc_a-clearerr.o)
 .ARM.attributes
                0x0800d23c       0x32 /Applications/ArmGNUToolchain/13.2.Rel1/arm-none-eabi/bin/../lib/gcc/arm-none-eabi/13.2.1/../../../../arm-none-eabi/lib/thumb/v7e-m+dp/hard/libc_nano.a(libc_a-feof.o)
 .ARM.attributes
                0x0800d26e       0x32 /Applications/ArmGNUToolchain/13.2.Rel1/arm-none-eabi/bin/../lib/gcc/arm-none-eabi/13.2.1/../../../../arm-none-eabi/lib/thumb/v7e-m+dp/hard/libc_nano.a(libc_a-ferror.o)
 .ARM.attributes
                0x0800d2a0       0x32 /Applications/ArmGNUToolchain/13.2.Rel1/arm-none-eabi/bin/../lib/gcc/arm-none-eabi/13.2.1/../../../../arm-none-eabi/lib/thumb/v7e-m+dp/hard/libc_nano.a(libc_a-findfp.o)
 .ARM.attributes
                0x0800d2d2       0x32 /Applications/ArmGNUToolchain/13.2.Rel1/arm-none-eabi/bin/../lib/gcc/arm-none-eabi/13.2.1/../../../../arm-none-eabi/lib/thumb/v7e-m+dp/hard/libc_nano.a(libc_a-fprintf.o)
 .ARM.attributes
                0x0800d304       0x32 /Applications/ArmGNUToolchain/13.2.Rel1/arm-none-eabi/bin/../lib/gcc/arm-none-eabi/13.2.1/../../../../arm-none-eabi/lib/thumb/v7e-m+dp/hard/libc_nano.a(libc_a-fwalk.o)
 .ARM.attributes
                0x0800d336       0x32 /Applications/ArmGNUToolchain/13.2.Rel1/arm-none-eabi/bin/../lib/gcc/arm-none-eabi/13.2.1/../../../../arm-none-eabi/lib/thumb/v7e-m+dp/hard/libc_nano.a(libc_a-getc.o)
 .ARM.attributes
                0x0800d368       0x32 /Applications/ArmGNUToolchain/13.2.Rel1/arm-none-eabi/bin/../lib/gcc/arm-none-eabi/13.2.1/../../../../arm-none-eabi/lib/thumb/v7e-m+dp/hard/libc_nano.a(libc_a-printf.o)
 .ARM.attributes
                0x0800d39a       0x32 /Applications/ArmGNUToolchain/13.2.Rel1/arm-none-eabi/bin/../lib/gcc/arm-none-eabi/13.2.1/../../../../arm-none-eabi/lib/thumb/v7e-m+dp/hard/libc_nano.a(libc_a-puts.o)
 .ARM.attributes
                0x0800d3cc       0x32 /Applications/ArmGNUToolchain/13.2.Rel1/arm-none-eabi/bin/../lib/gcc/arm-none-eabi/13.2.1/../../../../arm-none-eabi/lib/thumb/v7e-m+dp/hard/libc_nano.a(libc_a-rget.o)
 .ARM.attributes
                0x0800d3fe       0x32 /Applications/ArmGNUToolchain/13.2.Rel1/arm-none-eabi/bin/../lib/gcc/arm-none-eabi/13.2.1/../../../../arm-none-eabi/lib/thumb/v7e-m+dp/hard/libc_nano.a(libc_a-strncpy.o)
 .ARM.attributes
                0x0800d430       0x32 /Applications/ArmGNUToolchain/13.2.Rel1/arm-none-eabi/bin/../lib/gcc/arm-none-eabi/13.2.1/../../../../arm-none-eabi/lib/thumb/v7e-m+dp/hard/libc_nano.a(libc_a-memset.o)
 .ARM.attributes
                0x0800d462       0x32 /Applications/ArmGNUToolchain/13.2.Rel1/arm-none-eabi/bin/../lib/gcc/arm-none-eabi/13.2.1/../../../../arm-none-eabi/lib/thumb/v7e-m+dp/hard/libc_nano.a(libc_a-impure.o)
 .ARM.attributes
                0x0800d494       0x32 /Applications/ArmGNUToolchain/13.2.Rel1/arm-none-eabi/bin/../lib/gcc/arm-none-eabi/13.2.1/../../../../arm-none-eabi/lib/thumb/v7e-m+dp/hard/libc_nano.a(libc_a-errno.o)
 .ARM.attributes
                0x0800d4c6       0x32 /Applications/ArmGNUToolchain/13.2.Rel1/arm-none-eabi/bin/../lib/gcc/arm-none-eabi/13.2.1/../../../../arm-none-eabi/lib/thumb/v7e-m+dp/hard/libc_nano.a(libc_a-init.o)
 .ARM.attributes
                0x0800d4f8       0x32 /Applications/ArmGNUToolchain/13.2.Rel1/arm-none-eabi/bin/../lib/gcc/arm-none-eabi/13.2.1/../../../../arm-none-eabi/lib/thumb/v7e-m+dp/hard/libc_nano.a(libc_a-lock.o)
 .ARM.attributes
                0x0800d52a       0x32 /Applications/ArmGNUToolchain/13.2.Rel1/arm-none-eabi/bin/../lib/gcc/arm-none-eabi/13.2.1/../../../../arm-none-eabi/lib/thumb/v7e-m+dp/hard/libc_nano.a(libc_a-memcpy-stub.o)
 .ARM.attributes
                0x0800d55c       0x17 /Applications/ArmGNUToolchain/13.2.Rel1/arm-none-eabi/bin/../lib/gcc/arm-none-eabi/13.2.1/../../../../arm-none-eabi/lib/thumb/v7e-m+dp/hard/libc_nano.a(libc_a-strlen.o)
 .ARM.attributes
                0x0800d573       0x32 /Applications/ArmGNUToolchain/13.2.Rel1/arm-none-eabi/bin/../lib/gcc/arm-none-eabi/13.2.1/../../../../arm-none-eabi/lib/thumb/v7e-m+dp/hard/libc_nano.a(libc_a-abort.o)
 .ARM.attributes
                0x0800d5a5       0x32 /Applications/ArmGNUToolchain/13.2.Rel1/arm-none-eabi/bin/../lib/gcc/arm-none-eabi/13.2.1/../../../../arm-none-eabi/lib/thumb/v7e-m+dp/hard/libc_nano.a(libc_a-nano-vfprintf.o)
 .ARM.attributes
                0x0800d5d7       0x32 /Applications/ArmGNUToolchain/13.2.Rel1/arm-none-eabi/bin/../lib/gcc/arm-none-eabi/13.2.1/../../../../arm-none-eabi/lib/thumb/v7e-m+dp/hard/libc_nano.a(libc_a-mallocr.o)
 .ARM.attributes
                0x0800d609       0x32 /Applications/ArmGNUToolchain/13.2.Rel1/arm-none-eabi/bin/../lib/gcc/arm-none-eabi/13.2.1/../../../../arm-none-eabi/lib/thumb/v7e-m+dp/hard/libc_nano.a(libc_a-nano-vfprintf_i.o)
 .ARM.attributes
                0x0800d63b       0x32 /Applications/ArmGNUToolchain/13.2.Rel1/arm-none-eabi/bin/../lib/gcc/arm-none-eabi/13.2.1/../../../../arm-none-eabi/lib/thumb/v7e-m+dp/hard/libc_nano.a(libc_a-fflush.o)
 .ARM.attributes
                0x0800d66d       0x32 /Applications/ArmGNUToolchain/13.2.Rel1/arm-none-eabi/bin/../lib/gcc/arm-none-eabi/13.2.1/../../../../arm-none-eabi/lib/thumb/v7e-m+dp/hard/libc_nano.a(libc_a-mlock.o)
 .ARM.attributes
                0x0800d69f       0x32 /Applications/ArmGNUToolchain/13.2.Rel1/arm-none-eabi/bin/../lib/gcc/arm-none-eabi/13.2.1/../../../../arm-none-eabi/lib/thumb/v7e-m+dp/hard/libc_nano.a(libc_a-stdio.o)
 .ARM.attributes
                0x0800d6d1       0x32 /Applications/ArmGNUToolchain/13.2.Rel1/arm-none-eabi/bin/../lib/gcc/arm-none-eabi/13.2.1/../../../../arm-none-eabi/lib/thumb/v7e-m+dp/hard/libc_nano.a(libc_a-wbuf.o)
 .ARM.attributes
                0x0800d703       0x32 /Applications/ArmGNUToolchain/13.2.Rel1/arm-none-eabi/bin/../lib/gcc/arm-none-eabi/13.2.1/../../../../arm-none-eabi/lib/thumb/v7e-m+dp/hard/libc_nano.a(libc_a-wsetup.o)
 .ARM.attributes
                0x0800d735       0x32 /Applications/ArmGNUToolchain/13.2.Rel1/arm-none-eabi/bin/../lib/gcc/arm-none-eabi/13.2.1/../../../../arm-none-eabi/lib/thumb/v7e-m+dp/hard/libc_nano.a(libc_a-makebuf.o)
 .ARM.attributes
                0x0800d767       0x32 /Applications/ArmGNUToolchain/13.2.Rel1/arm-none-eabi/bin/../lib/gcc/arm-none-eabi/13.2.1/../../../../arm-none-eabi/lib/thumb/v7e-m+dp/hard/libc_nano.a(libc_a-refill.o)
 .ARM.attributes
                0x0800d799       0x32 /Applications/ArmGNUToolchain/13.2.Rel1/arm-none-eabi/bin/../lib/gcc/arm-none-eabi/13.2.1/../../../../arm-none-eabi/lib/thumb/v7e-m+dp/hard/libc_nano.a(libc_a-closer.o)
 .ARM.attributes
                0x0800d7cb       0x32 /Applications/ArmGNUToolchain/13.2.Rel1/arm-none-eabi/bin/../lib/gcc/arm-none-eabi/13.2.1/../../../../arm-none-eabi/lib/thumb/v7e-m+dp/hard/libc_nano.a(libc_a-reent.o)
 .ARM.attributes
                0x0800d7fd       0x32 /Applications/ArmGNUToolchain/13.2.Rel1/arm-none-eabi/bin/../lib/gcc/arm-none-eabi/13.2.1/../../../../arm-none-eabi/lib/thumb/v7e-m+dp/hard/libc_nano.a(libc_a-fstatr.o)
 .ARM.attributes
                0x0800d82f       0x32 /Applications/ArmGNUToolchain/13.2.Rel1/arm-none-eabi/bin/../lib/gcc/arm-none-eabi/13.2.1/../../../../arm-none-eabi/lib/thumb/v7e-m+dp/hard/libc_nano.a(libc_a-isattyr.o)
 .ARM.attributes
                0x0800d861       0x32 /Applications/ArmGNUToolchain/13.2.Rel1/arm-none-eabi/bin/../lib/gcc/arm-none-eabi/13.2.1/../../../../arm-none-eabi/lib/thumb/v7e-m+dp/hard/libc_nano.a(libc_a-lseekr.o)
 .ARM.attributes
                0x0800d893       0x32 /Applications/ArmGNUToolchain/13.2.Rel1/arm-none-eabi/bin/../lib/gcc/arm-none-eabi/13.2.1/../../../../arm-none-eabi/lib/thumb/v7e-m+dp/hard/libc_nano.a(libc_a-signal.o)
 .ARM.attributes
                0x0800d8c5       0x32 /Applications/ArmGNUToolchain/13.2.Rel1/arm-none-eabi/bin/../lib/gcc/arm-none-eabi/13.2.1/../../../../arm-none-eabi/lib/thumb/v7e-m+dp/hard/libc_nano.a(libc_a-readr.o)
 .ARM.attributes
                0x0800d8f7       0x32 /Applications/ArmGNUToolchain/13.2.Rel1/arm-none-eabi/bin/../lib/gcc/arm-none-eabi/13.2.1/../../../../arm-none-eabi/lib/thumb/v7e-m+dp/hard/libc_nano.a(libc_a-signalr.o)
 .ARM.attributes
                0x0800d929       0x32 /Applications/ArmGNUToolchain/13.2.Rel1/arm-none-eabi/bin/../lib/gcc/arm-none-eabi/13.2.1/../../../../arm-none-eabi/lib/thumb/v7e-m+dp/hard/libc_nano.a(libc_a-sbrkr.o)
 .ARM.attributes
                0x0800d95b       0x32 /Applications/ArmGNUToolchain/13.2.Rel1/arm-none-eabi/bin/../lib/gcc/arm-none-eabi/13.2.1/../../../../arm-none-eabi/lib/thumb/v7e-m+dp/hard/libc_nano.a(libc_a-writer.o)
 .ARM.attributes
                0x0800d98d       0x1c /Applications/ArmGNUToolchain/13.2.Rel1/arm-none-eabi/bin/../lib/gcc/arm-none-eabi/13.2.1/../../../../arm-none-eabi/lib/thumb/v7e-m+dp/hard/libc_nano.a(libc_a-memchr.o)
 .ARM.attributes
                0x0800d9a9       0x32 /Applications/ArmGNUToolchain/13.2.Rel1/arm-none-eabi/bin/../lib/gcc/arm-none-eabi/13.2.1/../../../../arm-none-eabi/lib/thumb/v7e-m+dp/hard/libc_nano.a(libc_a-freer.o)
 .ARM.attributes
                0x0800d9db       0x20 /Applications/ArmGNUToolchain/13.2.Rel1/arm-none-eabi/bin/../lib/gcc/arm-none-eabi/13.2.1/thumb/v7e-m+dp/hard/libgcc.a(_arm_addsubdf3.o)
 .ARM.attributes
                0x0800d9fb       0x32 /Applications/ArmGNUToolchain/13.2.Rel1/arm-none-eabi/bin/../lib/gcc/arm-none-eabi/13.2.1/../../../../arm-none-eabi/lib/thumb/v7e-m+dp/hard/libnosys.a(close.o)
 .ARM.attributes
                0x0800da2d       0x32 /Applications/ArmGNUToolchain/13.2.Rel1/arm-none-eabi/bin/../lib/gcc/arm-none-eabi/13.2.1/../../../../arm-none-eabi/lib/thumb/v7e-m+dp/hard/libnosys.a(fstat.o)
 .ARM.attributes
                0x0800da5f       0x32 /Applications/ArmGNUToolchain/13.2.Rel1/arm-none-eabi/bin/../lib/gcc/arm-none-eabi/13.2.1/../../../../arm-none-eabi/lib/thumb/v7e-m+dp/hard/libnosys.a(getpid.o)
 .ARM.attributes
                0x0800da91       0x32 /Applications/ArmGNUToolchain/13.2.Rel1/arm-none-eabi/bin/../lib/gcc/arm-none-eabi/13.2.1/../../../../arm-none-eabi/lib/thumb/v7e-m+dp/hard/libnosys.a(isatty.o)
 .ARM.attributes
                0x0800dac3       0x32 /Applications/ArmGNUToolchain/13.2.Rel1/arm-none-eabi/bin/../lib/gcc/arm-none-eabi/13.2.1/../../../../arm-none-eabi/lib/thumb/v7e-m+dp/hard/libnosys.a(kill.o)
 .ARM.attributes
                0x0800daf5       0x32 /Applications/ArmGNUToolchain/13.2.Rel1/arm-none-eabi/bin/../lib/gcc/arm-none-eabi/13.2.1/../../../../arm-none-eabi/lib/thumb/v7e-m+dp/hard/libnosys.a(lseek.o)
 .ARM.attributes
                0x0800db27       0x32 /Applications/ArmGNUToolchain/13.2.Rel1/arm-none-eabi/bin/../lib/gcc/arm-none-eabi/13.2.1/../../../../arm-none-eabi/lib/thumb/v7e-m+dp/hard/libnosys.a(sbrk.o)
 .ARM.attributes
                0x0800db59       0x32 /Applications/ArmGNUToolchain/13.2.Rel1/arm-none-eabi/bin/../lib/gcc/arm-none-eabi/13.2.1/../../../../arm-none-eabi/lib/thumb/v7e-m+dp/hard/libnosys.a(_exit.o)
 .ARM.attributes
                0x0800db8b       0x32 /Applications/ArmGNUToolchain/13.2.Rel1/arm-none-eabi/bin/../lib/gcc/arm-none-eabi/13.2.1/thumb/v7e-m+dp/hard/crtend.o
 .ARM.attributes
                0x0800dbbd       0x20 /Applications/ArmGNUToolchain/13.2.Rel1/arm-none-eabi/bin/../lib/gcc/arm-none-eabi/13.2.1/thumb/v7e-m+dp/hard/crtn.o

.preinit_array  0x0800ca48        0x0
                0x0800ca48                        PROVIDE (__preinit_array_start = .)
 *(.preinit_array*)
                0x0800ca48                        PROVIDE (__preinit_array_end = .)

.init_array     0x0800ca48        0xc
                0x0800ca48                        PROVIDE (__init_array_start = .)
 *(SORT_BY_NAME(.init_array.*))
 *(.init_array*)
 .init_array    0x0800ca48        0x4 /Applications/ArmGNUToolchain/13.2.Rel1/arm-none-eabi/bin/../lib/gcc/arm-none-eabi/13.2.1/thumb/v7e-m+dp/hard/crtbegin.o
 .init_array    0x0800ca4c        0x4 build/recorder.no-line-in/app.elf/app/main.o
 .init_array    0x0800ca50        0x4 build/recorder.no-line-in/app.elf/drivers/system.o
                0x0800ca54                        PROVIDE (__init_array_end = .)

.fini_array     0x0800ca54        0x4
                [!provide]                        PROVIDE (__fini_array_start = .)
 *(.fini_array*)
 .fini_array    0x0800ca54        0x4 /Applications/ArmGNUToolchain/13.2.Rel1/arm-none-eabi/bin/../lib/gcc/arm-none-eabi/13.2.1/thumb/v7e-m+dp/hard/crtbegin.o
 *(SORT_BY_NAME(.fini_array.*))
                [!provide]                        PROVIDE (__fini_array_end = .)

.data           0x20000000       0x8c load address 0x0800ca58
                0x20000000                        . = ALIGN (0x4)
                0x20000000                        _sdata = .
                [!provide]                        PROVIDE (__data_start__ = _sdata)
 *(.data)
 *(.data*)
 .data._ZN8recorder12SampleMemoryIDhE10link_info_E
                0x20000000       0x24 build/recorder.no-line-in/app.elf/app/main.o
                0x20000000                recorder::SampleMemory<half>::link_info_
 .data._ZN8recorder9buttonIDsE
                0x20000024        0x4 build/recorder.no-line-in/app.elf/app/main.o
                0x20000024                recorder::buttonIDs
 .data.SystemD2Clock
                0x20000028        0x4 build/recorder.no-line-in/app.elf/libDaisy/src/sys/system_stm32h7xx.o
                0x20000028                SystemD2Clock
 .data.SystemCoreClock
                0x2000002c        0x4 build/recorder.no-line-in/app.elf/libDaisy/src/sys/system_stm32h7xx.o
                0x2000002c                SystemCoreClock
 .data.__sglue  0x20000030        0xc /Applications/ArmGNUToolchain/13.2.Rel1/arm-none-eabi/bin/../lib/gcc/arm-none-eabi/13.2.1/../../../../arm-none-eabi/lib/thumb/v7e-m+dp/hard/libc_nano.a(libc_a-findfp.o)
                0x20000030                __sglue
 .data._impure_ptr
                0x2000003c        0x4 /Applications/ArmGNUToolchain/13.2.Rel1/arm-none-eabi/bin/../lib/gcc/arm-none-eabi/13.2.1/../../../../arm-none-eabi/lib/thumb/v7e-m+dp/hard/libc_nano.a(libc_a-impure.o)
                0x2000003c                _impure_ptr
 .data._impure_data
                0x20000040       0x4c /Applications/ArmGNUToolchain/13.2.Rel1/arm-none-eabi/bin/../lib/gcc/arm-none-eabi/13.2.1/../../../../arm-none-eabi/lib/thumb/v7e-m+dp/hard/libc_nano.a(libc_a-impure.o)
                0x20000040                _impure_data
                0x2000008c                        . = ALIGN (0x4)
                0x2000008c                        _edata = .
                [!provide]                        PROVIDE (__data_end__ = _edata)
                0x0800ca58                        _sidata = LOADADDR (.data)

.tm_clone_table
                0x2000008c        0x0 load address 0x0800cae4
 .tm_clone_table
                0x2000008c        0x0 /Applications/ArmGNUToolchain/13.2.Rel1/arm-none-eabi/bin/../lib/gcc/arm-none-eabi/13.2.1/thumb/v7e-m+dp/hard/crtbegin.o
 .tm_clone_table
                0x2000008c        0x0 /Applications/ArmGNUToolchain/13.2.Rel1/arm-none-eabi/bin/../lib/gcc/arm-none-eabi/13.2.1/thumb/v7e-m+dp/hard/crtend.o

.igot.plt       0x2000008c        0x0 load address 0x0800cae4
 .igot.plt      0x2000008c        0x0 /Applications/ArmGNUToolchain/13.2.Rel1/arm-none-eabi/bin/../lib/gcc/arm-none-eabi/13.2.1/thumb/v7e-m+dp/hard/crtbegin.o

.bss            0x20000400    0x1154c load address 0x0800cae4
                0x20000400                        . = ALIGN (0x4)
                0x20000400                        _sbss = .
                0x20000400                        PROVIDE (__bss_start__ = _sbss)
 *(.bss)
 *(.bss*)
 .bss.completed.1
                0x20000400        0x1 /Applications/ArmGNUToolchain/13.2.Rel1/arm-none-eabi/bin/../lib/gcc/arm-none-eabi/13.2.1/thumb/v7e-m+dp/hard/crtbegin.o
 *fill*         0x20000401        0x3 
 .bss.object.0  0x20000404       0x18 /Applications/ArmGNUToolchain/13.2.Rel1/arm-none-eabi/bin/../lib/gcc/arm-none-eabi/13.2.1/thumb/v7e-m+dp/hard/crtbegin.o
 .bss._ZZN8recorder12StateMachineEbE19synthReleaseCounter
                0x2000041c        0x4 build/recorder.no-line-in/app.elf/app/main.o
 .bss._ZN8recorder17strum_idx_changedE
                0x20000420        0x1 build/recorder.no-line-in/app.elf/app/main.o
                0x20000420                recorder::strum_idx_changed
 *fill*         0x20000421        0x3 
 .bss._ZN8recorderL14last_strum_idxE
                0x20000424        0x4 build/recorder.no-line-in/app.elf/app/main.o
 .bss._ZN8recorder8monitor_E
                0x20000428      0x12c build/recorder.no-line-in/app.elf/app/main.o
                0x20000428                recorder::monitor_
 .bss._ZN8recorder3io_E
                0x20000554       0x2c build/recorder.no-line-in/app.elf/app/main.o
                0x20000554                recorder::io_
 .bss._ZN8recorder9playback_E
                0x20000580    0x10628 build/recorder.no-line-in/app.elf/app/main.o
                0x20000580                recorder::playback_
 .bss._ZN8recorder10recording_E
                0x20010ba8      0x144 build/recorder.no-line-in/app.elf/app/main.o
                0x20010ba8                recorder::recording_
 .bss._ZN8recorder14sample_memory_E
                0x20010cec       0x54 build/recorder.no-line-in/app.elf/app/main.o
                0x20010cec                recorder::sample_memory_
 .bss._ZN8recorder12play_button_E
                0x20010d40        0x4 build/recorder.no-line-in/app.elf/app/main.o
                0x20010d40                recorder::play_button_
 .bss._ZN8recorder17playback_timeout_E
                0x20010d44        0x4 build/recorder.no-line-in/app.elf/app/main.o
                0x20010d44                recorder::playback_timeout_
 .bss._ZN8recorder13idle_timeout_E
                0x20010d48        0x4 build/recorder.no-line-in/app.elf/app/main.o
                0x20010d48                recorder::idle_timeout_
 .bss._ZN8recorder6state_E
                0x20010d4c        0x1 build/recorder.no-line-in/app.elf/app/main.o
                0x20010d4c                recorder::state_
 *fill*         0x20010d4d        0x3 
 .bss._ZN8recorder7buttonsE
                0x20010d50       0x10 build/recorder.no-line-in/app.elf/app/main.o
                0x20010d50                recorder::buttons
 .bss._ZN8recorder9button_4_E
                0x20010d60        0x4 build/recorder.no-line-in/app.elf/app/main.o
                0x20010d60                recorder::button_4_
 .bss._ZN8recorder9button_3_E
                0x20010d64        0x4 build/recorder.no-line-in/app.elf/app/main.o
                0x20010d64                recorder::button_3_
 .bss._ZN8recorder9button_2_E
                0x20010d68        0x4 build/recorder.no-line-in/app.elf/app/main.o
                0x20010d68                recorder::button_2_
 .bss._ZN8recorder9button_1_E
                0x20010d6c        0x4 build/recorder.no-line-in/app.elf/app/main.o
                0x20010d6c                recorder::button_1_
 .bss._ZN8recorder14jingle_engine_E
                0x20010d70       0x18 build/recorder.no-line-in/app.elf/app/main.o
                0x20010d70                recorder::jingle_engine_
 .bss._ZN8recorder13synth_engine_E
                0x20010d88      0x20c build/recorder.no-line-in/app.elf/app/main.o
                0x20010d88                recorder::synth_engine_
 .bss._ZN8recorder15synth_inactive_E